scons: Reading SConscript files ...
Checking for linker -Wl,--as-needed support... (cached) yes
Checking for compiler -Wno-free-nonheap-object support... (cached) yes
Checking for compiler -gz support... (cached) yes
Checking for linker -gz support... (cached) yes
Info: Using Python config: python3-config
Checking for C header file Python.h... (cached) yes
Checking Python version... (cached) 3.10.2
Checking for accept(0,0,0) in C++ library None... (cached) yes
Checking for zlibVersion() in C++ library z... (cached) yes
Checking for C library tcmalloc... (cached) no
Checking for C library tcmalloc_minimal... (cached) no
Warning: You can get a 12% performance improvement by installing tcmalloc
         (libgoogle-perftools-dev package on Ubuntu or RedHat).
Checking for char temp; backtrace_symbols_fd((void *)&temp, 0, 0) in C library None... (cached) yes
Checking for C header file linux/kvm.h... (cached) yes
Checking for timer_create(CLOCK_MONOTONIC, NULL, NULL) in C library None... (cached) yes
Checking size of struct kvm_xsave ... (cached) yes
Checking for member exclude_host in struct perf_event_attr...(cached) yes
Warning: While checking protoc version: [Errno 2] No such file or directory:
         'protoc'
Warning: Protocol buffer compiler (protoc) not found.
         Please install protobuf-compiler for tracing support.
Checking for C header file fenv.h... (cached) yes
Checking for C header file png.h... (cached) yes
Checking for clock_nanosleep(0,0,NULL,NULL) in C library None... (cached) yes
Checking for C header file valgrind/valgrind.h... (cached) no
Checking for pkg-config package hdf5-serial... (cached) no
Checking for pkg-config package hdf5... (cached) no
Checking for H5Fcreate("", 0, 0, 0) in C library hdf5... (cached) no
Warning: Couldn't find HDF5 C++ libraries. Disabling HDF5 support.
Checking for C header file linux/if_tun.h... (cached) yes
Checking for shm_open("/test", 0, 0) in C library None... (cached) yes
Checking whether __i386__ is declared... (cached) no
Checking whether __x86_64__ is declared... (cached) yes
Building in /home/kabuse/Documents/gem5-rowhammer/build/X86
Using saved variables file /home/kabuse/Documents/gem5-rowhammer/build/variables/X86
Checking for compiler -Wno-self-assign-overloaded support... (cached) yes
scons: done reading SConscript files.
scons: Building targets ...
 [     CXX] X86/arch/x86/generated/decoder.cc -> .o
 [     CXX] X86/arch/x86/generated/inst-constrs.cc -> .o
 [     CXX] X86/arch/x86/generated/generic_cpu_exec.cc -> .o
 [     CXX] X86/arch/x86/linux/syscall_tbl32.cc -> .o
 [     CXX] X86/arch/x86/linux/syscall_tbl64.cc -> .o
 [VER TAGS]  -> X86/sim/tags.cc
 [     CXX] X86/sim/init.cc -> .o
 [     CXX] X86/sim/kernel_workload.cc -> .o
 [     CXX] X86/sim/root.cc -> .o
 [     CXX] X86/sim/serialize.cc -> .o
In file included from build/X86/base/cprintf.hh:38,
                 from build/X86/base/logging.hh:50,
                 from build/X86/sim/serialize.hh:60,
                 from build/X86/sim/serialize.cc:43:
build/X86/base/cprintf_formats.hh: In instantiation of 'void gem5::cp::_formatString(std::ostream&, const T&, gem5::cp::Format&) [with T = std::__cxx11::basic_string<char>; std::ostream = std::basic_ostream<char>]':
build/X86/base/cprintf_formats.hh:395:18:   required from 'void gem5::cp::formatString(std::ostream&, const T&, gem5::cp::Format&) [with T = std::__cxx11::basic_string<char>; std::ostream = std::basic_ostream<char>]'
build/X86/base/cprintf.hh:115:25:   required from 'void gem5::cp::Print::addArg(const T&) [with T = std::__cxx11::basic_string<char>]'
build/X86/base/cprintf.hh:139:17:   required from 'void gem5::ccprintf(gem5::cp::Print&, const T&, const Args& ...) [with T = std::__cxx11::basic_string<char>; Args = {}]'
build/X86/base/cprintf.hh:150:13:   required from 'void gem5::ccprintf(std::ostream&, const char*, const Args& ...) [with Args = {std::__cxx11::basic_string<char, std::char_traits<char>, std::allocator<char> >}; std::ostream = std::basic_ostream<char>]'
build/X86/base/logging.hh:102:17:   required from 'void gem5::Logger::print(const gem5::Logger::Loc&, const char*, const Args& ...) [with Args = {std::__cxx11::basic_string<char, std::char_traits<char>, std::allocator<char> >}]'
build/X86/sim/serialize.cc:93:13:   required from here
build/X86/base/cprintf_formats.hh:245:19: warning: catching polymorphic type 'class std::exception' by value [-Wcatch-value=]
  245 |     } catch (std::exception) {
      |                   ^~~~~~~~~
build/X86/base/cprintf_formats.hh: In instantiation of 'void gem5::cp::_formatString(std::ostream&, const T&, gem5::cp::Format&) [with T = const char*; std::ostream = std::basic_ostream<char>]':
build/X86/base/cprintf_formats.hh:395:18:   required from 'void gem5::cp::formatString(std::ostream&, const T&, gem5::cp::Format&) [with T = const char*; std::ostream = std::basic_ostream<char>]'
build/X86/base/cprintf.hh:115:25:   required from 'void gem5::cp::Print::addArg(const T&) [with T = const char*]'
build/X86/base/cprintf.hh:139:17:   required from 'void gem5::ccprintf(gem5::cp::Print&, const T&, const Args& ...) [with T = const char*; Args = {}]'
build/X86/base/cprintf.hh:150:13:   required from 'void gem5::ccprintf(std::ostream&, const char*, const Args& ...) [with Args = {const char*}; std::ostream = std::basic_ostream<char>]'
build/X86/base/logging.hh:102:17:   required from 'void gem5::Logger::print(const gem5::Logger::Loc&, const char*, const Args& ...) [with Args = {const char*}]'
build/X86/sim/serialize.cc:99:9:   required from here
build/X86/base/cprintf_formats.hh:245:19: warning: catching polymorphic type 'class std::exception' by value [-Wcatch-value=]
build/X86/base/cprintf_formats.hh: In instantiation of 'void gem5::cp::_formatString(std::ostream&, const T&, gem5::cp::Format&) [with T = long unsigned int; std::ostream = std::basic_ostream<char>]':
build/X86/base/cprintf_formats.hh:395:18:   required from 'void gem5::cp::formatString(std::ostream&, const T&, gem5::cp::Format&) [with T = long unsigned int; std::ostream = std::basic_ostream<char>]'
build/X86/base/cprintf.hh:115:25:   required from 'void gem5::cp::Print::addArg(const T&) [with T = long unsigned int]'
build/X86/base/cprintf.hh:139:17:   required from 'void gem5::ccprintf(gem5::cp::Print&, const T&, const Args& ...) [with T = long unsigned int; Args = {}]'
build/X86/base/cprintf.hh:150:13:   required from 'void gem5::ccprintf(std::ostream&, const char*, const Args& ...) [with Args = {long unsigned int}; std::ostream = std::basic_ostream<char>]'
build/X86/base/cprintf.hh:164:13:   required from 'std::string gem5::csprintf(const char*, const Args& ...) [with Args = {long unsigned int}; std::string = std::__cxx11::basic_string<char>]'
build/X86/base/cprintf.hh:188:20:   required from 'std::string gem5::csprintf(const string&, const Args& ...) [with Args = {long unsigned int}; std::string = std::__cxx11::basic_string<char>]'
build/X86/sim/serialize.cc:147:17:   required from here
build/X86/base/cprintf_formats.hh:245:19: warning: catching polymorphic type 'class std::exception' by value [-Wcatch-value=]
In file included from build/X86/base/cprintf.hh:38,
                 from build/X86/base/logging.hh:50,
                 from build/X86/sim/root.cc:43:
build/X86/base/cprintf_formats.hh: In instantiation of 'void gem5::cp::_formatString(std::ostream&, const T&, gem5::cp::Format&) [with T = double; std::ostream = std::basic_ostream<char>]':
build/X86/base/cprintf_formats.hh:395:18:   required from 'void gem5::cp::formatString(std::ostream&, const T&, gem5::cp::Format&) [with T = double; std::ostream = std::basic_ostream<char>]'
build/X86/base/cprintf.hh:115:25:   required from 'void gem5::cp::Print::addArg(const T&) [with T = double]'
build/X86/base/cprintf.hh:139:17:   required from 'void gem5::ccprintf(gem5::cp::Print&, const T&, const Args& ...) [with T = double; Args = {}]'
build/X86/base/cprintf.hh:150:13:   required from 'void gem5::ccprintf(std::ostream&, const char*, const Args& ...) [with Args = {double}; std::ostream = std::basic_ostream<char>]'
build/X86/base/cprintf.hh:164:13:   required from 'std::string gem5::csprintf(const char*, const Args& ...) [with Args = {double}; std::string = std::__cxx11::basic_string<char>]'
build/X86/base/stats/storage.hh:277:13:   required from here
build/X86/base/cprintf_formats.hh:245:19: warning: catching polymorphic type 'class std::exception' by value [-Wcatch-value=]
  245 |     } catch (std::exception) {
      |                   ^~~~~~~~~
build/X86/base/cprintf_formats.hh: In instantiation of 'void gem5::cp::_formatString(std::ostream&, const T&, gem5::cp::Format&) [with T = std::__cxx11::basic_string<char>; std::ostream = std::basic_ostream<char>]':
build/X86/base/cprintf_formats.hh:395:18:   required from 'void gem5::cp::formatString(std::ostream&, const T&, gem5::cp::Format&) [with T = std::__cxx11::basic_string<char>; std::ostream = std::basic_ostream<char>]'
build/X86/base/cprintf.hh:115:25:   required from 'void gem5::cp::Print::addArg(const T&) [with T = std::__cxx11::basic_string<char>]'
build/X86/base/cprintf.hh:139:17:   required from 'void gem5::ccprintf(gem5::cp::Print&, const T&, const Args& ...) [with T = std::__cxx11::basic_string<char>; Args = {}]'
build/X86/base/cprintf.hh:150:13:   required from 'void gem5::ccprintf(std::ostream&, const char*, const Args& ...) [with Args = {std::__cxx11::basic_string<char, std::char_traits<char>, std::allocator<char> >}; std::ostream = std::basic_ostream<char>]'
build/X86/base/logging.hh:102:17:   required from 'void gem5::Logger::print(const gem5::Logger::Loc&, const char*, const Args& ...) [with Args = {std::__cxx11::basic_string<char, std::char_traits<char>, std::allocator<char> >}]'
build/X86/base/stats/storage.hh:277:13:   required from here
build/X86/base/cprintf_formats.hh:245:19: warning: catching polymorphic type 'class std::exception' by value [-Wcatch-value=]
build/X86/base/cprintf_formats.hh: In instantiation of 'void gem5::cp::_formatString(std::ostream&, const T&, gem5::cp::Format&) [with T = const char*; std::ostream = std::basic_ostream<char>]':
build/X86/base/cprintf_formats.hh:395:18:   required from 'void gem5::cp::formatString(std::ostream&, const T&, gem5::cp::Format&) [with T = const char*; std::ostream = std::basic_ostream<char>]'
build/X86/base/cprintf.hh:115:25:   required from 'void gem5::cp::Print::addArg(const T&) [with T = const char*]'
build/X86/base/cprintf.hh:139:17:   required from 'void gem5::ccprintf(gem5::cp::Print&, const T&, const Args& ...) [with T = const char*; Args = {std::__cxx11::basic_string<char, std::char_traits<char>, std::allocator<char> >}]'
build/X86/base/cprintf.hh:150:13:   required from 'void gem5::ccprintf(std::ostream&, const char*, const Args& ...) [with Args = {const char*, std::__cxx11::basic_string<char, std::char_traits<char>, std::allocator<char> >}; std::ostream = std::basic_ostream<char>]'
build/X86/base/cprintf.hh:164:13:   required from 'std::string gem5::csprintf(const char*, const Args& ...) [with Args = {const char*, std::__cxx11::basic_string<char, std::char_traits<char>, std::allocator<char> >}; std::string = std::__cxx11::basic_string<char>]'
build/X86/base/statistics.hh:278:13:   required from 'gem5::statistics::DataWrap<Derived, InfoProxyType>::DataWrap(gem5::statistics::Group*, const char*, const gem5::statistics::units::Base*, const char*) [with Derived = gem5::statistics::Scalar; InfoProxyType = gem5::statistics::ScalarInfoProxy]'
build/X86/base/statistics.hh:565:70:   required from 'gem5::statistics::ScalarBase<Derived, Stor>::ScalarBase(gem5::statistics::Group*, const char*, const gem5::statistics::units::Base*, const char*) [with Derived = gem5::statistics::Scalar; Stor = gem5::statistics::StatStor]'
build/X86/base/statistics.hh:1937:68:   required from here
build/X86/base/cprintf_formats.hh:245:19: warning: catching polymorphic type 'class std::exception' by value [-Wcatch-value=]
In file included from build/X86/base/cprintf.hh:38,
                 from build/X86/sim/init.cc:49:
build/X86/base/cprintf_formats.hh: In instantiation of 'void gem5::cp::_formatString(std::ostream&, const T&, gem5::cp::Format&) [with T = std::__cxx11::basic_string<char>; std::ostream = std::basic_ostream<char>]':
build/X86/base/cprintf_formats.hh:395:18:   required from 'void gem5::cp::formatString(std::ostream&, const T&, gem5::cp::Format&) [with T = std::__cxx11::basic_string<char>; std::ostream = std::basic_ostream<char>]'
build/X86/base/cprintf.hh:115:25:   required from 'void gem5::cp::Print::addArg(const T&) [with T = std::__cxx11::basic_string<char>]'
build/X86/base/cprintf.hh:139:17:   required from 'void gem5::ccprintf(gem5::cp::Print&, const T&, const Args& ...) [with T = std::__cxx11::basic_string<char>; Args = {}]'
build/X86/base/cprintf.hh:150:13:   required from 'void gem5::ccprintf(std::ostream&, const char*, const Args& ...) [with Args = {std::__cxx11::basic_string<char, std::char_traits<char>, std::allocator<char> >}; std::ostream = std::basic_ostream<char>]'
build/X86/base/cprintf.hh:157:13:   required from 'void gem5::cprintf(const char*, const Args& ...) [with Args = {std::__cxx11::basic_string<char, std::char_traits<char>, std::allocator<char> >}]'
build/X86/sim/init.cc:78:16:   required from here
build/X86/base/cprintf_formats.hh:245:19: warning: catching polymorphic type 'class std::exception' by value [-Wcatch-value=]
  245 |     } catch (std::exception) {
      |                   ^~~~~~~~~
In file included from build/X86/base/cprintf.hh:38,
                 from build/X86/base/logging.hh:50,
                 from build/X86/base/loader/memory_image.hh:41,
                 from build/X86/base/loader/image_file.hh:37,
                 from build/X86/base/loader/object_file.hh:35,
                 from build/X86/sim/kernel_workload.hh:34,
                 from build/X86/sim/kernel_workload.cc:28:
build/X86/base/cprintf_formats.hh: In instantiation of 'void gem5::cp::_formatString(std::ostream&, const T&, gem5::cp::Format&) [with T = std::__cxx11::basic_string<char>; std::ostream = std::basic_ostream<char>]':
build/X86/base/cprintf_formats.hh:395:18:   required from 'void gem5::cp::formatString(std::ostream&, const T&, gem5::cp::Format&) [with T = std::__cxx11::basic_string<char>; std::ostream = std::basic_ostream<char>]'
build/X86/base/cprintf.hh:115:25:   required from 'void gem5::cp::Print::addArg(const T&) [with T = std::__cxx11::basic_string<char>]'
build/X86/base/cprintf.hh:139:17:   required from 'void gem5::ccprintf(gem5::cp::Print&, const T&, const Args& ...) [with T = std::__cxx11::basic_string<char>; Args = {long unsigned int, long unsigned int}]'
build/X86/base/cprintf.hh:150:13:   required from 'void gem5::ccprintf(std::ostream&, const char*, const Args& ...) [with Args = {std::__cxx11::basic_string<char, std::char_traits<char>, std::allocator<char> >, long unsigned int, long unsigned int}; std::ostream = std::basic_ostream<char>]'
build/X86/base/loader/memory_image.hh:169:13:   required from here
build/X86/base/cprintf_formats.hh:245:19: warning: catching polymorphic type 'class std::exception' by value [-Wcatch-value=]
  245 |     } catch (std::exception) {
      |                   ^~~~~~~~~
build/X86/base/cprintf_formats.hh: In instantiation of 'void gem5::cp::_formatString(std::ostream&, const T&, gem5::cp::Format&) [with T = long unsigned int; std::ostream = std::basic_ostream<char>]':
build/X86/base/cprintf_formats.hh:395:18:   required from 'void gem5::cp::formatString(std::ostream&, const T&, gem5::cp::Format&) [with T = long unsigned int; std::ostream = std::basic_ostream<char>]'
build/X86/base/cprintf.hh:115:25:   required from 'void gem5::cp::Print::addArg(const T&) [with T = long unsigned int]'
build/X86/base/cprintf.hh:139:17:   required from 'void gem5::ccprintf(gem5::cp::Print&, const T&, const Args& ...) [with T = long unsigned int; Args = {long unsigned int}]'
build/X86/base/cprintf.hh:150:13:   required from 'void gem5::ccprintf(std::ostream&, const char*, const Args& ...) [with Args = {long unsigned int, long unsigned int}; std::ostream = std::basic_ostream<char>]'
build/X86/arch/generic/pcstate.hh:292:17:   required from here
build/X86/base/cprintf_formats.hh:245:19: warning: catching polymorphic type 'class std::exception' by value [-Wcatch-value=]
build/X86/base/cprintf_formats.hh: In instantiation of 'void gem5::cp::_formatString(std::ostream&, const T&, gem5::cp::Format&) [with T = double; std::ostream = std::basic_ostream<char>]':
build/X86/base/cprintf_formats.hh:395:18:   required from 'void gem5::cp::formatString(std::ostream&, const T&, gem5::cp::Format&) [with T = double; std::ostream = std::basic_ostream<char>]'
build/X86/base/cprintf.hh:115:25:   required from 'void gem5::cp::Print::addArg(const T&) [with T = double]'
build/X86/base/cprintf.hh:139:17:   required from 'void gem5::ccprintf(gem5::cp::Print&, const T&, const Args& ...) [with T = double; Args = {}]'
build/X86/base/cprintf.hh:150:13:   required from 'void gem5::ccprintf(std::ostream&, const char*, const Args& ...) [with Args = {double}; std::ostream = std::basic_ostream<char>]'
build/X86/base/cprintf.hh:164:13:   required from 'std::string gem5::csprintf(const char*, const Args& ...) [with Args = {double}; std::string = std::__cxx11::basic_string<char>]'
build/X86/base/stats/storage.hh:277:13:   required from here
build/X86/base/cprintf_formats.hh:245:19: warning: catching polymorphic type 'class std::exception' by value [-Wcatch-value=]
build/X86/base/cprintf_formats.hh: In instantiation of 'void gem5::cp::_formatString(std::ostream&, const T&, gem5::cp::Format&) [with T = unsigned char; std::ostream = std::basic_ostream<char>]':
build/X86/base/cprintf_formats.hh:395:18:   required from 'void gem5::cp::formatString(std::ostream&, const T&, gem5::cp::Format&) [with T = unsigned char; std::ostream = std::basic_ostream<char>]'
build/X86/base/cprintf.hh:115:25:   required from 'void gem5::cp::Print::addArg(const T&) [with T = unsigned char]'
build/X86/base/cprintf.hh:139:17:   required from 'void gem5::ccprintf(gem5::cp::Print&, const T&, const Args& ...) [with T = unsigned char; Args = {long unsigned int}]'
build/X86/base/cprintf.hh:150:13:   required from 'void gem5::ccprintf(std::ostream&, const char*, const Args& ...) [with Args = {unsigned char, long unsigned int}; std::ostream = std::basic_ostream<char>]'
build/X86/base/cprintf.hh:164:13:   required from 'std::string gem5::csprintf(const char*, const Args& ...) [with Args = {unsigned char, long unsigned int}; std::string = std::__cxx11::basic_string<char>]'
build/X86/base/addr_range.hh:189:9:   required from here
build/X86/base/cprintf_formats.hh:245:19: warning: catching polymorphic type 'class std::exception' by value [-Wcatch-value=]
build/X86/base/cprintf_formats.hh: In instantiation of 'void gem5::cp::_formatString(std::ostream&, const T&, gem5::cp::Format&) [with T = int; std::ostream = std::basic_ostream<char>]':
build/X86/base/cprintf_formats.hh:395:18:   required from 'void gem5::cp::formatString(std::ostream&, const T&, gem5::cp::Format&) [with T = int; std::ostream = std::basic_ostream<char>]'
build/X86/base/cprintf.hh:115:25:   required from 'void gem5::cp::Print::addArg(const T&) [with T = int]'
build/X86/base/cprintf.hh:139:17:   required from 'void gem5::ccprintf(gem5::cp::Print&, const T&, const Args& ...) [with T = int; Args = {}]'
build/X86/base/cprintf.hh:150:13:   required from 'void gem5::ccprintf(std::ostream&, const char*, const Args& ...) [with Args = {int}; std::ostream = std::basic_ostream<char>]'
build/X86/base/cprintf.hh:164:13:   required from 'std::string gem5::csprintf(const char*, const Args& ...) [with Args = {int}; std::string = std::__cxx11::basic_string<char>]'
build/X86/base/addr_range.hh:370:36:   required from here
build/X86/base/cprintf_formats.hh:245:19: warning: catching polymorphic type 'class std::exception' by value [-Wcatch-value=]
build/X86/base/cprintf_formats.hh: In instantiation of 'void gem5::cp::_formatString(std::ostream&, const T&, gem5::cp::Format&) [with T = unsigned int; std::ostream = std::basic_ostream<char>]':
build/X86/base/cprintf_formats.hh:395:18:   required from 'void gem5::cp::formatString(std::ostream&, const T&, gem5::cp::Format&) [with T = unsigned int; std::ostream = std::basic_ostream<char>]'
build/X86/base/cprintf.hh:115:25:   required from 'void gem5::cp::Print::addArg(const T&) [with T = unsigned int]'
build/X86/base/cprintf.hh:139:17:   required from 'void gem5::ccprintf(gem5::cp::Print&, const T&, const Args& ...) [with T = unsigned int; Args = {}]'
build/X86/base/cprintf.hh:150:13:   required from 'void gem5::ccprintf(std::ostream&, const char*, const Args& ...) [with Args = {unsigned int}; std::ostream = std::basic_ostream<char>]'
build/X86/base/cprintf.hh:164:13:   required from 'std::string gem5::csprintf(const char*, const Args& ...) [with Args = {unsigned int}; std::string = std::__cxx11::basic_string<char>]'
build/X86/arch/x86/regs/misc.hh:909:13:   required from here
build/X86/base/cprintf_formats.hh:245:19: warning: catching polymorphic type 'class std::exception' by value [-Wcatch-value=]
build/X86/base/cprintf_formats.hh: In instantiation of 'void gem5::cp::_formatString(std::ostream&, const T&, gem5::cp::Format&) [with T = long int; std::ostream = std::basic_ostream<char>]':
build/X86/base/cprintf_formats.hh:395:18:   required from 'void gem5::cp::formatString(std::ostream&, const T&, gem5::cp::Format&) [with T = long int; std::ostream = std::basic_ostream<char>]'
build/X86/base/cprintf.hh:115:25:   required from 'void gem5::cp::Print::addArg(const T&) [with T = long int]'
build/X86/base/cprintf.hh:139:17:   required from 'void gem5::ccprintf(gem5::cp::Print&, const T&, const Args& ...) [with T = long int; Args = {long unsigned int}]'
build/X86/base/cprintf.hh:150:13:   required from 'void gem5::ccprintf(std::ostream&, const char*, const Args& ...) [with Args = {long int, long unsigned int}; std::ostream = std::basic_ostream<char>]'
build/X86/base/cprintf.hh:164:13:   required from 'std::string gem5::csprintf(const char*, const Args& ...) [with Args = {long int, long unsigned int}; std::string = std::__cxx11::basic_string<char>]'
build/X86/base/addr_range.hh:123:13:   required from 'gem5::AddrRange::AddrRange(gem5::AddrRange::Dummy, Iterator, Iterator) [with Iterator = __gnu_cxx::__normal_iterator<gem5::AddrRange*, std::vector<gem5::AddrRange> >]'
build/X86/base/addr_range.hh:271:58:   required from here
build/X86/base/cprintf_formats.hh:245:19: warning: catching polymorphic type 'class std::exception' by value [-Wcatch-value=]
build/X86/base/cprintf_formats.hh: In instantiation of 'void gem5::cp::_formatString(std::ostream&, const T&, gem5::cp::Format&) [with T = char [10]; std::ostream = std::basic_ostream<char>]':
build/X86/base/cprintf_formats.hh:395:18:   required from 'void gem5::cp::formatString(std::ostream&, const T&, gem5::cp::Format&) [with T = char [10]; std::ostream = std::basic_ostream<char>]'
build/X86/base/cprintf.hh:115:25:   required from 'void gem5::cp::Print::addArg(const T&) [with T = char [10]]'
build/X86/base/cprintf.hh:139:17:   required from 'void gem5::ccprintf(gem5::cp::Print&, const T&, const Args& ...) [with T = char [10]; Args = {}]'
build/X86/base/cprintf.hh:141:13:   required from 'void gem5::ccprintf(gem5::cp::Print&, const T&, const Args& ...) [with T = std::__cxx11::basic_string<char>; Args = {char [10]}]'
build/X86/base/cprintf.hh:150:13:   required from 'void gem5::ccprintf(std::ostream&, const char*, const Args& ...) [with Args = {std::__cxx11::basic_string<char, std::char_traits<char>, std::allocator<char> >, char [10]}; std::ostream = std::basic_ostream<char>]'
build/X86/base/logging.hh:102:17:   required from 'void gem5::Logger::print(const gem5::Logger::Loc&, const char*, const Args& ...) [with Args = {std::__cxx11::basic_string<char, std::char_traits<char>, std::allocator<char> >, char [10]}]'
build/X86/mem/port.hh:445:9:   required from here
build/X86/base/cprintf_formats.hh:245:19: warning: catching polymorphic type 'class std::exception' by value [-Wcatch-value=]
build/X86/base/cprintf_formats.hh: In instantiation of 'void gem5::cp::_formatString(std::ostream&, const T&, gem5::cp::Format&) [with T = const char*; std::ostream = std::basic_ostream<char>]':
build/X86/base/cprintf_formats.hh:395:18:   required from 'void gem5::cp::formatString(std::ostream&, const T&, gem5::cp::Format&) [with T = const char*; std::ostream = std::basic_ostream<char>]'
build/X86/base/cprintf.hh:115:25:   required from 'void gem5::cp::Print::addArg(const T&) [with T = const char*]'
build/X86/base/cprintf.hh:139:17:   required from 'void gem5::ccprintf(gem5::cp::Print&, const T&, const Args& ...) [with T = const char*; Args = {std::__cxx11::basic_string<char, std::char_traits<char>, std::allocator<char> >}]'
build/X86/base/cprintf.hh:150:13:   required from 'void gem5::ccprintf(std::ostream&, const char*, const Args& ...) [with Args = {const char*, std::__cxx11::basic_string<char, std::char_traits<char>, std::allocator<char> >}; std::ostream = std::basic_ostream<char>]'
build/X86/base/cprintf.hh:164:13:   required from 'std::string gem5::csprintf(const char*, const Args& ...) [with Args = {const char*, std::__cxx11::basic_string<char, std::char_traits<char>, std::allocator<char> >}; std::string = std::__cxx11::basic_string<char>]'
build/X86/base/statistics.hh:278:13:   required from 'gem5::statistics::DataWrap<Derived, InfoProxyType>::DataWrap(gem5::statistics::Group*, const char*, const gem5::statistics::units::Base*, const char*) [with Derived = gem5::statistics::Scalar; InfoProxyType = gem5::statistics::ScalarInfoProxy]'
build/X86/base/statistics.hh:565:70:   required from 'gem5::statistics::ScalarBase<Derived, Stor>::ScalarBase(gem5::statistics::Group*, const char*, const gem5::statistics::units::Base*, const char*) [with Derived = gem5::statistics::Scalar; Stor = gem5::statistics::StatStor]'
build/X86/base/statistics.hh:1937:68:   required from here
build/X86/base/cprintf_formats.hh:245:19: warning: catching polymorphic type 'class std::exception' by value [-Wcatch-value=]
 [     CXX] X86/sim/drain.cc -> .o
In file included from build/X86/base/cprintf.hh:38,
                 from build/X86/base/logging.hh:50,
                 from build/X86/sim/drain.cc:42:
build/X86/base/cprintf_formats.hh: In instantiation of 'void gem5::cp::_formatString(std::ostream&, const T&, gem5::cp::Format&) [with T = std::__cxx11::basic_string<char>; std::ostream = std::basic_ostream<char>]':
build/X86/base/cprintf_formats.hh:395:18:   required from 'void gem5::cp::formatString(std::ostream&, const T&, gem5::cp::Format&) [with T = std::__cxx11::basic_string<char>; std::ostream = std::basic_ostream<char>]'
build/X86/base/cprintf.hh:115:25:   required from 'void gem5::cp::Print::addArg(const T&) [with T = std::__cxx11::basic_string<char>]'
build/X86/base/cprintf.hh:139:17:   required from 'void gem5::ccprintf(gem5::cp::Print&, const T&, const Args& ...) [with T = std::__cxx11::basic_string<char>; Args = {}]'
build/X86/base/cprintf.hh:150:13:   required from 'void gem5::ccprintf(std::ostream&, const char*, const Args& ...) [with Args = {std::__cxx11::basic_string<char, std::char_traits<char>, std::allocator<char> >}; std::ostream = std::basic_ostream<char>]'
build/X86/base/logging.hh:102:17:   required from 'void gem5::Logger::print(const gem5::Logger::Loc&, const char*, const Args& ...) [with Args = {std::__cxx11::basic_string<char, std::char_traits<char>, std::allocator<char> >}]'
build/X86/sim/drain.cc:66:5:   required from here
build/X86/base/cprintf_formats.hh:245:19: warning: catching polymorphic type 'class std::exception' by value [-Wcatch-value=]
  245 |     } catch (std::exception) {
      |                   ^~~~~~~~~
build/X86/base/cprintf_formats.hh: In instantiation of 'void gem5::cp::_formatString(std::ostream&, const T&, gem5::cp::Format&) [with T = long unsigned int; std::ostream = std::basic_ostream<char>]':
build/X86/base/cprintf_formats.hh:395:18:   required from 'void gem5::cp::formatString(std::ostream&, const T&, gem5::cp::Format&) [with T = long unsigned int; std::ostream = std::basic_ostream<char>]'
build/X86/base/cprintf.hh:115:25:   required from 'void gem5::cp::Print::addArg(const T&) [with T = long unsigned int]'
build/X86/base/cprintf.hh:139:17:   required from 'void gem5::ccprintf(gem5::cp::Print&, const T&, const Args& ...) [with T = long unsigned int; Args = {}]'
build/X86/base/cprintf.hh:150:13:   required from 'void gem5::ccprintf(std::ostream&, const char*, const Args& ...) [with Args = {long unsigned int}; std::ostream = std::basic_ostream<char>]'
build/X86/base/trace.hh:82:17:   required from 'void gem5::Trace::Logger::dprintf_flag(gem5::Tick, const string&, const string&, const char*, const Args& ...) [with Args = {long unsigned int}; gem5::Tick = long unsigned int; std::string = std::__cxx11::basic_string<char>]'
build/X86/sim/drain.cc:72:5:   required from here
build/X86/base/cprintf_formats.hh:245:19: warning: catching polymorphic type 'class std::exception' by value [-Wcatch-value=]
build/X86/base/cprintf_formats.hh: In instantiation of 'void gem5::cp::_formatString(std::ostream&, const T&, gem5::cp::Format&) [with T = std::atomic<unsigned int>; std::ostream = std::basic_ostream<char>]':
build/X86/base/cprintf_formats.hh:395:18:   required from 'void gem5::cp::formatString(std::ostream&, const T&, gem5::cp::Format&) [with T = std::atomic<unsigned int>; std::ostream = std::basic_ostream<char>]'
build/X86/base/cprintf.hh:115:25:   required from 'void gem5::cp::Print::addArg(const T&) [with T = std::atomic<unsigned int>]'
build/X86/base/cprintf.hh:139:17:   required from 'void gem5::ccprintf(gem5::cp::Print&, const T&, const Args& ...) [with T = std::atomic<unsigned int>; Args = {long unsigned int}]'
build/X86/base/cprintf.hh:150:13:   required from 'void gem5::ccprintf(std::ostream&, const char*, const Args& ...) [with Args = {std::atomic<unsigned int>, long unsigned int}; std::ostream = std::basic_ostream<char>]'
build/X86/base/trace.hh:82:17:   required from 'void gem5::Trace::Logger::dprintf_flag(gem5::Tick, const string&, const string&, const char*, const Args& ...) [with Args = {std::atomic<unsigned int>, long unsigned int}; gem5::Tick = long unsigned int; std::string = std::__cxx11::basic_string<char>]'
build/X86/sim/drain.cc:89:9:   required from here
build/X86/base/cprintf_formats.hh:245:19: warning: catching polymorphic type 'class std::exception' by value [-Wcatch-value=]
In file included from build/X86/base/cprintf.hh:38,
                 from build/X86/base/logging.hh:50,
                 from build/X86/arch/generic/debugfaults.hh:43,
                 from build/X86/arch/x86/generated/exec-g.cc.inc:10,
                 from build/X86/arch/x86/generated/generic_cpu_exec.cc:5:
build/X86/base/cprintf_formats.hh: In instantiation of 'void gem5::cp::_formatString(std::ostream&, const T&, gem5::cp::Format&) [with T = long unsigned int; std::ostream = std::basic_ostream<char>]':
build/X86/base/cprintf_formats.hh:395:18:   required from 'void gem5::cp::formatString(std::ostream&, const T&, gem5::cp::Format&) [with T = long unsigned int; std::ostream = std::basic_ostream<char>]'
build/X86/base/cprintf.hh:115:25:   required from 'void gem5::cp::Print::addArg(const T&) [with T = long unsigned int]'
build/X86/base/cprintf.hh:139:17:   required from 'void gem5::ccprintf(gem5::cp::Print&, const T&, const Args& ...) [with T = long unsigned int; Args = {long unsigned int}]'
build/X86/base/cprintf.hh:150:13:   required from 'void gem5::ccprintf(std::ostream&, const char*, const Args& ...) [with Args = {long unsigned int, long unsigned int}; std::ostream = std::basic_ostream<char>]'
build/X86/arch/generic/pcstate.hh:292:17:   required from here
build/X86/base/cprintf_formats.hh:245:19: warning: catching polymorphic type 'class std::exception' by value [-Wcatch-value=]
  245 |     } catch (std::exception) {
      |                   ^~~~~~~~~
In file included from build/X86/base/cprintf.hh:38,
                 from build/X86/base/trace.hh:40,
                 from build/X86/arch/generic/pcstate.hh:49,
                 from build/X86/cpu/static_inst.hh:50,
                 from build/X86/arch/x86/utility.hh:41,
                 from build/X86/arch/x86/linux/linux.hh:43,
                 from build/X86/arch/x86/linux/syscall_tbl32.cc:30:
build/X86/base/cprintf_formats.hh: In instantiation of 'void gem5::cp::_formatString(std::ostream&, const T&, gem5::cp::Format&) [with T = long unsigned int; std::ostream = std::basic_ostream<char>]':
build/X86/base/cprintf_formats.hh:395:18:   required from 'void gem5::cp::formatString(std::ostream&, const T&, gem5::cp::Format&) [with T = long unsigned int; std::ostream = std::basic_ostream<char>]'
build/X86/base/cprintf.hh:115:25:   required from 'void gem5::cp::Print::addArg(const T&) [with T = long unsigned int]'
build/X86/base/cprintf.hh:139:17:   required from 'void gem5::ccprintf(gem5::cp::Print&, const T&, const Args& ...) [with T = long unsigned int; Args = {long unsigned int}]'
build/X86/base/cprintf.hh:150:13:   required from 'void gem5::ccprintf(std::ostream&, const char*, const Args& ...) [with Args = {long unsigned int, long unsigned int}; std::ostream = std::basic_ostream<char>]'
build/X86/arch/generic/pcstate.hh:292:17:   required from here
build/X86/base/cprintf_formats.hh:245:19: warning: catching polymorphic type 'class std::exception' by value [-Wcatch-value=]
  245 |     } catch (std::exception) {
      |                   ^~~~~~~~~
build/X86/base/cprintf_formats.hh: In instantiation of 'void gem5::cp::_formatString(std::ostream&, const T&, gem5::cp::Format&) [with T = std::__cxx11::basic_string<char>; std::ostream = std::basic_ostream<char>]':
build/X86/base/cprintf_formats.hh:395:18:   required from 'void gem5::cp::formatString(std::ostream&, const T&, gem5::cp::Format&) [with T = std::__cxx11::basic_string<char>; std::ostream = std::basic_ostream<char>]'
build/X86/base/cprintf.hh:115:25:   required from 'void gem5::cp::Print::addArg(const T&) [with T = std::__cxx11::basic_string<char>]'
build/X86/base/cprintf.hh:139:17:   required from 'void gem5::ccprintf(gem5::cp::Print&, const T&, const Args& ...) [with T = std::__cxx11::basic_string<char>; Args = {long unsigned int, long unsigned int}]'
build/X86/base/cprintf.hh:150:13:   required from 'void gem5::ccprintf(std::ostream&, const char*, const Args& ...) [with Args = {std::__cxx11::basic_string<char, std::char_traits<char>, std::allocator<char> >, long unsigned int, long unsigned int}; std::ostream = std::basic_ostream<char>]'
build/X86/base/loader/memory_image.hh:169:13:   required from here
build/X86/base/cprintf_formats.hh:245:19: warning: catching polymorphic type 'class std::exception' by value [-Wcatch-value=]
build/X86/base/cprintf_formats.hh: In instantiation of 'void gem5::cp::_formatString(std::ostream&, const T&, gem5::cp::Format&) [with T = std::__cxx11::basic_string<char>; std::ostream = std::basic_ostream<char>]':
build/X86/base/cprintf_formats.hh:395:18:   required from 'void gem5::cp::formatString(std::ostream&, const T&, gem5::cp::Format&) [with T = std::__cxx11::basic_string<char>; std::ostream = std::basic_ostream<char>]'
build/X86/base/cprintf.hh:115:25:   required from 'void gem5::cp::Print::addArg(const T&) [with T = std::__cxx11::basic_string<char>]'
build/X86/base/cprintf.hh:139:17:   required from 'void gem5::ccprintf(gem5::cp::Print&, const T&, const Args& ...) [with T = std::__cxx11::basic_string<char>; Args = {long unsigned int, long unsigned int}]'
build/X86/base/cprintf.hh:150:13:   required from 'void gem5::ccprintf(std::ostream&, const char*, const Args& ...) [with Args = {std::__cxx11::basic_string<char, std::char_traits<char>, std::allocator<char> >, long unsigned int, long unsigned int}; std::ostream = std::basic_ostream<char>]'
build/X86/base/loader/memory_image.hh:169:13:   required from here
build/X86/base/cprintf_formats.hh:245:19: warning: catching polymorphic type 'class std::exception' by value [-Wcatch-value=]
build/X86/base/cprintf_formats.hh: In instantiation of 'void gem5::cp::_formatString(std::ostream&, const T&, gem5::cp::Format&) [with T = unsigned char; std::ostream = std::basic_ostream<char>]':
build/X86/base/cprintf_formats.hh:395:18:   required from 'void gem5::cp::formatString(std::ostream&, const T&, gem5::cp::Format&) [with T = unsigned char; std::ostream = std::basic_ostream<char>]'
build/X86/base/cprintf.hh:115:25:   required from 'void gem5::cp::Print::addArg(const T&) [with T = unsigned char]'
build/X86/base/cprintf.hh:139:17:   required from 'void gem5::ccprintf(gem5::cp::Print&, const T&, const Args& ...) [with T = unsigned char; Args = {unsigned char, unsigned char, const char*, unsigned char, unsigned char, unsigned char, long unsigned int, long unsigned int, unsigned char}]'
build/X86/base/cprintf.hh:150:13:   required from 'void gem5::ccprintf(std::ostream&, const char*, const Args& ...) [with Args = {unsigned char, unsigned char, unsigned char, const char*, unsigned char, unsigned char, unsigned char, long unsigned int, long unsigned int, unsigned char}; std::ostream = std::basic_ostream<char>]'
build/X86/arch/x86/types.hh:245:13:   required from here
build/X86/base/cprintf_formats.hh:245:19: warning: catching polymorphic type 'class std::exception' by value [-Wcatch-value=]
build/X86/base/cprintf_formats.hh: In instantiation of 'void gem5::cp::_formatString(std::ostream&, const T&, gem5::cp::Format&) [with T = const char*; std::ostream = std::basic_ostream<char>]':
build/X86/base/cprintf_formats.hh:395:18:   required from 'void gem5::cp::formatString(std::ostream&, const T&, gem5::cp::Format&) [with T = const char*; std::ostream = std::basic_ostream<char>]'
build/X86/base/cprintf.hh:115:25:   required from 'void gem5::cp::Print::addArg(const T&) [with T = const char*]'
build/X86/base/cprintf.hh:139:17:   required from 'void gem5::ccprintf(gem5::cp::Print&, const T&, const Args& ...) [with T = const char*; Args = {const char*}]'
build/X86/base/cprintf.hh:150:13:   required from 'void gem5::ccprintf(std::ostream&, const char*, const Args& ...) [with Args = {const char*, const char*}; std::ostream = std::basic_ostream<char>]'
build/X86/arch/x86/insts/microop.hh:128:17:   required from here
build/X86/base/cprintf_formats.hh:245:19: warning: catching polymorphic type 'class std::exception' by value [-Wcatch-value=]
build/X86/base/cprintf_formats.hh: In instantiation of 'void gem5::cp::_formatString(std::ostream&, const T&, gem5::cp::Format&) [with T = short unsigned int; std::ostream = std::basic_ostream<char>]':
build/X86/base/cprintf_formats.hh:395:18:   required from 'void gem5::cp::formatString(std::ostream&, const T&, gem5::cp::Format&) [with T = short unsigned int; std::ostream = std::basic_ostream<char>]'
build/X86/base/cprintf.hh:115:25:   required from 'void gem5::cp::Print::addArg(const T&) [with T = short unsigned int]'
build/X86/base/cprintf.hh:139:17:   required from 'void gem5::ccprintf(gem5::cp::Print&, const T&, const Args& ...) [with T = short unsigned int; Args = {}]'
build/X86/base/cprintf.hh:150:13:   required from 'void gem5::ccprintf(std::ostream&, const char*, const Args& ...) [with Args = {short unsigned int}; std::ostream = std::basic_ostream<char>]'
build/X86/arch/x86/insts/microop_args.hh:323:17:   required from here
build/X86/base/cprintf_formats.hh:245:19: warning: catching polymorphic type 'class std::exception' by value [-Wcatch-value=]
build/X86/base/cprintf_formats.hh: In instantiation of 'void gem5::cp::_formatString(std::ostream&, const T&, gem5::cp::Format&) [with T = unsigned char; std::ostream = std::basic_ostream<char>]':
build/X86/base/cprintf_formats.hh:395:18:   required from 'void gem5::cp::formatString(std::ostream&, const T&, gem5::cp::Format&) [with T = unsigned char; std::ostream = std::basic_ostream<char>]'
build/X86/base/cprintf.hh:115:25:   required from 'void gem5::cp::Print::addArg(const T&) [with T = unsigned char]'
build/X86/base/cprintf.hh:139:17:   required from 'void gem5::ccprintf(gem5::cp::Print&, const T&, const Args& ...) [with T = unsigned char; Args = {unsigned char, unsigned char, const char*, unsigned char, unsigned char, unsigned char, long unsigned int, long unsigned int, unsigned char}]'
build/X86/base/cprintf.hh:150:13:   required from 'void gem5::ccprintf(std::ostream&, const char*, const Args& ...) [with Args = {unsigned char, unsigned char, unsigned char, const char*, unsigned char, unsigned char, unsigned char, long unsigned int, long unsigned int, unsigned char}; std::ostream = std::basic_ostream<char>]'
build/X86/arch/x86/types.hh:245:13:   required from here
build/X86/base/cprintf_formats.hh:245:19: warning: catching polymorphic type 'class std::exception' by value [-Wcatch-value=]
build/X86/base/cprintf_formats.hh: In instantiation of 'void gem5::cp::_formatString(std::ostream&, const T&, gem5::cp::Format&) [with T = unsigned int; std::ostream = std::basic_ostream<char>]':
build/X86/base/cprintf_formats.hh:395:18:   required from 'void gem5::cp::formatString(std::ostream&, const T&, gem5::cp::Format&) [with T = unsigned int; std::ostream = std::basic_ostream<char>]'
build/X86/base/cprintf.hh:115:25:   required from 'void gem5::cp::Print::addArg(const T&) [with T = unsigned int]'
build/X86/base/cprintf.hh:139:17:   required from 'void gem5::ccprintf(gem5::cp::Print&, const T&, const Args& ...) [with T = unsigned int; Args = {}]'
build/X86/base/cprintf.hh:150:13:   required from 'void gem5::ccprintf(std::ostream&, const char*, const Args& ...) [with Args = {unsigned int}; std::ostream = std::basic_ostream<char>]'
build/X86/base/cprintf.hh:164:13:   required from 'std::string gem5::csprintf(const char*, const Args& ...) [with Args = {unsigned int}; std::string = std::__cxx11::basic_string<char>]'
build/X86/arch/x86/regs/misc.hh:909:13:   required from here
build/X86/base/cprintf_formats.hh:245:19: warning: catching polymorphic type 'class std::exception' by value [-Wcatch-value=]
build/X86/base/cprintf_formats.hh: In instantiation of 'void gem5::cp::_formatString(std::ostream&, const T&, gem5::cp::Format&) [with T = int; std::ostream = std::basic_ostream<char>]':
build/X86/base/cprintf_formats.hh:395:18:   required from 'void gem5::cp::formatString(std::ostream&, const T&, gem5::cp::Format&) [with T = int; std::ostream = std::basic_ostream<char>]'
build/X86/base/cprintf.hh:115:25:   required from 'void gem5::cp::Print::addArg(const T&) [with T = int]'
build/X86/base/cprintf.hh:139:17:   required from 'void gem5::ccprintf(gem5::cp::Print&, const T&, const Args& ...) [with T = int; Args = {}]'
build/X86/base/cprintf.hh:150:13:   required from 'void gem5::ccprintf(std::ostream&, const char*, const Args& ...) [with Args = {int}; std::ostream = std::basic_ostream<char>]'
build/X86/base/cprintf.hh:164:13:   required from 'std::string gem5::csprintf(const char*, const Args& ...) [with Args = {int}; std::string = std::__cxx11::basic_string<char>]'
build/X86/base/addr_range.hh:370:36:   required from here
build/X86/base/cprintf_formats.hh:245:19: warning: catching polymorphic type 'class std::exception' by value [-Wcatch-value=]
build/X86/base/cprintf_formats.hh: In instantiation of 'void gem5::cp::_formatString(std::ostream&, const T&, gem5::cp::Format&) [with T = double; std::ostream = std::basic_ostream<char>]':
build/X86/base/cprintf_formats.hh:395:18:   required from 'void gem5::cp::formatString(std::ostream&, const T&, gem5::cp::Format&) [with T = double; std::ostream = std::basic_ostream<char>]'
build/X86/base/cprintf.hh:115:25:   required from 'void gem5::cp::Print::addArg(const T&) [with T = double]'
build/X86/base/cprintf.hh:139:17:   required from 'void gem5::ccprintf(gem5::cp::Print&, const T&, const Args& ...) [with T = double; Args = {}]'
build/X86/base/cprintf.hh:150:13:   required from 'void gem5::ccprintf(std::ostream&, const char*, const Args& ...) [with Args = {double}; std::ostream = std::basic_ostream<char>]'
build/X86/base/cprintf.hh:164:13:   required from 'std::string gem5::csprintf(const char*, const Args& ...) [with Args = {double}; std::string = std::__cxx11::basic_string<char>]'
build/X86/base/stats/storage.hh:277:13:   required from here
build/X86/base/cprintf_formats.hh:245:19: warning: catching polymorphic type 'class std::exception' by value [-Wcatch-value=]
build/X86/base/cprintf_formats.hh: In instantiation of 'void gem5::cp::_formatString(std::ostream&, const T&, gem5::cp::Format&) [with T = gem5::PCStateBase; std::ostream = std::basic_ostream<char>]':
build/X86/base/cprintf_formats.hh:395:18:   required from 'void gem5::cp::formatString(std::ostream&, const T&, gem5::cp::Format&) [with T = gem5::PCStateBase; std::ostream = std::basic_ostream<char>]'
build/X86/base/cprintf.hh:115:25:   required from 'void gem5::cp::Print::addArg(const T&) [with T = gem5::PCStateBase]'
build/X86/base/cprintf.hh:139:17:   required from 'void gem5::ccprintf(gem5::cp::Print&, const T&, const Args& ...) [with T = gem5::PCStateBase; Args = {short int}]'
build/X86/base/cprintf.hh:150:13:   required from 'void gem5::ccprintf(std::ostream&, const char*, const Args& ...) [with Args = {gem5::PCStateBase, short int}; std::ostream = std::basic_ostream<char>]'
build/X86/base/trace.hh:82:17:   required from 'void gem5::Trace::Logger::dprintf_flag(gem5::Tick, const string&, const string&, const char*, const Args& ...) [with Args = {gem5::PCStateBase, short int}; gem5::Tick = long unsigned int; std::string = std::__cxx11::basic_string<char>]'
build/X86/arch/x86/generated/decoder-ns.hh.inc:14592:13:   required from here
build/X86/base/cprintf_formats.hh:245:19: warning: catching polymorphic type 'class std::exception' by value [-Wcatch-value=]
build/X86/base/cprintf_formats.hh: In instantiation of 'void gem5::cp::_formatString(std::ostream&, const T&, gem5::cp::Format&) [with T = long int; std::ostream = std::basic_ostream<char>]':
build/X86/base/cprintf_formats.hh:395:18:   required from 'void gem5::cp::formatString(std::ostream&, const T&, gem5::cp::Format&) [with T = long int; std::ostream = std::basic_ostream<char>]'
build/X86/base/cprintf.hh:115:25:   required from 'void gem5::cp::Print::addArg(const T&) [with T = long int]'
build/X86/base/cprintf.hh:139:17:   required from 'void gem5::ccprintf(gem5::cp::Print&, const T&, const Args& ...) [with T = long int; Args = {long unsigned int}]'
build/X86/base/cprintf.hh:150:13:   required from 'void gem5::ccprintf(std::ostream&, const char*, const Args& ...) [with Args = {long int, long unsigned int}; std::ostream = std::basic_ostream<char>]'
build/X86/base/cprintf.hh:164:13:   required from 'std::string gem5::csprintf(const char*, const Args& ...) [with Args = {long int, long unsigned int}; std::string = std::__cxx11::basic_string<char>]'
build/X86/base/addr_range.hh:123:13:   required from 'gem5::AddrRange::AddrRange(gem5::AddrRange::Dummy, Iterator, Iterator) [with Iterator = __gnu_cxx::__normal_iterator<gem5::AddrRange*, std::vector<gem5::AddrRange> >]'
build/X86/base/addr_range.hh:271:58:   required from here
build/X86/base/cprintf_formats.hh:245:19: warning: catching polymorphic type 'class std::exception' by value [-Wcatch-value=]
build/X86/base/cprintf_formats.hh: In instantiation of 'void gem5::cp::_formatString(std::ostream&, const T&, gem5::cp::Format&) [with T = char [10]; std::ostream = std::basic_ostream<char>]':
build/X86/base/cprintf_formats.hh:395:18:   required from 'void gem5::cp::formatString(std::ostream&, const T&, gem5::cp::Format&) [with T = char [10]; std::ostream = std::basic_ostream<char>]'
build/X86/base/cprintf.hh:115:25:   required from 'void gem5::cp::Print::addArg(const T&) [with T = char [10]]'
build/X86/base/cprintf.hh:139:17:   required from 'void gem5::ccprintf(gem5::cp::Print&, const T&, const Args& ...) [with T = char [10]; Args = {}]'
build/X86/base/cprintf.hh:141:13:   required from 'void gem5::ccprintf(gem5::cp::Print&, const T&, const Args& ...) [with T = std::__cxx11::basic_string<char>; Args = {char [10]}]'
build/X86/base/cprintf.hh:150:13:   required from 'void gem5::ccprintf(std::ostream&, const char*, const Args& ...) [with Args = {std::__cxx11::basic_string<char, std::char_traits<char>, std::allocator<char> >, char [10]}; std::ostream = std::basic_ostream<char>]'
build/X86/base/logging.hh:102:17:   required from 'void gem5::Logger::print(const gem5::Logger::Loc&, const char*, const Args& ...) [with Args = {std::__cxx11::basic_string<char, std::char_traits<char>, std::allocator<char> >, char [10]}]'
build/X86/mem/port.hh:445:9:   required from here
build/X86/base/cprintf_formats.hh:245:19: warning: catching polymorphic type 'class std::exception' by value [-Wcatch-value=]
build/X86/base/cprintf_formats.hh: In instantiation of 'void gem5::cp::_formatString(std::ostream&, const T&, gem5::cp::Format&) [with T = short int; std::ostream = std::basic_ostream<char>]':
build/X86/base/cprintf_formats.hh:395:18:   required from 'void gem5::cp::formatString(std::ostream&, const T&, gem5::cp::Format&) [with T = short int; std::ostream = std::basic_ostream<char>]'
build/X86/base/cprintf.hh:115:25:   required from 'void gem5::cp::Print::addArg(const T&) [with T = short int]'
build/X86/base/cprintf.hh:139:17:   required from 'void gem5::ccprintf(gem5::cp::Print&, const T&, const Args& ...) [with T = short int; Args = {}]'
build/X86/base/cprintf.hh:141:13:   required from 'void gem5::ccprintf(gem5::cp::Print&, const T&, const Args& ...) [with T = gem5::PCStateBase; Args = {short int}]'
build/X86/base/cprintf.hh:150:13:   required from 'void gem5::ccprintf(std::ostream&, const char*, const Args& ...) [with Args = {gem5::PCStateBase, short int}; std::ostream = std::basic_ostream<char>]'
build/X86/base/trace.hh:82:17:   required from 'void gem5::Trace::Logger::dprintf_flag(gem5::Tick, const string&, const string&, const char*, const Args& ...) [with Args = {gem5::PCStateBase, short int}; gem5::Tick = long unsigned int; std::string = std::__cxx11::basic_string<char>]'
build/X86/arch/x86/generated/decoder-ns.hh.inc:14592:13:   required from here
build/X86/base/cprintf_formats.hh:245:19: warning: catching polymorphic type 'class std::exception' by value [-Wcatch-value=]
build/X86/base/cprintf_formats.hh: In instantiation of 'void gem5::cp::_formatString(std::ostream&, const T&, gem5::cp::Format&) [with T = gem5::X86ISA::ExtMachInst; std::ostream = std::basic_ostream<char>]':
build/X86/base/cprintf_formats.hh:395:18:   required from 'void gem5::cp::formatString(std::ostream&, const T&, gem5::cp::Format&) [with T = gem5::X86ISA::ExtMachInst; std::ostream = std::basic_ostream<char>]'
build/X86/base/cprintf.hh:115:25:   required from 'void gem5::cp::Print::addArg(const T&) [with T = gem5::X86ISA::ExtMachInst]'
build/X86/base/cprintf.hh:139:17:   required from 'void gem5::ccprintf(gem5::cp::Print&, const T&, const Args& ...) [with T = gem5::X86ISA::ExtMachInst; Args = {}]'
build/X86/base/cprintf.hh:141:13:   required from 'void gem5::ccprintf(gem5::cp::Print&, const T&, const Args& ...) [with T = const char*; Args = {gem5::X86ISA::ExtMachInst}]'
build/X86/base/cprintf.hh:150:13:   required from 'void gem5::ccprintf(std::ostream&, const char*, const Args& ...) [with Args = {const char*, gem5::X86ISA::ExtMachInst}; std::ostream = std::basic_ostream<char>]'
build/X86/base/logging.hh:102:17:   required from 'void gem5::Logger::print(const gem5::Logger::Loc&, const char*, const Args& ...) [with Args = {const char*, gem5::X86ISA::ExtMachInst}]'
build/X86/arch/x86/generated/exec-ns.cc.inc:17:9:   required from here
build/X86/base/cprintf_formats.hh:245:19: warning: catching polymorphic type 'class std::exception' by value [-Wcatch-value=]
In file included from build/X86/base/cprintf.hh:38,
                 from build/X86/base/trace.hh:40,
                 from build/X86/arch/generic/pcstate.hh:49,
                 from build/X86/cpu/static_inst.hh:50,
                 from build/X86/arch/x86/utility.hh:41,
                 from build/X86/arch/x86/linux/linux.hh:43,
                 from build/X86/arch/x86/linux/syscall_tbl64.cc:30:
build/X86/base/cprintf_formats.hh: In instantiation of 'void gem5::cp::_formatString(std::ostream&, const T&, gem5::cp::Format&) [with T = long unsigned int; std::ostream = std::basic_ostream<char>]':
build/X86/base/cprintf_formats.hh:395:18:   required from 'void gem5::cp::formatString(std::ostream&, const T&, gem5::cp::Format&) [with T = long unsigned int; std::ostream = std::basic_ostream<char>]'
build/X86/base/cprintf.hh:115:25:   required from 'void gem5::cp::Print::addArg(const T&) [with T = long unsigned int]'
build/X86/base/cprintf.hh:139:17:   required from 'void gem5::ccprintf(gem5::cp::Print&, const T&, const Args& ...) [with T = long unsigned int; Args = {long unsigned int}]'
build/X86/base/cprintf.hh:150:13:   required from 'void gem5::ccprintf(std::ostream&, const char*, const Args& ...) [with Args = {long unsigned int, long unsigned int}; std::ostream = std::basic_ostream<char>]'
build/X86/arch/generic/pcstate.hh:292:17:   required from here
build/X86/base/cprintf_formats.hh:245:19: warning: catching polymorphic type 'class std::exception' by value [-Wcatch-value=]
  245 |     } catch (std::exception) {
      |                   ^~~~~~~~~
build/X86/base/cprintf_formats.hh: In instantiation of 'void gem5::cp::_formatString(std::ostream&, const T&, gem5::cp::Format&) [with T = std::__cxx11::basic_string<char>; std::ostream = std::basic_ostream<char>]':
build/X86/base/cprintf_formats.hh:395:18:   required from 'void gem5::cp::formatString(std::ostream&, const T&, gem5::cp::Format&) [with T = std::__cxx11::basic_string<char>; std::ostream = std::basic_ostream<char>]'
build/X86/base/cprintf.hh:115:25:   required from 'void gem5::cp::Print::addArg(const T&) [with T = std::__cxx11::basic_string<char>]'
build/X86/base/cprintf.hh:139:17:   required from 'void gem5::ccprintf(gem5::cp::Print&, const T&, const Args& ...) [with T = std::__cxx11::basic_string<char>; Args = {long unsigned int, long unsigned int}]'
build/X86/base/cprintf.hh:150:13:   required from 'void gem5::ccprintf(std::ostream&, const char*, const Args& ...) [with Args = {std::__cxx11::basic_string<char, std::char_traits<char>, std::allocator<char> >, long unsigned int, long unsigned int}; std::ostream = std::basic_ostream<char>]'
build/X86/base/loader/memory_image.hh:169:13:   required from here
build/X86/base/cprintf_formats.hh:245:19: warning: catching polymorphic type 'class std::exception' by value [-Wcatch-value=]
build/X86/base/cprintf_formats.hh: In instantiation of 'void gem5::cp::_formatString(std::ostream&, const T&, gem5::cp::Format&) [with T = unsigned char; std::ostream = std::basic_ostream<char>]':
build/X86/base/cprintf_formats.hh:395:18:   required from 'void gem5::cp::formatString(std::ostream&, const T&, gem5::cp::Format&) [with T = unsigned char; std::ostream = std::basic_ostream<char>]'
build/X86/base/cprintf.hh:115:25:   required from 'void gem5::cp::Print::addArg(const T&) [with T = unsigned char]'
build/X86/base/cprintf.hh:139:17:   required from 'void gem5::ccprintf(gem5::cp::Print&, const T&, const Args& ...) [with T = unsigned char; Args = {unsigned char, unsigned char, const char*, unsigned char, unsigned char, unsigned char, long unsigned int, long unsigned int, unsigned char}]'
build/X86/base/cprintf.hh:150:13:   required from 'void gem5::ccprintf(std::ostream&, const char*, const Args& ...) [with Args = {unsigned char, unsigned char, unsigned char, const char*, unsigned char, unsigned char, unsigned char, long unsigned int, long unsigned int, unsigned char}; std::ostream = std::basic_ostream<char>]'
build/X86/arch/x86/types.hh:245:13:   required from here
build/X86/base/cprintf_formats.hh:245:19: warning: catching polymorphic type 'class std::exception' by value [-Wcatch-value=]
In file included from build/X86/base/cprintf.hh:38,
                 from build/X86/base/trace.hh:40,
                 from build/X86/arch/generic/pcstate.hh:49,
                 from build/X86/arch/generic/decoder.hh:31,
                 from build/X86/arch/x86/decoder.hh:36,
                 from build/X86/arch/x86/generated/decoder-g.cc.inc:8,
                 from build/X86/arch/x86/generated/decoder.cc:6:
build/X86/base/cprintf_formats.hh: In instantiation of 'void gem5::cp::_formatString(std::ostream&, const T&, gem5::cp::Format&) [with T = long unsigned int; std::ostream = std::basic_ostream<char>]':
build/X86/base/cprintf_formats.hh:395:18:   required from 'void gem5::cp::formatString(std::ostream&, const T&, gem5::cp::Format&) [with T = long unsigned int; std::ostream = std::basic_ostream<char>]'
build/X86/base/cprintf.hh:115:25:   required from 'void gem5::cp::Print::addArg(const T&) [with T = long unsigned int]'
build/X86/base/cprintf.hh:139:17:   required from 'void gem5::ccprintf(gem5::cp::Print&, const T&, const Args& ...) [with T = long unsigned int; Args = {long unsigned int}]'
build/X86/base/cprintf.hh:150:13:   required from 'void gem5::ccprintf(std::ostream&, const char*, const Args& ...) [with Args = {long unsigned int, long unsigned int}; std::ostream = std::basic_ostream<char>]'
build/X86/arch/generic/pcstate.hh:292:17:   required from here
build/X86/base/cprintf_formats.hh:245:19: warning: catching polymorphic type 'class std::exception' by value [-Wcatch-value=]
  245 |     } catch (std::exception) {
      |                   ^~~~~~~~~
build/X86/base/cprintf_formats.hh: In instantiation of 'void gem5::cp::_formatString(std::ostream&, const T&, gem5::cp::Format&) [with T = unsigned char; std::ostream = std::basic_ostream<char>]':
build/X86/base/cprintf_formats.hh:395:18:   required from 'void gem5::cp::formatString(std::ostream&, const T&, gem5::cp::Format&) [with T = unsigned char; std::ostream = std::basic_ostream<char>]'
build/X86/base/cprintf.hh:115:25:   required from 'void gem5::cp::Print::addArg(const T&) [with T = unsigned char]'
build/X86/base/cprintf.hh:139:17:   required from 'void gem5::ccprintf(gem5::cp::Print&, const T&, const Args& ...) [with T = unsigned char; Args = {unsigned char, unsigned char, const char*, unsigned char, unsigned char, unsigned char, long unsigned int, long unsigned int, unsigned char}]'
build/X86/base/cprintf.hh:150:13:   required from 'void gem5::ccprintf(std::ostream&, const char*, const Args& ...) [with Args = {unsigned char, unsigned char, unsigned char, const char*, unsigned char, unsigned char, unsigned char, long unsigned int, long unsigned int, unsigned char}; std::ostream = std::basic_ostream<char>]'
build/X86/arch/x86/types.hh:245:13:   required from here
build/X86/base/cprintf_formats.hh:245:19: warning: catching polymorphic type 'class std::exception' by value [-Wcatch-value=]
build/X86/base/cprintf_formats.hh: In instantiation of 'void gem5::cp::_formatString(std::ostream&, const T&, gem5::cp::Format&) [with T = const char*; std::ostream = std::basic_ostream<char>]':
build/X86/base/cprintf_formats.hh:395:18:   required from 'void gem5::cp::formatString(std::ostream&, const T&, gem5::cp::Format&) [with T = const char*; std::ostream = std::basic_ostream<char>]'
build/X86/base/cprintf.hh:115:25:   required from 'void gem5::cp::Print::addArg(const T&) [with T = const char*]'
build/X86/base/cprintf.hh:139:17:   required from 'void gem5::ccprintf(gem5::cp::Print&, const T&, const Args& ...) [with T = const char*; Args = {const char*}]'
build/X86/base/cprintf.hh:150:13:   required from 'void gem5::ccprintf(std::ostream&, const char*, const Args& ...) [with Args = {const char*, const char*}; std::ostream = std::basic_ostream<char>]'
build/X86/arch/x86/insts/microop.hh:128:17:   required from here
build/X86/base/cprintf_formats.hh:245:19: warning: catching polymorphic type 'class std::exception' by value [-Wcatch-value=]
build/X86/base/cprintf_formats.hh: In instantiation of 'void gem5::cp::_formatString(std::ostream&, const T&, gem5::cp::Format&) [with T = short unsigned int; std::ostream = std::basic_ostream<char>]':
build/X86/base/cprintf_formats.hh:395:18:   required from 'void gem5::cp::formatString(std::ostream&, const T&, gem5::cp::Format&) [with T = short unsigned int; std::ostream = std::basic_ostream<char>]'
build/X86/base/cprintf.hh:115:25:   required from 'void gem5::cp::Print::addArg(const T&) [with T = short unsigned int]'
build/X86/base/cprintf.hh:139:17:   required from 'void gem5::ccprintf(gem5::cp::Print&, const T&, const Args& ...) [with T = short unsigned int; Args = {}]'
build/X86/base/cprintf.hh:150:13:   required from 'void gem5::ccprintf(std::ostream&, const char*, const Args& ...) [with Args = {short unsigned int}; std::ostream = std::basic_ostream<char>]'
build/X86/arch/x86/insts/microop_args.hh:323:17:   required from here
build/X86/base/cprintf_formats.hh:245:19: warning: catching polymorphic type 'class std::exception' by value [-Wcatch-value=]
build/X86/base/cprintf_formats.hh: In instantiation of 'void gem5::cp::_formatString(std::ostream&, const T&, gem5::cp::Format&) [with T = std::__cxx11::basic_string<char>; std::ostream = std::basic_ostream<char>]':
build/X86/base/cprintf_formats.hh:395:18:   required from 'void gem5::cp::formatString(std::ostream&, const T&, gem5::cp::Format&) [with T = std::__cxx11::basic_string<char>; std::ostream = std::basic_ostream<char>]'
build/X86/base/cprintf.hh:115:25:   required from 'void gem5::cp::Print::addArg(const T&) [with T = std::__cxx11::basic_string<char>]'
build/X86/base/cprintf.hh:139:17:   required from 'void gem5::ccprintf(gem5::cp::Print&, const T&, const Args& ...) [with T = std::__cxx11::basic_string<char>; Args = {long unsigned int, long unsigned int}]'
build/X86/base/cprintf.hh:150:13:   required from 'void gem5::ccprintf(std::ostream&, const char*, const Args& ...) [with Args = {std::__cxx11::basic_string<char, std::char_traits<char>, std::allocator<char> >, long unsigned int, long unsigned int}; std::ostream = std::basic_ostream<char>]'
build/X86/base/loader/memory_image.hh:169:13:   required from here
build/X86/base/cprintf_formats.hh:245:19: warning: catching polymorphic type 'class std::exception' by value [-Wcatch-value=]
build/X86/base/cprintf_formats.hh: In instantiation of 'void gem5::cp::_formatString(std::ostream&, const T&, gem5::cp::Format&) [with T = unsigned int; std::ostream = std::basic_ostream<char>]':
build/X86/base/cprintf_formats.hh:395:18:   required from 'void gem5::cp::formatString(std::ostream&, const T&, gem5::cp::Format&) [with T = unsigned int; std::ostream = std::basic_ostream<char>]'
build/X86/base/cprintf.hh:115:25:   required from 'void gem5::cp::Print::addArg(const T&) [with T = unsigned int]'
build/X86/base/cprintf.hh:139:17:   required from 'void gem5::ccprintf(gem5::cp::Print&, const T&, const Args& ...) [with T = unsigned int; Args = {}]'
build/X86/base/cprintf.hh:150:13:   required from 'void gem5::ccprintf(std::ostream&, const char*, const Args& ...) [with Args = {unsigned int}; std::ostream = std::basic_ostream<char>]'
build/X86/base/cprintf.hh:164:13:   required from 'std::string gem5::csprintf(const char*, const Args& ...) [with Args = {unsigned int}; std::string = std::__cxx11::basic_string<char>]'
build/X86/arch/x86/regs/misc.hh:909:13:   required from here
build/X86/base/cprintf_formats.hh:245:19: warning: catching polymorphic type 'class std::exception' by value [-Wcatch-value=]
build/X86/base/cprintf_formats.hh: In instantiation of 'void gem5::cp::_formatString(std::ostream&, const T&, gem5::cp::Format&) [with T = int; std::ostream = std::basic_ostream<char>]':
build/X86/base/cprintf_formats.hh:395:18:   required from 'void gem5::cp::formatString(std::ostream&, const T&, gem5::cp::Format&) [with T = int; std::ostream = std::basic_ostream<char>]'
build/X86/base/cprintf.hh:115:25:   required from 'void gem5::cp::Print::addArg(const T&) [with T = int]'
build/X86/base/cprintf.hh:139:17:   required from 'void gem5::ccprintf(gem5::cp::Print&, const T&, const Args& ...) [with T = int; Args = {long unsigned int}]'
build/X86/base/cprintf.hh:150:13:   required from 'void gem5::ccprintf(std::ostream&, const char*, const Args& ...) [with Args = {int, long unsigned int}; std::ostream = std::basic_ostream<char>]'
build/X86/base/trace.hh:82:17:   required from 'void gem5::Trace::Logger::dprintf_flag(gem5::Tick, const string&, const string&, const char*, const Args& ...) [with Args = {int, long unsigned int}; gem5::Tick = long unsigned int; std::string = std::__cxx11::basic_string<char>]'
build/X86/arch/x86/decoder.hh:149:13:   required from here
build/X86/base/cprintf_formats.hh:245:19: warning: catching polymorphic type 'class std::exception' by value [-Wcatch-value=]
build/X86/base/cprintf_formats.hh: In instantiation of 'void gem5::cp::_formatString(std::ostream&, const T&, gem5::cp::Format&) [with T = double; std::ostream = std::basic_ostream<char>]':
build/X86/base/cprintf_formats.hh:395:18:   required from 'void gem5::cp::formatString(std::ostream&, const T&, gem5::cp::Format&) [with T = double; std::ostream = std::basic_ostream<char>]'
build/X86/base/cprintf.hh:115:25:   required from 'void gem5::cp::Print::addArg(const T&) [with T = double]'
build/X86/base/cprintf.hh:139:17:   required from 'void gem5::ccprintf(gem5::cp::Print&, const T&, const Args& ...) [with T = double; Args = {}]'
build/X86/base/cprintf.hh:150:13:   required from 'void gem5::ccprintf(std::ostream&, const char*, const Args& ...) [with Args = {double}; std::ostream = std::basic_ostream<char>]'
build/X86/base/cprintf.hh:164:13:   required from 'std::string gem5::csprintf(const char*, const Args& ...) [with Args = {double}; std::string = std::__cxx11::basic_string<char>]'
build/X86/base/stats/storage.hh:277:13:   required from here
build/X86/base/cprintf_formats.hh:245:19: warning: catching polymorphic type 'class std::exception' by value [-Wcatch-value=]
 [     CXX] X86/sim/se_workload.cc -> .o
build/X86/base/cprintf_formats.hh: In instantiation of 'void gem5::cp::_formatString(std::ostream&, const T&, gem5::cp::Format&) [with T = gem5::PCStateBase; std::ostream = std::basic_ostream<char>]':
build/X86/base/cprintf_formats.hh:395:18:   required from 'void gem5::cp::formatString(std::ostream&, const T&, gem5::cp::Format&) [with T = gem5::PCStateBase; std::ostream = std::basic_ostream<char>]'
build/X86/base/cprintf.hh:115:25:   required from 'void gem5::cp::Print::addArg(const T&) [with T = gem5::PCStateBase]'
build/X86/base/cprintf.hh:139:17:   required from 'void gem5::ccprintf(gem5::cp::Print&, const T&, const Args& ...) [with T = gem5::PCStateBase; Args = {short int}]'
build/X86/base/cprintf.hh:150:13:   required from 'void gem5::ccprintf(std::ostream&, const char*, const Args& ...) [with Args = {gem5::PCStateBase, short int}; std::ostream = std::basic_ostream<char>]'
build/X86/base/trace.hh:82:17:   required from 'void gem5::Trace::Logger::dprintf_flag(gem5::Tick, const string&, const string&, const char*, const Args& ...) [with Args = {gem5::PCStateBase, short int}; gem5::Tick = long unsigned int; std::string = std::__cxx11::basic_string<char>]'
build/X86/arch/x86/generated/decoder-ns.hh.inc:14592:13:   required from here
build/X86/base/cprintf_formats.hh:245:19: warning: catching polymorphic type 'class std::exception' by value [-Wcatch-value=]
build/X86/base/cprintf_formats.hh: In instantiation of 'void gem5::cp::_formatString(std::ostream&, const T&, gem5::cp::Format&) [with T = char [44]; std::ostream = std::basic_ostream<char>]':
build/X86/base/cprintf_formats.hh:395:18:   required from 'void gem5::cp::formatString(std::ostream&, const T&, gem5::cp::Format&) [with T = char [44]; std::ostream = std::basic_ostream<char>]'
build/X86/base/cprintf.hh:115:25:   required from 'void gem5::cp::Print::addArg(const T&) [with T = char [44]]'
build/X86/base/cprintf.hh:139:17:   required from 'void gem5::ccprintf(gem5::cp::Print&, const T&, const Args& ...) [with T = char [44]; Args = {gem5::X86ISA::ExtMachInst}]'
build/X86/base/cprintf.hh:150:13:   required from 'void gem5::ccprintf(std::ostream&, const char*, const Args& ...) [with Args = {char [44], gem5::X86ISA::ExtMachInst}; std::ostream = std::basic_ostream<char>]'
build/X86/base/logging.hh:102:17:   required from 'void gem5::Logger::print(const gem5::Logger::Loc&, const char*, const Args& ...) [with Args = {char [44], gem5::X86ISA::ExtMachInst}]'
build/X86/arch/x86/generated/decode-method.cc.inc:213:27:   required from here
build/X86/base/cprintf_formats.hh:245:19: warning: catching polymorphic type 'class std::exception' by value [-Wcatch-value=]
build/X86/base/cprintf_formats.hh: In instantiation of 'void gem5::cp::_formatString(std::ostream&, const T&, gem5::cp::Format&) [with T = char [49]; std::ostream = std::basic_ostream<char>]':
build/X86/base/cprintf_formats.hh:395:18:   required from 'void gem5::cp::formatString(std::ostream&, const T&, gem5::cp::Format&) [with T = char [49]; std::ostream = std::basic_ostream<char>]'
build/X86/base/cprintf.hh:115:25:   required from 'void gem5::cp::Print::addArg(const T&) [with T = char [49]]'
build/X86/base/cprintf.hh:139:17:   required from 'void gem5::ccprintf(gem5::cp::Print&, const T&, const Args& ...) [with T = char [49]; Args = {gem5::X86ISA::ExtMachInst}]'
build/X86/base/cprintf.hh:150:13:   required from 'void gem5::ccprintf(std::ostream&, const char*, const Args& ...) [with Args = {char [49], gem5::X86ISA::ExtMachInst}; std::ostream = std::basic_ostream<char>]'
build/X86/base/logging.hh:102:17:   required from 'void gem5::Logger::print(const gem5::Logger::Loc&, const char*, const Args& ...) [with Args = {char [49], gem5::X86ISA::ExtMachInst}]'
build/X86/arch/x86/generated/decode-method.cc.inc:683:27:   required from here
build/X86/base/cprintf_formats.hh:245:19: warning: catching polymorphic type 'class std::exception' by value [-Wcatch-value=]
build/X86/base/cprintf_formats.hh: In instantiation of 'void gem5::cp::_formatString(std::ostream&, const T&, gem5::cp::Format&) [with T = char [32]; std::ostream = std::basic_ostream<char>]':
build/X86/base/cprintf_formats.hh:395:18:   required from 'void gem5::cp::formatString(std::ostream&, const T&, gem5::cp::Format&) [with T = char [32]; std::ostream = std::basic_ostream<char>]'
build/X86/base/cprintf.hh:115:25:   required from 'void gem5::cp::Print::addArg(const T&) [with T = char [32]]'
build/X86/base/cprintf.hh:139:17:   required from 'void gem5::ccprintf(gem5::cp::Print&, const T&, const Args& ...) [with T = char [32]; Args = {gem5::X86ISA::ExtMachInst}]'
build/X86/base/cprintf.hh:150:13:   required from 'void gem5::ccprintf(std::ostream&, const char*, const Args& ...) [with Args = {char [32], gem5::X86ISA::ExtMachInst}; std::ostream = std::basic_ostream<char>]'
build/X86/base/logging.hh:102:17:   required from 'void gem5::Logger::print(const gem5::Logger::Loc&, const char*, const Args& ...) [with Args = {char [32], gem5::X86ISA::ExtMachInst}]'
build/X86/arch/x86/generated/decode-method.cc.inc:1307:27:   required from here
build/X86/base/cprintf_formats.hh:245:19: warning: catching polymorphic type 'class std::exception' by value [-Wcatch-value=]
build/X86/base/cprintf_formats.hh: In instantiation of 'void gem5::cp::_formatString(std::ostream&, const T&, gem5::cp::Format&) [with T = char [51]; std::ostream = std::basic_ostream<char>]':
build/X86/base/cprintf_formats.hh:395:18:   required from 'void gem5::cp::formatString(std::ostream&, const T&, gem5::cp::Format&) [with T = char [51]; std::ostream = std::basic_ostream<char>]'
build/X86/base/cprintf.hh:115:25:   required from 'void gem5::cp::Print::addArg(const T&) [with T = char [51]]'
build/X86/base/cprintf.hh:139:17:   required from 'void gem5::ccprintf(gem5::cp::Print&, const T&, const Args& ...) [with T = char [51]; Args = {gem5::X86ISA::ExtMachInst}]'
build/X86/base/cprintf.hh:150:13:   required from 'void gem5::ccprintf(std::ostream&, const char*, const Args& ...) [with Args = {char [51], gem5::X86ISA::ExtMachInst}; std::ostream = std::basic_ostream<char>]'
build/X86/base/logging.hh:102:17:   required from 'void gem5::Logger::print(const gem5::Logger::Loc&, const char*, const Args& ...) [with Args = {char [51], gem5::X86ISA::ExtMachInst}]'
build/X86/arch/x86/generated/decode-method.cc.inc:1515:27:   required from here
build/X86/base/cprintf_formats.hh:245:19: warning: catching polymorphic type 'class std::exception' by value [-Wcatch-value=]
build/X86/base/cprintf_formats.hh: In instantiation of 'void gem5::cp::_formatString(std::ostream&, const T&, gem5::cp::Format&) [with T = char [54]; std::ostream = std::basic_ostream<char>]':
build/X86/base/cprintf_formats.hh:395:18:   required from 'void gem5::cp::formatString(std::ostream&, const T&, gem5::cp::Format&) [with T = char [54]; std::ostream = std::basic_ostream<char>]'
build/X86/base/cprintf.hh:115:25:   required from 'void gem5::cp::Print::addArg(const T&) [with T = char [54]]'
build/X86/base/cprintf.hh:139:17:   required from 'void gem5::ccprintf(gem5::cp::Print&, const T&, const Args& ...) [with T = char [54]; Args = {gem5::X86ISA::ExtMachInst}]'
build/X86/base/cprintf.hh:150:13:   required from 'void gem5::ccprintf(std::ostream&, const char*, const Args& ...) [with Args = {char [54], gem5::X86ISA::ExtMachInst}; std::ostream = std::basic_ostream<char>]'
build/X86/base/logging.hh:102:17:   required from 'void gem5::Logger::print(const gem5::Logger::Loc&, const char*, const Args& ...) [with Args = {char [54], gem5::X86ISA::ExtMachInst}]'
build/X86/arch/x86/generated/decode-method.cc.inc:1524:27:   required from here
build/X86/base/cprintf_formats.hh:245:19: warning: catching polymorphic type 'class std::exception' by value [-Wcatch-value=]
build/X86/base/cprintf_formats.hh: In instantiation of 'void gem5::cp::_formatString(std::ostream&, const T&, gem5::cp::Format&) [with T = char [34]; std::ostream = std::basic_ostream<char>]':
build/X86/base/cprintf_formats.hh:395:18:   required from 'void gem5::cp::formatString(std::ostream&, const T&, gem5::cp::Format&) [with T = char [34]; std::ostream = std::basic_ostream<char>]'
build/X86/base/cprintf.hh:115:25:   required from 'void gem5::cp::Print::addArg(const T&) [with T = char [34]]'
build/X86/base/cprintf.hh:139:17:   required from 'void gem5::ccprintf(gem5::cp::Print&, const T&, const Args& ...) [with T = char [34]; Args = {gem5::X86ISA::ExtMachInst}]'
build/X86/base/cprintf.hh:150:13:   required from 'void gem5::ccprintf(std::ostream&, const char*, const Args& ...) [with Args = {char [34], gem5::X86ISA::ExtMachInst}; std::ostream = std::basic_ostream<char>]'
build/X86/base/logging.hh:102:17:   required from 'void gem5::Logger::print(const gem5::Logger::Loc&, const char*, const Args& ...) [with Args = {char [34], gem5::X86ISA::ExtMachInst}]'
build/X86/arch/x86/generated/decode-method.cc.inc:8096:27:   required from here
build/X86/base/cprintf_formats.hh:245:19: warning: catching polymorphic type 'class std::exception' by value [-Wcatch-value=]
build/X86/base/cprintf_formats.hh: In instantiation of 'void gem5::cp::_formatString(std::ostream&, const T&, gem5::cp::Format&) [with T = char [35]; std::ostream = std::basic_ostream<char>]':
build/X86/base/cprintf_formats.hh:395:18:   required from 'void gem5::cp::formatString(std::ostream&, const T&, gem5::cp::Format&) [with T = char [35]; std::ostream = std::basic_ostream<char>]'
build/X86/base/cprintf.hh:115:25:   required from 'void gem5::cp::Print::addArg(const T&) [with T = char [35]]'
build/X86/base/cprintf.hh:139:17:   required from 'void gem5::ccprintf(gem5::cp::Print&, const T&, const Args& ...) [with T = char [35]; Args = {gem5::X86ISA::ExtMachInst}]'
build/X86/base/cprintf.hh:150:13:   required from 'void gem5::ccprintf(std::ostream&, const char*, const Args& ...) [with Args = {char [35], gem5::X86ISA::ExtMachInst}; std::ostream = std::basic_ostream<char>]'
build/X86/base/logging.hh:102:17:   required from 'void gem5::Logger::print(const gem5::Logger::Loc&, const char*, const Args& ...) [with Args = {char [35], gem5::X86ISA::ExtMachInst}]'
build/X86/arch/x86/generated/decode-method.cc.inc:8111:27:   required from here
build/X86/base/cprintf_formats.hh:245:19: warning: catching polymorphic type 'class std::exception' by value [-Wcatch-value=]
build/X86/base/cprintf_formats.hh: In instantiation of 'void gem5::cp::_formatString(std::ostream&, const T&, gem5::cp::Format&) [with T = char [38]; std::ostream = std::basic_ostream<char>]':
build/X86/base/cprintf_formats.hh:395:18:   required from 'void gem5::cp::formatString(std::ostream&, const T&, gem5::cp::Format&) [with T = char [38]; std::ostream = std::basic_ostream<char>]'
build/X86/base/cprintf.hh:115:25:   required from 'void gem5::cp::Print::addArg(const T&) [with T = char [38]]'
build/X86/base/cprintf.hh:139:17:   required from 'void gem5::ccprintf(gem5::cp::Print&, const T&, const Args& ...) [with T = char [38]; Args = {gem5::X86ISA::ExtMachInst}]'
build/X86/base/cprintf.hh:150:13:   required from 'void gem5::ccprintf(std::ostream&, const char*, const Args& ...) [with Args = {char [38], gem5::X86ISA::ExtMachInst}; std::ostream = std::basic_ostream<char>]'
build/X86/base/logging.hh:102:17:   required from 'void gem5::Logger::print(const gem5::Logger::Loc&, const char*, const Args& ...) [with Args = {char [38], gem5::X86ISA::ExtMachInst}]'
build/X86/arch/x86/generated/decode-method.cc.inc:8120:27:   required from here
build/X86/base/cprintf_formats.hh:245:19: warning: catching polymorphic type 'class std::exception' by value [-Wcatch-value=]
build/X86/base/cprintf_formats.hh: In instantiation of 'void gem5::cp::_formatString(std::ostream&, const T&, gem5::cp::Format&) [with T = char [64]; std::ostream = std::basic_ostream<char>]':
build/X86/base/cprintf_formats.hh:395:18:   required from 'void gem5::cp::formatString(std::ostream&, const T&, gem5::cp::Format&) [with T = char [64]; std::ostream = std::basic_ostream<char>]'
build/X86/base/cprintf.hh:115:25:   required from 'void gem5::cp::Print::addArg(const T&) [with T = char [64]]'
build/X86/base/cprintf.hh:139:17:   required from 'void gem5::ccprintf(gem5::cp::Print&, const T&, const Args& ...) [with T = char [64]; Args = {gem5::X86ISA::ExtMachInst}]'
build/X86/base/cprintf.hh:150:13:   required from 'void gem5::ccprintf(std::ostream&, const char*, const Args& ...) [with Args = {char [64], gem5::X86ISA::ExtMachInst}; std::ostream = std::basic_ostream<char>]'
build/X86/base/logging.hh:102:17:   required from 'void gem5::Logger::print(const gem5::Logger::Loc&, const char*, const Args& ...) [with Args = {char [64], gem5::X86ISA::ExtMachInst}]'
build/X86/arch/x86/generated/decode-method.cc.inc:11879:31:   required from here
build/X86/base/cprintf_formats.hh:245:19: warning: catching polymorphic type 'class std::exception' by value [-Wcatch-value=]
build/X86/base/cprintf_formats.hh: In instantiation of 'void gem5::cp::_formatString(std::ostream&, const T&, gem5::cp::Format&) [with T = long int; std::ostream = std::basic_ostream<char>]':
build/X86/base/cprintf_formats.hh:395:18:   required from 'void gem5::cp::formatString(std::ostream&, const T&, gem5::cp::Format&) [with T = long int; std::ostream = std::basic_ostream<char>]'
build/X86/base/cprintf.hh:115:25:   required from 'void gem5::cp::Print::addArg(const T&) [with T = long int]'
build/X86/base/cprintf.hh:139:17:   required from 'void gem5::ccprintf(gem5::cp::Print&, const T&, const Args& ...) [with T = long int; Args = {long unsigned int}]'
build/X86/base/cprintf.hh:150:13:   required from 'void gem5::ccprintf(std::ostream&, const char*, const Args& ...) [with Args = {long int, long unsigned int}; std::ostream = std::basic_ostream<char>]'
build/X86/base/cprintf.hh:164:13:   required from 'std::string gem5::csprintf(const char*, const Args& ...) [with Args = {long int, long unsigned int}; std::string = std::__cxx11::basic_string<char>]'
build/X86/base/addr_range.hh:123:13:   required from 'gem5::AddrRange::AddrRange(gem5::AddrRange::Dummy, Iterator, Iterator) [with Iterator = __gnu_cxx::__normal_iterator<gem5::AddrRange*, std::vector<gem5::AddrRange> >]'
build/X86/base/addr_range.hh:271:58:   required from here
build/X86/base/cprintf_formats.hh:245:19: warning: catching polymorphic type 'class std::exception' by value [-Wcatch-value=]
build/X86/base/cprintf_formats.hh: In instantiation of 'void gem5::cp::_formatString(std::ostream&, const T&, gem5::cp::Format&) [with T = char [10]; std::ostream = std::basic_ostream<char>]':
build/X86/base/cprintf_formats.hh:395:18:   required from 'void gem5::cp::formatString(std::ostream&, const T&, gem5::cp::Format&) [with T = char [10]; std::ostream = std::basic_ostream<char>]'
build/X86/base/cprintf.hh:115:25:   required from 'void gem5::cp::Print::addArg(const T&) [with T = char [10]]'
build/X86/base/cprintf.hh:139:17:   required from 'void gem5::ccprintf(gem5::cp::Print&, const T&, const Args& ...) [with T = char [10]; Args = {}]'
build/X86/base/cprintf.hh:141:13:   required from 'void gem5::ccprintf(gem5::cp::Print&, const T&, const Args& ...) [with T = std::__cxx11::basic_string<char>; Args = {char [10]}]'
build/X86/base/cprintf.hh:150:13:   required from 'void gem5::ccprintf(std::ostream&, const char*, const Args& ...) [with Args = {std::__cxx11::basic_string<char, std::char_traits<char>, std::allocator<char> >, char [10]}; std::ostream = std::basic_ostream<char>]'
build/X86/base/logging.hh:102:17:   required from 'void gem5::Logger::print(const gem5::Logger::Loc&, const char*, const Args& ...) [with Args = {std::__cxx11::basic_string<char, std::char_traits<char>, std::allocator<char> >, char [10]}]'
build/X86/mem/port.hh:445:9:   required from here
build/X86/base/cprintf_formats.hh:245:19: warning: catching polymorphic type 'class std::exception' by value [-Wcatch-value=]
build/X86/base/cprintf_formats.hh: In instantiation of 'void gem5::cp::_formatString(std::ostream&, const T&, gem5::cp::Format&) [with T = short int; std::ostream = std::basic_ostream<char>]':
build/X86/base/cprintf_formats.hh:395:18:   required from 'void gem5::cp::formatString(std::ostream&, const T&, gem5::cp::Format&) [with T = short int; std::ostream = std::basic_ostream<char>]'
build/X86/base/cprintf.hh:115:25:   required from 'void gem5::cp::Print::addArg(const T&) [with T = short int]'
build/X86/base/cprintf.hh:139:17:   required from 'void gem5::ccprintf(gem5::cp::Print&, const T&, const Args& ...) [with T = short int; Args = {}]'
build/X86/base/cprintf.hh:141:13:   required from 'void gem5::ccprintf(gem5::cp::Print&, const T&, const Args& ...) [with T = gem5::PCStateBase; Args = {short int}]'
build/X86/base/cprintf.hh:150:13:   required from 'void gem5::ccprintf(std::ostream&, const char*, const Args& ...) [with Args = {gem5::PCStateBase, short int}; std::ostream = std::basic_ostream<char>]'
build/X86/base/trace.hh:82:17:   required from 'void gem5::Trace::Logger::dprintf_flag(gem5::Tick, const string&, const string&, const char*, const Args& ...) [with Args = {gem5::PCStateBase, short int}; gem5::Tick = long unsigned int; std::string = std::__cxx11::basic_string<char>]'
build/X86/arch/x86/generated/decoder-ns.hh.inc:14592:13:   required from here
build/X86/base/cprintf_formats.hh:245:19: warning: catching polymorphic type 'class std::exception' by value [-Wcatch-value=]
build/X86/base/cprintf_formats.hh: In instantiation of 'void gem5::cp::_formatString(std::ostream&, const T&, gem5::cp::Format&) [with T = gem5::X86ISA::ExtMachInst; std::ostream = std::basic_ostream<char>]':
build/X86/base/cprintf_formats.hh:395:18:   required from 'void gem5::cp::formatString(std::ostream&, const T&, gem5::cp::Format&) [with T = gem5::X86ISA::ExtMachInst; std::ostream = std::basic_ostream<char>]'
build/X86/base/cprintf.hh:115:25:   required from 'void gem5::cp::Print::addArg(const T&) [with T = gem5::X86ISA::ExtMachInst]'
build/X86/base/cprintf.hh:139:17:   required from 'void gem5::ccprintf(gem5::cp::Print&, const T&, const Args& ...) [with T = gem5::X86ISA::ExtMachInst; Args = {}]'
build/X86/base/cprintf.hh:141:13:   required from 'void gem5::ccprintf(gem5::cp::Print&, const T&, const Args& ...) [with T = char [44]; Args = {gem5::X86ISA::ExtMachInst}]'
build/X86/base/cprintf.hh:150:13:   required from 'void gem5::ccprintf(std::ostream&, const char*, const Args& ...) [with Args = {char [44], gem5::X86ISA::ExtMachInst}; std::ostream = std::basic_ostream<char>]'
build/X86/base/logging.hh:102:17:   required from 'void gem5::Logger::print(const gem5::Logger::Loc&, const char*, const Args& ...) [with Args = {char [44], gem5::X86ISA::ExtMachInst}]'
build/X86/arch/x86/generated/decode-method.cc.inc:213:27:   required from here
build/X86/base/cprintf_formats.hh:245:19: warning: catching polymorphic type 'class std::exception' by value [-Wcatch-value=]
build/X86/base/cprintf_formats.hh: In instantiation of 'void gem5::cp::_formatString(std::ostream&, const T&, gem5::cp::Format&) [with T = unsigned int; std::ostream = std::basic_ostream<char>]':
build/X86/base/cprintf_formats.hh:395:18:   required from 'void gem5::cp::formatString(std::ostream&, const T&, gem5::cp::Format&) [with T = unsigned int; std::ostream = std::basic_ostream<char>]'
build/X86/base/cprintf.hh:115:25:   required from 'void gem5::cp::Print::addArg(const T&) [with T = unsigned int]'
build/X86/base/cprintf.hh:139:17:   required from 'void gem5::ccprintf(gem5::cp::Print&, const T&, const Args& ...) [with T = unsigned int; Args = {}]'
build/X86/base/cprintf.hh:150:13:   required from 'void gem5::ccprintf(std::ostream&, const char*, const Args& ...) [with Args = {unsigned int}; std::ostream = std::basic_ostream<char>]'
build/X86/base/cprintf.hh:164:13:   required from 'std::string gem5::csprintf(const char*, const Args& ...) [with Args = {unsigned int}; std::string = std::__cxx11::basic_string<char>]'
build/X86/arch/x86/regs/misc.hh:909:13:   required from here
build/X86/base/cprintf_formats.hh:245:19: warning: catching polymorphic type 'class std::exception' by value [-Wcatch-value=]
build/X86/base/cprintf_formats.hh: In instantiation of 'void gem5::cp::_formatString(std::ostream&, const T&, gem5::cp::Format&) [with T = int; std::ostream = std::basic_ostream<char>]':
build/X86/base/cprintf_formats.hh:395:18:   required from 'void gem5::cp::formatString(std::ostream&, const T&, gem5::cp::Format&) [with T = int; std::ostream = std::basic_ostream<char>]'
build/X86/base/cprintf.hh:115:25:   required from 'void gem5::cp::Print::addArg(const T&) [with T = int]'
build/X86/base/cprintf.hh:139:17:   required from 'void gem5::ccprintf(gem5::cp::Print&, const T&, const Args& ...) [with T = int; Args = {}]'
build/X86/base/cprintf.hh:150:13:   required from 'void gem5::ccprintf(std::ostream&, const char*, const Args& ...) [with Args = {int}; std::ostream = std::basic_ostream<char>]'
build/X86/base/cprintf.hh:164:13:   required from 'std::string gem5::csprintf(const char*, const Args& ...) [with Args = {int}; std::string = std::__cxx11::basic_string<char>]'
build/X86/base/addr_range.hh:370:36:   required from here
build/X86/base/cprintf_formats.hh:245:19: warning: catching polymorphic type 'class std::exception' by value [-Wcatch-value=]
build/X86/base/cprintf_formats.hh: In instantiation of 'void gem5::cp::_formatString(std::ostream&, const T&, gem5::cp::Format&) [with T = double; std::ostream = std::basic_ostream<char>]':
build/X86/base/cprintf_formats.hh:395:18:   required from 'void gem5::cp::formatString(std::ostream&, const T&, gem5::cp::Format&) [with T = double; std::ostream = std::basic_ostream<char>]'
build/X86/base/cprintf.hh:115:25:   required from 'void gem5::cp::Print::addArg(const T&) [with T = double]'
build/X86/base/cprintf.hh:139:17:   required from 'void gem5::ccprintf(gem5::cp::Print&, const T&, const Args& ...) [with T = double; Args = {}]'
build/X86/base/cprintf.hh:150:13:   required from 'void gem5::ccprintf(std::ostream&, const char*, const Args& ...) [with Args = {double}; std::ostream = std::basic_ostream<char>]'
build/X86/base/cprintf.hh:164:13:   required from 'std::string gem5::csprintf(const char*, const Args& ...) [with Args = {double}; std::string = std::__cxx11::basic_string<char>]'
build/X86/base/stats/storage.hh:277:13:   required from here
build/X86/base/cprintf_formats.hh:245:19: warning: catching polymorphic type 'class std::exception' by value [-Wcatch-value=]
 [     CXX] X86/sim/sim_events.cc -> .o
build/X86/base/cprintf_formats.hh: In instantiation of 'void gem5::cp::_formatString(std::ostream&, const T&, gem5::cp::Format&) [with T = long int; std::ostream = std::basic_ostream<char>]':
build/X86/base/cprintf_formats.hh:395:18:   required from 'void gem5::cp::formatString(std::ostream&, const T&, gem5::cp::Format&) [with T = long int; std::ostream = std::basic_ostream<char>]'
build/X86/base/cprintf.hh:115:25:   required from 'void gem5::cp::Print::addArg(const T&) [with T = long int]'
build/X86/base/cprintf.hh:139:17:   required from 'void gem5::ccprintf(gem5::cp::Print&, const T&, const Args& ...) [with T = long int; Args = {long unsigned int}]'
build/X86/base/cprintf.hh:150:13:   required from 'void gem5::ccprintf(std::ostream&, const char*, const Args& ...) [with Args = {long int, long unsigned int}; std::ostream = std::basic_ostream<char>]'
build/X86/base/cprintf.hh:164:13:   required from 'std::string gem5::csprintf(const char*, const Args& ...) [with Args = {long int, long unsigned int}; std::string = std::__cxx11::basic_string<char>]'
build/X86/base/addr_range.hh:123:13:   required from 'gem5::AddrRange::AddrRange(gem5::AddrRange::Dummy, Iterator, Iterator) [with Iterator = __gnu_cxx::__normal_iterator<gem5::AddrRange*, std::vector<gem5::AddrRange> >]'
build/X86/base/addr_range.hh:271:58:   required from here
build/X86/base/cprintf_formats.hh:245:19: warning: catching polymorphic type 'class std::exception' by value [-Wcatch-value=]
build/X86/base/cprintf_formats.hh: In instantiation of 'void gem5::cp::_formatString(std::ostream&, const T&, gem5::cp::Format&) [with T = char [10]; std::ostream = std::basic_ostream<char>]':
build/X86/base/cprintf_formats.hh:395:18:   required from 'void gem5::cp::formatString(std::ostream&, const T&, gem5::cp::Format&) [with T = char [10]; std::ostream = std::basic_ostream<char>]'
build/X86/base/cprintf.hh:115:25:   required from 'void gem5::cp::Print::addArg(const T&) [with T = char [10]]'
build/X86/base/cprintf.hh:139:17:   required from 'void gem5::ccprintf(gem5::cp::Print&, const T&, const Args& ...) [with T = char [10]; Args = {}]'
build/X86/base/cprintf.hh:141:13:   required from 'void gem5::ccprintf(gem5::cp::Print&, const T&, const Args& ...) [with T = std::__cxx11::basic_string<char>; Args = {char [10]}]'
build/X86/base/cprintf.hh:150:13:   required from 'void gem5::ccprintf(std::ostream&, const char*, const Args& ...) [with Args = {std::__cxx11::basic_string<char, std::char_traits<char>, std::allocator<char> >, char [10]}; std::ostream = std::basic_ostream<char>]'
build/X86/base/logging.hh:102:17:   required from 'void gem5::Logger::print(const gem5::Logger::Loc&, const char*, const Args& ...) [with Args = {std::__cxx11::basic_string<char, std::char_traits<char>, std::allocator<char> >, char [10]}]'
build/X86/mem/port.hh:445:9:   required from here
build/X86/base/cprintf_formats.hh:245:19: warning: catching polymorphic type 'class std::exception' by value [-Wcatch-value=]
build/X86/base/cprintf_formats.hh: In instantiation of 'void gem5::cp::_formatString(std::ostream&, const T&, gem5::cp::Format&) [with T = const char*; std::ostream = std::basic_ostream<char>]':
build/X86/base/cprintf_formats.hh:395:18:   required from 'void gem5::cp::formatString(std::ostream&, const T&, gem5::cp::Format&) [with T = const char*; std::ostream = std::basic_ostream<char>]'
build/X86/base/cprintf.hh:115:25:   required from 'void gem5::cp::Print::addArg(const T&) [with T = const char*]'
build/X86/base/cprintf.hh:139:17:   required from 'void gem5::ccprintf(gem5::cp::Print&, const T&, const Args& ...) [with T = const char*; Args = {std::__cxx11::basic_string<char, std::char_traits<char>, std::allocator<char> >}]'
build/X86/base/cprintf.hh:150:13:   required from 'void gem5::ccprintf(std::ostream&, const char*, const Args& ...) [with Args = {const char*, std::__cxx11::basic_string<char, std::char_traits<char>, std::allocator<char> >}; std::ostream = std::basic_ostream<char>]'
build/X86/base/cprintf.hh:164:13:   required from 'std::string gem5::csprintf(const char*, const Args& ...) [with Args = {const char*, std::__cxx11::basic_string<char, std::char_traits<char>, std::allocator<char> >}; std::string = std::__cxx11::basic_string<char>]'
build/X86/base/statistics.hh:278:13:   required from 'gem5::statistics::DataWrap<Derived, InfoProxyType>::DataWrap(gem5::statistics::Group*, const char*, const gem5::statistics::units::Base*, const char*) [with Derived = gem5::statistics::Scalar; InfoProxyType = gem5::statistics::ScalarInfoProxy]'
build/X86/base/statistics.hh:565:70:   required from 'gem5::statistics::ScalarBase<Derived, Stor>::ScalarBase(gem5::statistics::Group*, const char*, const gem5::statistics::units::Base*, const char*) [with Derived = gem5::statistics::Scalar; Stor = gem5::statistics::StatStor]'
build/X86/base/statistics.hh:1937:68:   required from here
build/X86/base/cprintf_formats.hh:245:19: warning: catching polymorphic type 'class std::exception' by value [-Wcatch-value=]
build/X86/base/cprintf_formats.hh: In instantiation of 'void gem5::cp::_formatString(std::ostream&, const T&, gem5::cp::Format&) [with T = char*; std::ostream = std::basic_ostream<char>]':
build/X86/base/cprintf_formats.hh:395:18:   required from 'void gem5::cp::formatString(std::ostream&, const T&, gem5::cp::Format&) [with T = char*; std::ostream = std::basic_ostream<char>]'
build/X86/base/cprintf.hh:115:25:   required from 'void gem5::cp::Print::addArg(const T&) [with T = char*]'
build/X86/base/cprintf.hh:139:17:   required from 'void gem5::ccprintf(gem5::cp::Print&, const T&, const Args& ...) [with T = char*; Args = {}]'
build/X86/base/cprintf.hh:150:13:   required from 'void gem5::ccprintf(std::ostream&, const char*, const Args& ...) [with Args = {char*}; std::ostream = std::basic_ostream<char>]'
build/X86/base/logging.hh:102:17:   required from 'void gem5::Logger::print(const gem5::Logger::Loc&, const char*, const Args& ...) [with Args = {char*}]'
build/X86/sim/syscall_emul.hh:1014:9:   required from 'gem5::SyscallReturn gem5::readlinkatFunc(gem5::SyscallDesc*, gem5::ThreadContext*, int, gem5::VPtr<>, gem5::VPtr<>, typename OS::size_t) [with OS = gem5::X86Linux32; gem5::VPtr<> = gem5::ProxyPtr<void, gem5::SETranslatingPortProxy>; typename OS::size_t = unsigned int]'
build/X86/sim/syscall_emul.hh:1031:30:   required from 'gem5::SyscallReturn gem5::readlinkFunc(gem5::SyscallDesc*, gem5::ThreadContext*, gem5::VPtr<>, gem5::VPtr<>, typename OS::size_t) [with OS = gem5::X86Linux32; gem5::VPtr<> = gem5::ProxyPtr<void, gem5::SETranslatingPortProxy>; typename OS::size_t = unsigned int]'
build/X86/arch/x86/linux/syscall_tbl32.cc:374:1:   required from here
build/X86/base/cprintf_formats.hh:245:19: warning: catching polymorphic type 'class std::exception' by value [-Wcatch-value=]
build/X86/base/cprintf_formats.hh: In instantiation of 'void gem5::cp::_formatString(std::ostream&, const T&, gem5::cp::Format&) [with T = gem5::ProxyPtr<void, gem5::SETranslatingPortProxy>; std::ostream = std::basic_ostream<char>]':
build/X86/base/cprintf_formats.hh:395:18:   required from 'void gem5::cp::formatString(std::ostream&, const T&, gem5::cp::Format&) [with T = gem5::ProxyPtr<void, gem5::SETranslatingPortProxy>; std::ostream = std::basic_ostream<char>]'
build/X86/base/cprintf.hh:115:25:   required from 'void gem5::cp::Print::addArg(const T&) [with T = gem5::ProxyPtr<void, gem5::SETranslatingPortProxy>]'
build/X86/base/cprintf.hh:139:17:   required from 'void gem5::ccprintf(gem5::cp::Print&, const T&, const Args& ...) [with T = gem5::ProxyPtr<void, gem5::SETranslatingPortProxy>; Args = {}]'
build/X86/base/cprintf.hh:141:13:   required from 'void gem5::ccprintf(gem5::cp::Print&, const T&, const Args& ...) [with T = int; Args = {gem5::ProxyPtr<void, gem5::SETranslatingPortProxy>}]'
build/X86/base/cprintf.hh:150:13:   required from 'void gem5::ccprintf(std::ostream&, const char*, const Args& ...) [with Args = {int, gem5::ProxyPtr<void, gem5::SETranslatingPortProxy>}; std::ostream = std::basic_ostream<char>]'
build/X86/base/trace.hh:82:17:   required from 'void gem5::Trace::Logger::dprintf_flag(gem5::Tick, const string&, const string&, const char*, const Args& ...) [with Args = {int, gem5::ProxyPtr<void, gem5::SETranslatingPortProxy>}; gem5::Tick = long unsigned int; std::string = std::__cxx11::basic_string<char>]'
build/X86/sim/syscall_emul.hh:2693:9:   required from 'gem5::SyscallReturn gem5::wait4Func(gem5::SyscallDesc*, gem5::ThreadContext*, pid_t, gem5::VPtr<>, int, gem5::VPtr<>) [with OS = gem5::X86Linux32; pid_t = int; gem5::VPtr<> = gem5::ProxyPtr<void, gem5::SETranslatingPortProxy>]'
build/X86/arch/x86/linux/syscall_tbl32.cc:374:1:   required from here
build/X86/base/cprintf_formats.hh:245:19: warning: catching polymorphic type 'class std::exception' by value [-Wcatch-value=]
build/X86/base/cprintf_formats.hh: In instantiation of 'void gem5::cp::_formatString(std::ostream&, const T&, gem5::cp::Format&) [with T = gem5::PCStateBase; std::ostream = std::basic_ostream<char>]':
build/X86/base/cprintf_formats.hh:395:18:   required from 'void gem5::cp::formatString(std::ostream&, const T&, gem5::cp::Format&) [with T = gem5::PCStateBase; std::ostream = std::basic_ostream<char>]'
build/X86/base/cprintf.hh:115:25:   required from 'void gem5::cp::Print::addArg(const T&) [with T = gem5::PCStateBase]'
build/X86/base/cprintf.hh:141:13:   recursively required from 'void gem5::ccprintf(gem5::cp::Print&, const T&, const Args& ...) [with T = unsigned int; Args = {gem5::PCStateBase}]'
build/X86/base/cprintf.hh:141:13:   required from 'void gem5::ccprintf(gem5::cp::Print&, const T&, const Args& ...) [with T = int; Args = {unsigned int, gem5::PCStateBase}]'
build/X86/base/cprintf.hh:150:13:   required from 'void gem5::ccprintf(std::ostream&, const char*, const Args& ...) [with Args = {int, unsigned int, gem5::PCStateBase}; std::ostream = std::basic_ostream<char>]'
build/X86/base/logging.hh:102:17:   required from 'void gem5::Logger::print(const gem5::Logger::Loc&, const char*, const Args& ...) [with Args = {int, unsigned int, gem5::PCStateBase}]'
build/X86/sim/syscall_emul.hh:753:5:   required from 'gem5::SyscallReturn gem5::ioctlFunc(gem5::SyscallDesc*, gem5::ThreadContext*, int, unsigned int, gem5::VPtr<>) [with OS = gem5::X86Linux32; gem5::VPtr<> = gem5::ProxyPtr<void, gem5::SETranslatingPortProxy>]'
build/X86/arch/x86/linux/syscall_tbl32.cc:374:1:   required from here
build/X86/base/cprintf_formats.hh:245:19: warning: catching polymorphic type 'class std::exception' by value [-Wcatch-value=]
build/X86/base/cprintf_formats.hh: In instantiation of 'void gem5::cp::_formatString(std::ostream&, const T&, gem5::cp::Format&) [with T = short unsigned int; std::ostream = std::basic_ostream<char>]':
build/X86/base/cprintf_formats.hh:395:18:   required from 'void gem5::cp::formatString(std::ostream&, const T&, gem5::cp::Format&) [with T = short unsigned int; std::ostream = std::basic_ostream<char>]'
build/X86/base/cprintf.hh:115:25:   required from 'void gem5::cp::Print::addArg(const T&) [with T = short unsigned int]'
build/X86/base/cprintf.hh:139:17:   required from 'void gem5::ccprintf(gem5::cp::Print&, const T&, const Args& ...) [with T = short unsigned int; Args = {short unsigned int}]'
build/X86/base/cprintf.hh:150:13:   required from 'void gem5::ccprintf(std::ostream&, const char*, const Args& ...) [with Args = {short unsigned int, short unsigned int}; std::ostream = std::basic_ostream<char>]'
build/X86/arch/generic/pcstate.hh:395:17:   required from 'void gem5::GenericISA::UPCState<InstWidth>::output(std::ostream&) const [with int InstWidth = 8; std::ostream = std::basic_ostream<char>]'
build/X86/arch/generic/pcstate.hh:392:5:   required from here
build/X86/base/cprintf_formats.hh:245:19: warning: catching polymorphic type 'class std::exception' by value [-Wcatch-value=]
build/X86/base/cprintf_formats.hh: In instantiation of 'void gem5::cp::_formatString(std::ostream&, const T&, gem5::cp::Format&) [with T = unsigned int; std::ostream = std::basic_ostream<char>]':
build/X86/base/cprintf_formats.hh:395:18:   required from 'void gem5::cp::formatString(std::ostream&, const T&, gem5::cp::Format&) [with T = unsigned int; std::ostream = std::basic_ostream<char>]'
build/X86/base/cprintf.hh:115:25:   required from 'void gem5::cp::Print::addArg(const T&) [with T = unsigned int]'
build/X86/base/cprintf.hh:139:17:   required from 'void gem5::ccprintf(gem5::cp::Print&, const T&, const Args& ...) [with T = unsigned int; Args = {}]'
build/X86/base/cprintf.hh:150:13:   required from 'void gem5::ccprintf(std::ostream&, const char*, const Args& ...) [with Args = {unsigned int}; std::ostream = std::basic_ostream<char>]'
build/X86/base/cprintf.hh:164:13:   required from 'std::string gem5::csprintf(const char*, const Args& ...) [with Args = {unsigned int}; std::string = std::__cxx11::basic_string<char>]'
build/X86/arch/x86/regs/misc.hh:909:13:   required from here
build/X86/base/cprintf_formats.hh:245:19: warning: catching polymorphic type 'class std::exception' by value [-Wcatch-value=]
build/X86/base/cprintf_formats.hh: In instantiation of 'void gem5::cp::_formatString(std::ostream&, const T&, gem5::cp::Format&) [with T = int; std::ostream = std::basic_ostream<char>]':
build/X86/base/cprintf_formats.hh:395:18:   required from 'void gem5::cp::formatString(std::ostream&, const T&, gem5::cp::Format&) [with T = int; std::ostream = std::basic_ostream<char>]'
build/X86/base/cprintf.hh:115:25:   required from 'void gem5::cp::Print::addArg(const T&) [with T = int]'
build/X86/base/cprintf.hh:139:17:   required from 'void gem5::ccprintf(gem5::cp::Print&, const T&, const Args& ...) [with T = int; Args = {}]'
build/X86/base/cprintf.hh:150:13:   required from 'void gem5::ccprintf(std::ostream&, const char*, const Args& ...) [with Args = {int}; std::ostream = std::basic_ostream<char>]'
build/X86/base/cprintf.hh:164:13:   required from 'std::string gem5::csprintf(const char*, const Args& ...) [with Args = {int}; std::string = std::__cxx11::basic_string<char>]'
build/X86/base/addr_range.hh:370:36:   required from here
build/X86/base/cprintf_formats.hh:245:19: warning: catching polymorphic type 'class std::exception' by value [-Wcatch-value=]
build/X86/base/cprintf_formats.hh: In instantiation of 'void gem5::cp::_formatString(std::ostream&, const T&, gem5::cp::Format&) [with T = double; std::ostream = std::basic_ostream<char>]':
build/X86/base/cprintf_formats.hh:395:18:   required from 'void gem5::cp::formatString(std::ostream&, const T&, gem5::cp::Format&) [with T = double; std::ostream = std::basic_ostream<char>]'
build/X86/base/cprintf.hh:115:25:   required from 'void gem5::cp::Print::addArg(const T&) [with T = double]'
build/X86/base/cprintf.hh:139:17:   required from 'void gem5::ccprintf(gem5::cp::Print&, const T&, const Args& ...) [with T = double; Args = {}]'
build/X86/base/cprintf.hh:150:13:   required from 'void gem5::ccprintf(std::ostream&, const char*, const Args& ...) [with Args = {double}; std::ostream = std::basic_ostream<char>]'
build/X86/base/cprintf.hh:164:13:   required from 'std::string gem5::csprintf(const char*, const Args& ...) [with Args = {double}; std::string = std::__cxx11::basic_string<char>]'
build/X86/base/stats/storage.hh:277:13:   required from here
build/X86/base/cprintf_formats.hh:245:19: warning: catching polymorphic type 'class std::exception' by value [-Wcatch-value=]
 [     CXX] X86/sim/sim_object.cc -> .o
build/X86/base/cprintf_formats.hh: In instantiation of 'void gem5::cp::_formatString(std::ostream&, const T&, gem5::cp::Format&) [with T = long int; std::ostream = std::basic_ostream<char>]':
build/X86/base/cprintf_formats.hh:395:18:   required from 'void gem5::cp::formatString(std::ostream&, const T&, gem5::cp::Format&) [with T = long int; std::ostream = std::basic_ostream<char>]'
build/X86/base/cprintf.hh:115:25:   required from 'void gem5::cp::Print::addArg(const T&) [with T = long int]'
build/X86/base/cprintf.hh:139:17:   required from 'void gem5::ccprintf(gem5::cp::Print&, const T&, const Args& ...) [with T = long int; Args = {long unsigned int}]'
build/X86/base/cprintf.hh:150:13:   required from 'void gem5::ccprintf(std::ostream&, const char*, const Args& ...) [with Args = {long int, long unsigned int}; std::ostream = std::basic_ostream<char>]'
build/X86/base/cprintf.hh:164:13:   required from 'std::string gem5::csprintf(const char*, const Args& ...) [with Args = {long int, long unsigned int}; std::string = std::__cxx11::basic_string<char>]'
build/X86/base/addr_range.hh:123:13:   required from 'gem5::AddrRange::AddrRange(gem5::AddrRange::Dummy, Iterator, Iterator) [with Iterator = __gnu_cxx::__normal_iterator<gem5::AddrRange*, std::vector<gem5::AddrRange> >]'
build/X86/base/addr_range.hh:271:58:   required from here
build/X86/base/cprintf_formats.hh:245:19: warning: catching polymorphic type 'class std::exception' by value [-Wcatch-value=]
build/X86/base/cprintf_formats.hh: In instantiation of 'void gem5::cp::_formatString(std::ostream&, const T&, gem5::cp::Format&) [with T = char [10]; std::ostream = std::basic_ostream<char>]':
build/X86/base/cprintf_formats.hh:395:18:   required from 'void gem5::cp::formatString(std::ostream&, const T&, gem5::cp::Format&) [with T = char [10]; std::ostream = std::basic_ostream<char>]'
build/X86/base/cprintf.hh:115:25:   required from 'void gem5::cp::Print::addArg(const T&) [with T = char [10]]'
build/X86/base/cprintf.hh:139:17:   required from 'void gem5::ccprintf(gem5::cp::Print&, const T&, const Args& ...) [with T = char [10]; Args = {}]'
build/X86/base/cprintf.hh:141:13:   required from 'void gem5::ccprintf(gem5::cp::Print&, const T&, const Args& ...) [with T = std::__cxx11::basic_string<char>; Args = {char [10]}]'
build/X86/base/cprintf.hh:150:13:   required from 'void gem5::ccprintf(std::ostream&, const char*, const Args& ...) [with Args = {std::__cxx11::basic_string<char, std::char_traits<char>, std::allocator<char> >, char [10]}; std::ostream = std::basic_ostream<char>]'
build/X86/base/logging.hh:102:17:   required from 'void gem5::Logger::print(const gem5::Logger::Loc&, const char*, const Args& ...) [with Args = {std::__cxx11::basic_string<char, std::char_traits<char>, std::allocator<char> >, char [10]}]'
build/X86/mem/port.hh:445:9:   required from here
build/X86/base/cprintf_formats.hh:245:19: warning: catching polymorphic type 'class std::exception' by value [-Wcatch-value=]
build/X86/base/cprintf_formats.hh: In instantiation of 'void gem5::cp::_formatString(std::ostream&, const T&, gem5::cp::Format&) [with T = const char*; std::ostream = std::basic_ostream<char>]':
build/X86/base/cprintf_formats.hh:395:18:   required from 'void gem5::cp::formatString(std::ostream&, const T&, gem5::cp::Format&) [with T = const char*; std::ostream = std::basic_ostream<char>]'
build/X86/base/cprintf.hh:115:25:   required from 'void gem5::cp::Print::addArg(const T&) [with T = const char*]'
build/X86/base/cprintf.hh:139:17:   required from 'void gem5::ccprintf(gem5::cp::Print&, const T&, const Args& ...) [with T = const char*; Args = {std::__cxx11::basic_string<char, std::char_traits<char>, std::allocator<char> >}]'
build/X86/base/cprintf.hh:150:13:   required from 'void gem5::ccprintf(std::ostream&, const char*, const Args& ...) [with Args = {const char*, std::__cxx11::basic_string<char, std::char_traits<char>, std::allocator<char> >}; std::ostream = std::basic_ostream<char>]'
build/X86/base/cprintf.hh:164:13:   required from 'std::string gem5::csprintf(const char*, const Args& ...) [with Args = {const char*, std::__cxx11::basic_string<char, std::char_traits<char>, std::allocator<char> >}; std::string = std::__cxx11::basic_string<char>]'
build/X86/base/statistics.hh:278:13:   required from 'gem5::statistics::DataWrap<Derived, InfoProxyType>::DataWrap(gem5::statistics::Group*, const char*, const gem5::statistics::units::Base*, const char*) [with Derived = gem5::statistics::Scalar; InfoProxyType = gem5::statistics::ScalarInfoProxy]'
build/X86/base/statistics.hh:565:70:   required from 'gem5::statistics::ScalarBase<Derived, Stor>::ScalarBase(gem5::statistics::Group*, const char*, const gem5::statistics::units::Base*, const char*) [with Derived = gem5::statistics::Scalar; Stor = gem5::statistics::StatStor]'
build/X86/base/statistics.hh:1937:68:   required from here
build/X86/base/cprintf_formats.hh:245:19: warning: catching polymorphic type 'class std::exception' by value [-Wcatch-value=]
build/X86/base/cprintf_formats.hh: In instantiation of 'void gem5::cp::_formatString(std::ostream&, const T&, gem5::cp::Format&) [with T = gem5::ProxyPtr<void, gem5::SETranslatingPortProxy>; std::ostream = std::basic_ostream<char>]':
build/X86/base/cprintf_formats.hh:395:18:   required from 'void gem5::cp::formatString(std::ostream&, const T&, gem5::cp::Format&) [with T = gem5::ProxyPtr<void, gem5::SETranslatingPortProxy>; std::ostream = std::basic_ostream<char>]'
build/X86/base/cprintf.hh:115:25:   required from 'void gem5::cp::Print::addArg(const T&) [with T = gem5::ProxyPtr<void, gem5::SETranslatingPortProxy>]'
build/X86/base/cprintf.hh:139:17:   required from 'void gem5::ccprintf(gem5::cp::Print&, const T&, const Args& ...) [with T = gem5::ProxyPtr<void, gem5::SETranslatingPortProxy>; Args = {long unsigned int}]'
build/X86/base/cprintf.hh:141:13:   required from 'void gem5::ccprintf(gem5::cp::Print&, const T&, const Args& ...) [with T = int; Args = {gem5::ProxyPtr<void, gem5::SETranslatingPortProxy>, long unsigned int}]'
build/X86/base/cprintf.hh:150:13:   required from 'void gem5::ccprintf(std::ostream&, const char*, const Args& ...) [with Args = {int, gem5::ProxyPtr<void, gem5::SETranslatingPortProxy>, long unsigned int}; std::ostream = std::basic_ostream<char>]'
build/X86/base/trace.hh:82:17:   required from 'void gem5::Trace::Logger::dprintf_flag(gem5::Tick, const string&, const string&, const char*, const Args& ...) [with Args = {int, gem5::ProxyPtr<void, gem5::SETranslatingPortProxy>, long unsigned int}; gem5::Tick = long unsigned int; std::string = std::__cxx11::basic_string<char>]'
build/X86/sim/syscall_emul.hh:1927:5:   required from 'gem5::SyscallReturn gem5::mmapFunc(gem5::SyscallDesc*, gem5::ThreadContext*, gem5::VPtr<>, typename OS::size_t, int, int, int, typename OS::off_t) [with OS = gem5::X86Linux64; gem5::VPtr<> = gem5::ProxyPtr<void, gem5::SETranslatingPortProxy>; typename OS::size_t = long unsigned int; typename OS::off_t = long unsigned int]'
build/X86/arch/x86/linux/syscall_tbl64.cc:364:1:   required from here
build/X86/base/cprintf_formats.hh:245:19: warning: catching polymorphic type 'class std::exception' by value [-Wcatch-value=]
build/X86/base/cprintf_formats.hh: In instantiation of 'void gem5::cp::_formatString(std::ostream&, const T&, gem5::cp::Format&) [with T = char*; std::ostream = std::basic_ostream<char>]':
build/X86/base/cprintf_formats.hh:395:18:   required from 'void gem5::cp::formatString(std::ostream&, const T&, gem5::cp::Format&) [with T = char*; std::ostream = std::basic_ostream<char>]'
build/X86/base/cprintf.hh:115:25:   required from 'void gem5::cp::Print::addArg(const T&) [with T = char*]'
build/X86/base/cprintf.hh:139:17:   required from 'void gem5::ccprintf(gem5::cp::Print&, const T&, const Args& ...) [with T = char*; Args = {}]'
build/X86/base/cprintf.hh:150:13:   required from 'void gem5::ccprintf(std::ostream&, const char*, const Args& ...) [with Args = {char*}; std::ostream = std::basic_ostream<char>]'
build/X86/base/logging.hh:102:17:   required from 'void gem5::Logger::print(const gem5::Logger::Loc&, const char*, const Args& ...) [with Args = {char*}]'
build/X86/sim/syscall_emul.hh:1014:9:   required from 'gem5::SyscallReturn gem5::readlinkatFunc(gem5::SyscallDesc*, gem5::ThreadContext*, int, gem5::VPtr<>, gem5::VPtr<>, typename OS::size_t) [with OS = gem5::X86Linux64; gem5::VPtr<> = gem5::ProxyPtr<void, gem5::SETranslatingPortProxy>; typename OS::size_t = long unsigned int]'
build/X86/sim/syscall_emul.hh:1031:30:   required from 'gem5::SyscallReturn gem5::readlinkFunc(gem5::SyscallDesc*, gem5::ThreadContext*, gem5::VPtr<>, gem5::VPtr<>, typename OS::size_t) [with OS = gem5::X86Linux64; gem5::VPtr<> = gem5::ProxyPtr<void, gem5::SETranslatingPortProxy>; typename OS::size_t = long unsigned int]'
build/X86/arch/x86/linux/syscall_tbl64.cc:364:1:   required from here
build/X86/base/cprintf_formats.hh:245:19: warning: catching polymorphic type 'class std::exception' by value [-Wcatch-value=]
build/X86/base/cprintf_formats.hh: In instantiation of 'void gem5::cp::_formatString(std::ostream&, const T&, gem5::cp::Format&) [with T = gem5::PCStateBase; std::ostream = std::basic_ostream<char>]':
build/X86/base/cprintf_formats.hh:395:18:   required from 'void gem5::cp::formatString(std::ostream&, const T&, gem5::cp::Format&) [with T = gem5::PCStateBase; std::ostream = std::basic_ostream<char>]'
build/X86/base/cprintf.hh:115:25:   required from 'void gem5::cp::Print::addArg(const T&) [with T = gem5::PCStateBase]'
build/X86/base/cprintf.hh:141:13:   recursively required from 'void gem5::ccprintf(gem5::cp::Print&, const T&, const Args& ...) [with T = unsigned int; Args = {gem5::PCStateBase}]'
build/X86/base/cprintf.hh:141:13:   required from 'void gem5::ccprintf(gem5::cp::Print&, const T&, const Args& ...) [with T = int; Args = {unsigned int, gem5::PCStateBase}]'
build/X86/base/cprintf.hh:150:13:   required from 'void gem5::ccprintf(std::ostream&, const char*, const Args& ...) [with Args = {int, unsigned int, gem5::PCStateBase}; std::ostream = std::basic_ostream<char>]'
build/X86/base/logging.hh:102:17:   required from 'void gem5::Logger::print(const gem5::Logger::Loc&, const char*, const Args& ...) [with Args = {int, unsigned int, gem5::PCStateBase}]'
build/X86/sim/syscall_emul.hh:753:5:   required from 'gem5::SyscallReturn gem5::ioctlFunc(gem5::SyscallDesc*, gem5::ThreadContext*, int, unsigned int, gem5::VPtr<>) [with OS = gem5::X86Linux64; gem5::VPtr<> = gem5::ProxyPtr<void, gem5::SETranslatingPortProxy>]'
build/X86/arch/x86/linux/syscall_tbl64.cc:364:1:   required from here
build/X86/base/cprintf_formats.hh:245:19: warning: catching polymorphic type 'class std::exception' by value [-Wcatch-value=]
build/X86/base/cprintf_formats.hh: In instantiation of 'void gem5::cp::_formatString(std::ostream&, const T&, gem5::cp::Format&) [with T = short unsigned int; std::ostream = std::basic_ostream<char>]':
build/X86/base/cprintf_formats.hh:395:18:   required from 'void gem5::cp::formatString(std::ostream&, const T&, gem5::cp::Format&) [with T = short unsigned int; std::ostream = std::basic_ostream<char>]'
build/X86/base/cprintf.hh:115:25:   required from 'void gem5::cp::Print::addArg(const T&) [with T = short unsigned int]'
build/X86/base/cprintf.hh:139:17:   required from 'void gem5::ccprintf(gem5::cp::Print&, const T&, const Args& ...) [with T = short unsigned int; Args = {short unsigned int}]'
build/X86/base/cprintf.hh:150:13:   required from 'void gem5::ccprintf(std::ostream&, const char*, const Args& ...) [with Args = {short unsigned int, short unsigned int}; std::ostream = std::basic_ostream<char>]'
build/X86/arch/generic/pcstate.hh:395:17:   required from 'void gem5::GenericISA::UPCState<InstWidth>::output(std::ostream&) const [with int InstWidth = 8; std::ostream = std::basic_ostream<char>]'
build/X86/arch/generic/pcstate.hh:392:5:   required from here
build/X86/base/cprintf_formats.hh:245:19: warning: catching polymorphic type 'class std::exception' by value [-Wcatch-value=]
In file included from build/X86/base/cprintf.hh:38,
                 from build/X86/base/logging.hh:50,
                 from build/X86/sim/serialize.hh:60,
                 from build/X86/sim/eventq.hh:53,
                 from build/X86/sim/global_event.hh:37,
                 from build/X86/sim/sim_events.hh:46,
                 from build/X86/sim/sim_events.cc:43:
build/X86/base/cprintf_formats.hh: In instantiation of 'void gem5::cp::_formatString(std::ostream&, const T&, gem5::cp::Format&) [with T = double; std::ostream = std::basic_ostream<char>]':
build/X86/base/cprintf_formats.hh:395:18:   required from 'void gem5::cp::formatString(std::ostream&, const T&, gem5::cp::Format&) [with T = double; std::ostream = std::basic_ostream<char>]'
build/X86/base/cprintf.hh:115:25:   required from 'void gem5::cp::Print::addArg(const T&) [with T = double]'
build/X86/base/cprintf.hh:139:17:   required from 'void gem5::ccprintf(gem5::cp::Print&, const T&, const Args& ...) [with T = double; Args = {}]'
build/X86/base/cprintf.hh:150:13:   required from 'void gem5::ccprintf(std::ostream&, const char*, const Args& ...) [with Args = {double}; std::ostream = std::basic_ostream<char>]'
build/X86/base/cprintf.hh:164:13:   required from 'std::string gem5::csprintf(const char*, const Args& ...) [with Args = {double}; std::string = std::__cxx11::basic_string<char>]'
build/X86/base/stats/storage.hh:277:13:   required from here
build/X86/base/cprintf_formats.hh:245:19: warning: catching polymorphic type 'class std::exception' by value [-Wcatch-value=]
  245 |     } catch (std::exception) {
      |                   ^~~~~~~~~
build/X86/base/cprintf_formats.hh: In instantiation of 'void gem5::cp::_formatString(std::ostream&, const T&, gem5::cp::Format&) [with T = std::__cxx11::basic_string<char>; std::ostream = std::basic_ostream<char>]':
build/X86/base/cprintf_formats.hh:395:18:   required from 'void gem5::cp::formatString(std::ostream&, const T&, gem5::cp::Format&) [with T = std::__cxx11::basic_string<char>; std::ostream = std::basic_ostream<char>]'
build/X86/base/cprintf.hh:115:25:   required from 'void gem5::cp::Print::addArg(const T&) [with T = std::__cxx11::basic_string<char>]'
build/X86/base/cprintf.hh:139:17:   required from 'void gem5::ccprintf(gem5::cp::Print&, const T&, const Args& ...) [with T = std::__cxx11::basic_string<char>; Args = {}]'
build/X86/base/cprintf.hh:150:13:   required from 'void gem5::ccprintf(std::ostream&, const char*, const Args& ...) [with Args = {std::__cxx11::basic_string<char, std::char_traits<char>, std::allocator<char> >}; std::ostream = std::basic_ostream<char>]'
build/X86/base/logging.hh:102:17:   required from 'void gem5::Logger::print(const gem5::Logger::Loc&, const char*, const Args& ...) [with Args = {std::__cxx11::basic_string<char, std::char_traits<char>, std::allocator<char> >}]'
build/X86/base/stats/storage.hh:277:13:   required from here
build/X86/base/cprintf_formats.hh:245:19: warning: catching polymorphic type 'class std::exception' by value [-Wcatch-value=]
build/X86/base/cprintf_formats.hh: In instantiation of 'void gem5::cp::_formatString(std::ostream&, const T&, gem5::cp::Format&) [with T = const char*; std::ostream = std::basic_ostream<char>]':
build/X86/base/cprintf_formats.hh:395:18:   required from 'void gem5::cp::formatString(std::ostream&, const T&, gem5::cp::Format&) [with T = const char*; std::ostream = std::basic_ostream<char>]'
build/X86/base/cprintf.hh:115:25:   required from 'void gem5::cp::Print::addArg(const T&) [with T = const char*]'
build/X86/base/cprintf.hh:139:17:   required from 'void gem5::ccprintf(gem5::cp::Print&, const T&, const Args& ...) [with T = const char*; Args = {std::__cxx11::basic_string<char, std::char_traits<char>, std::allocator<char> >}]'
build/X86/base/cprintf.hh:150:13:   required from 'void gem5::ccprintf(std::ostream&, const char*, const Args& ...) [with Args = {const char*, std::__cxx11::basic_string<char, std::char_traits<char>, std::allocator<char> >}; std::ostream = std::basic_ostream<char>]'
build/X86/base/cprintf.hh:164:13:   required from 'std::string gem5::csprintf(const char*, const Args& ...) [with Args = {const char*, std::__cxx11::basic_string<char, std::char_traits<char>, std::allocator<char> >}; std::string = std::__cxx11::basic_string<char>]'
build/X86/base/statistics.hh:278:13:   required from 'gem5::statistics::DataWrap<Derived, InfoProxyType>::DataWrap(gem5::statistics::Group*, const char*, const gem5::statistics::units::Base*, const char*) [with Derived = gem5::statistics::Scalar; InfoProxyType = gem5::statistics::ScalarInfoProxy]'
build/X86/base/statistics.hh:565:70:   required from 'gem5::statistics::ScalarBase<Derived, Stor>::ScalarBase(gem5::statistics::Group*, const char*, const gem5::statistics::units::Base*, const char*) [with Derived = gem5::statistics::Scalar; Stor = gem5::statistics::StatStor]'
build/X86/base/statistics.hh:1937:68:   required from here
build/X86/base/cprintf_formats.hh:245:19: warning: catching polymorphic type 'class std::exception' by value [-Wcatch-value=]
In file included from build/X86/base/cprintf.hh:38,
                 from build/X86/base/addr_range.hh:50,
                 from build/X86/sim/mem_pool.hh:37,
                 from build/X86/sim/se_workload.hh:32,
                 from build/X86/sim/se_workload.cc:28:
build/X86/base/cprintf_formats.hh: In instantiation of 'void gem5::cp::_formatString(std::ostream&, const T&, gem5::cp::Format&) [with T = std::__cxx11::basic_string<char>; std::ostream = std::basic_ostream<char>]':
build/X86/base/cprintf_formats.hh:395:18:   required from 'void gem5::cp::formatString(std::ostream&, const T&, gem5::cp::Format&) [with T = std::__cxx11::basic_string<char>; std::ostream = std::basic_ostream<char>]'
build/X86/base/cprintf.hh:115:25:   required from 'void gem5::cp::Print::addArg(const T&) [with T = std::__cxx11::basic_string<char>]'
build/X86/base/cprintf.hh:139:17:   required from 'void gem5::ccprintf(gem5::cp::Print&, const T&, const Args& ...) [with T = std::__cxx11::basic_string<char>; Args = {long unsigned int, long unsigned int}]'
build/X86/base/cprintf.hh:150:13:   required from 'void gem5::ccprintf(std::ostream&, const char*, const Args& ...) [with Args = {std::__cxx11::basic_string<char, std::char_traits<char>, std::allocator<char> >, long unsigned int, long unsigned int}; std::ostream = std::basic_ostream<char>]'
build/X86/base/loader/memory_image.hh:169:13:   required from here
build/X86/base/cprintf_formats.hh:245:19: warning: catching polymorphic type 'class std::exception' by value [-Wcatch-value=]
  245 |     } catch (std::exception) {
      |                   ^~~~~~~~~
build/X86/base/cprintf_formats.hh: In instantiation of 'void gem5::cp::_formatString(std::ostream&, const T&, gem5::cp::Format&) [with T = long unsigned int; std::ostream = std::basic_ostream<char>]':
build/X86/base/cprintf_formats.hh:395:18:   required from 'void gem5::cp::formatString(std::ostream&, const T&, gem5::cp::Format&) [with T = long unsigned int; std::ostream = std::basic_ostream<char>]'
build/X86/base/cprintf.hh:115:25:   required from 'void gem5::cp::Print::addArg(const T&) [with T = long unsigned int]'
build/X86/base/cprintf.hh:139:17:   required from 'void gem5::ccprintf(gem5::cp::Print&, const T&, const Args& ...) [with T = long unsigned int; Args = {long unsigned int}]'
build/X86/base/cprintf.hh:150:13:   required from 'void gem5::ccprintf(std::ostream&, const char*, const Args& ...) [with Args = {long unsigned int, long unsigned int}; std::ostream = std::basic_ostream<char>]'
build/X86/arch/generic/pcstate.hh:292:17:   required from here
build/X86/base/cprintf_formats.hh:245:19: warning: catching polymorphic type 'class std::exception' by value [-Wcatch-value=]
build/X86/base/cprintf_formats.hh: In instantiation of 'void gem5::cp::_formatString(std::ostream&, const T&, gem5::cp::Format&) [with T = unsigned char; std::ostream = std::basic_ostream<char>]':
build/X86/base/cprintf_formats.hh:395:18:   required from 'void gem5::cp::formatString(std::ostream&, const T&, gem5::cp::Format&) [with T = unsigned char; std::ostream = std::basic_ostream<char>]'
build/X86/base/cprintf.hh:115:25:   required from 'void gem5::cp::Print::addArg(const T&) [with T = unsigned char]'
build/X86/base/cprintf.hh:139:17:   required from 'void gem5::ccprintf(gem5::cp::Print&, const T&, const Args& ...) [with T = unsigned char; Args = {long unsigned int}]'
build/X86/base/cprintf.hh:150:13:   required from 'void gem5::ccprintf(std::ostream&, const char*, const Args& ...) [with Args = {unsigned char, long unsigned int}; std::ostream = std::basic_ostream<char>]'
build/X86/base/cprintf.hh:164:13:   required from 'std::string gem5::csprintf(const char*, const Args& ...) [with Args = {unsigned char, long unsigned int}; std::string = std::__cxx11::basic_string<char>]'
build/X86/base/addr_range.hh:189:9:   required from here
build/X86/base/cprintf_formats.hh:245:19: warning: catching polymorphic type 'class std::exception' by value [-Wcatch-value=]
build/X86/base/cprintf_formats.hh: In instantiation of 'void gem5::cp::_formatString(std::ostream&, const T&, gem5::cp::Format&) [with T = int; std::ostream = std::basic_ostream<char>]':
build/X86/base/cprintf_formats.hh:395:18:   required from 'void gem5::cp::formatString(std::ostream&, const T&, gem5::cp::Format&) [with T = int; std::ostream = std::basic_ostream<char>]'
build/X86/base/cprintf.hh:115:25:   required from 'void gem5::cp::Print::addArg(const T&) [with T = int]'
build/X86/base/cprintf.hh:139:17:   required from 'void gem5::ccprintf(gem5::cp::Print&, const T&, const Args& ...) [with T = int; Args = {}]'
build/X86/base/cprintf.hh:150:13:   required from 'void gem5::ccprintf(std::ostream&, const char*, const Args& ...) [with Args = {int}; std::ostream = std::basic_ostream<char>]'
build/X86/base/cprintf.hh:164:13:   required from 'std::string gem5::csprintf(const char*, const Args& ...) [with Args = {int}; std::string = std::__cxx11::basic_string<char>]'
build/X86/base/addr_range.hh:370:36:   required from here
build/X86/base/cprintf_formats.hh:245:19: warning: catching polymorphic type 'class std::exception' by value [-Wcatch-value=]
build/X86/base/cprintf_formats.hh: In instantiation of 'void gem5::cp::_formatString(std::ostream&, const T&, gem5::cp::Format&) [with T = double; std::ostream = std::basic_ostream<char>]':
build/X86/base/cprintf_formats.hh:395:18:   required from 'void gem5::cp::formatString(std::ostream&, const T&, gem5::cp::Format&) [with T = double; std::ostream = std::basic_ostream<char>]'
build/X86/base/cprintf.hh:115:25:   required from 'void gem5::cp::Print::addArg(const T&) [with T = double]'
build/X86/base/cprintf.hh:139:17:   required from 'void gem5::ccprintf(gem5::cp::Print&, const T&, const Args& ...) [with T = double; Args = {}]'
build/X86/base/cprintf.hh:150:13:   required from 'void gem5::ccprintf(std::ostream&, const char*, const Args& ...) [with Args = {double}; std::ostream = std::basic_ostream<char>]'
build/X86/base/cprintf.hh:164:13:   required from 'std::string gem5::csprintf(const char*, const Args& ...) [with Args = {double}; std::string = std::__cxx11::basic_string<char>]'
build/X86/base/stats/storage.hh:277:13:   required from here
build/X86/base/cprintf_formats.hh:245:19: warning: catching polymorphic type 'class std::exception' by value [-Wcatch-value=]
build/X86/base/cprintf_formats.hh: In instantiation of 'void gem5::cp::_formatString(std::ostream&, const T&, gem5::cp::Format&) [with T = unsigned int; std::ostream = std::basic_ostream<char>]':
build/X86/base/cprintf_formats.hh:395:18:   required from 'void gem5::cp::formatString(std::ostream&, const T&, gem5::cp::Format&) [with T = unsigned int; std::ostream = std::basic_ostream<char>]'
build/X86/base/cprintf.hh:115:25:   required from 'void gem5::cp::Print::addArg(const T&) [with T = unsigned int]'
build/X86/base/cprintf.hh:139:17:   required from 'void gem5::ccprintf(gem5::cp::Print&, const T&, const Args& ...) [with T = unsigned int; Args = {}]'
build/X86/base/cprintf.hh:150:13:   required from 'void gem5::ccprintf(std::ostream&, const char*, const Args& ...) [with Args = {unsigned int}; std::ostream = std::basic_ostream<char>]'
build/X86/base/cprintf.hh:164:13:   required from 'std::string gem5::csprintf(const char*, const Args& ...) [with Args = {unsigned int}; std::string = std::__cxx11::basic_string<char>]'
build/X86/arch/x86/regs/misc.hh:909:13:   required from here
build/X86/base/cprintf_formats.hh:245:19: warning: catching polymorphic type 'class std::exception' by value [-Wcatch-value=]
build/X86/base/cprintf_formats.hh: In instantiation of 'void gem5::cp::_formatString(std::ostream&, const T&, gem5::cp::Format&) [with T = long int; std::ostream = std::basic_ostream<char>]':
build/X86/base/cprintf_formats.hh:395:18:   required from 'void gem5::cp::formatString(std::ostream&, const T&, gem5::cp::Format&) [with T = long int; std::ostream = std::basic_ostream<char>]'
build/X86/base/cprintf.hh:115:25:   required from 'void gem5::cp::Print::addArg(const T&) [with T = long int]'
build/X86/base/cprintf.hh:139:17:   required from 'void gem5::ccprintf(gem5::cp::Print&, const T&, const Args& ...) [with T = long int; Args = {long unsigned int}]'
build/X86/base/cprintf.hh:150:13:   required from 'void gem5::ccprintf(std::ostream&, const char*, const Args& ...) [with Args = {long int, long unsigned int}; std::ostream = std::basic_ostream<char>]'
build/X86/base/cprintf.hh:164:13:   required from 'std::string gem5::csprintf(const char*, const Args& ...) [with Args = {long int, long unsigned int}; std::string = std::__cxx11::basic_string<char>]'
build/X86/base/addr_range.hh:123:13:   required from 'gem5::AddrRange::AddrRange(gem5::AddrRange::Dummy, Iterator, Iterator) [with Iterator = __gnu_cxx::__normal_iterator<gem5::AddrRange*, std::vector<gem5::AddrRange> >]'
build/X86/base/addr_range.hh:271:58:   required from here
build/X86/base/cprintf_formats.hh:245:19: warning: catching polymorphic type 'class std::exception' by value [-Wcatch-value=]
In file included from build/X86/base/cprintf.hh:38,
                 from build/X86/base/stats/units.hh:35,
                 from build/X86/base/stats/group.hh:46,
                 from build/X86/sim/sim_object.hh:53,
                 from build/X86/sim/sim_object.cc:30:
build/X86/base/cprintf_formats.hh: In instantiation of 'void gem5::cp::_formatString(std::ostream&, const T&, gem5::cp::Format&) [with T = std::__cxx11::basic_string<char>; std::ostream = std::basic_ostream<char>]':
build/X86/base/cprintf_formats.hh:395:18:   required from 'void gem5::cp::formatString(std::ostream&, const T&, gem5::cp::Format&) [with T = std::__cxx11::basic_string<char>; std::ostream = std::basic_ostream<char>]'
build/X86/base/cprintf.hh:115:25:   required from 'void gem5::cp::Print::addArg(const T&) [with T = std::__cxx11::basic_string<char>]'
build/X86/base/cprintf.hh:139:17:   required from 'void gem5::ccprintf(gem5::cp::Print&, const T&, const Args& ...) [with T = std::__cxx11::basic_string<char>; Args = {std::__cxx11::basic_string<char, std::char_traits<char>, std::allocator<char> >}]'
build/X86/base/cprintf.hh:150:13:   required from 'void gem5::ccprintf(std::ostream&, const char*, const Args& ...) [with Args = {std::__cxx11::basic_string<char, std::char_traits<char>, std::allocator<char> >, std::__cxx11::basic_string<char, std::char_traits<char>, std::allocator<char> >}; std::ostream = std::basic_ostream<char>]'
build/X86/base/logging.hh:102:17:   required from 'void gem5::Logger::print(const gem5::Logger::Loc&, const char*, const Args& ...) [with Args = {std::__cxx11::basic_string<char, std::char_traits<char>, std::allocator<char> >, std::__cxx11::basic_string<char, std::char_traits<char>, std::allocator<char> >}]'
build/X86/sim/sim_object.cc:128:5:   required from here
build/X86/base/cprintf_formats.hh:245:19: warning: catching polymorphic type 'class std::exception' by value [-Wcatch-value=]
  245 |     } catch (std::exception) {
      |                   ^~~~~~~~~
build/X86/base/cprintf_formats.hh: In instantiation of 'void gem5::cp::_formatString(std::ostream&, const T&, gem5::cp::Format&) [with T = char [10]; std::ostream = std::basic_ostream<char>]':
build/X86/base/cprintf_formats.hh:395:18:   required from 'void gem5::cp::formatString(std::ostream&, const T&, gem5::cp::Format&) [with T = char [10]; std::ostream = std::basic_ostream<char>]'
build/X86/base/cprintf.hh:115:25:   required from 'void gem5::cp::Print::addArg(const T&) [with T = char [10]]'
build/X86/base/cprintf.hh:139:17:   required from 'void gem5::ccprintf(gem5::cp::Print&, const T&, const Args& ...) [with T = char [10]; Args = {}]'
build/X86/base/cprintf.hh:141:13:   required from 'void gem5::ccprintf(gem5::cp::Print&, const T&, const Args& ...) [with T = std::__cxx11::basic_string<char>; Args = {char [10]}]'
build/X86/base/cprintf.hh:150:13:   required from 'void gem5::ccprintf(std::ostream&, const char*, const Args& ...) [with Args = {std::__cxx11::basic_string<char, std::char_traits<char>, std::allocator<char> >, char [10]}; std::ostream = std::basic_ostream<char>]'
build/X86/base/logging.hh:102:17:   required from 'void gem5::Logger::print(const gem5::Logger::Loc&, const char*, const Args& ...) [with Args = {std::__cxx11::basic_string<char, std::char_traits<char>, std::allocator<char> >, char [10]}]'
build/X86/mem/port.hh:445:9:   required from here
build/X86/base/cprintf_formats.hh:245:19: warning: catching polymorphic type 'class std::exception' by value [-Wcatch-value=]
build/X86/base/cprintf_formats.hh: In instantiation of 'void gem5::cp::_formatString(std::ostream&, const T&, gem5::cp::Format&) [with T = const char*; std::ostream = std::basic_ostream<char>]':
build/X86/base/cprintf_formats.hh:395:18:   required from 'void gem5::cp::formatString(std::ostream&, const T&, gem5::cp::Format&) [with T = const char*; std::ostream = std::basic_ostream<char>]'
build/X86/base/cprintf.hh:115:25:   required from 'void gem5::cp::Print::addArg(const T&) [with T = const char*]'
build/X86/base/cprintf.hh:139:17:   required from 'void gem5::ccprintf(gem5::cp::Print&, const T&, const Args& ...) [with T = const char*; Args = {std::__cxx11::basic_string<char, std::char_traits<char>, std::allocator<char> >}]'
build/X86/base/cprintf.hh:150:13:   required from 'void gem5::ccprintf(std::ostream&, const char*, const Args& ...) [with Args = {const char*, std::__cxx11::basic_string<char, std::char_traits<char>, std::allocator<char> >}; std::ostream = std::basic_ostream<char>]'
build/X86/base/cprintf.hh:164:13:   required from 'std::string gem5::csprintf(const char*, const Args& ...) [with Args = {const char*, std::__cxx11::basic_string<char, std::char_traits<char>, std::allocator<char> >}; std::string = std::__cxx11::basic_string<char>]'
build/X86/base/statistics.hh:278:13:   required from 'gem5::statistics::DataWrap<Derived, InfoProxyType>::DataWrap(gem5::statistics::Group*, const char*, const gem5::statistics::units::Base*, const char*) [with Derived = gem5::statistics::Scalar; InfoProxyType = gem5::statistics::ScalarInfoProxy]'
build/X86/base/statistics.hh:565:70:   required from 'gem5::statistics::ScalarBase<Derived, Stor>::ScalarBase(gem5::statistics::Group*, const char*, const gem5::statistics::units::Base*, const char*) [with Derived = gem5::statistics::Scalar; Stor = gem5::statistics::StatStor]'
build/X86/base/statistics.hh:1937:68:   required from here
build/X86/base/cprintf_formats.hh:245:19: warning: catching polymorphic type 'class std::exception' by value [-Wcatch-value=]
 [     CXX] X86/sim/sub_system.cc -> .o
 [     CXX] X86/sim/ticked_object.cc -> .o
 [     CXX] X86/sim/simulate.cc -> .o
In file included from build/X86/base/cprintf.hh:38,
                 from build/X86/base/stats/units.hh:35,
                 from build/X86/base/stats/group.hh:46,
                 from build/X86/sim/sim_object.hh:53,
                 from build/X86/sim/sub_system.hh:49,
                 from build/X86/sim/sub_system.cc:38:
build/X86/base/cprintf_formats.hh: In instantiation of 'void gem5::cp::_formatString(std::ostream&, const T&, gem5::cp::Format&) [with T = double; std::ostream = std::basic_ostream<char>]':
build/X86/base/cprintf_formats.hh:395:18:   required from 'void gem5::cp::formatString(std::ostream&, const T&, gem5::cp::Format&) [with T = double; std::ostream = std::basic_ostream<char>]'
build/X86/base/cprintf.hh:115:25:   required from 'void gem5::cp::Print::addArg(const T&) [with T = double]'
build/X86/base/cprintf.hh:139:17:   required from 'void gem5::ccprintf(gem5::cp::Print&, const T&, const Args& ...) [with T = double; Args = {}]'
build/X86/base/cprintf.hh:150:13:   required from 'void gem5::ccprintf(std::ostream&, const char*, const Args& ...) [with Args = {double}; std::ostream = std::basic_ostream<char>]'
build/X86/base/cprintf.hh:164:13:   required from 'std::string gem5::csprintf(const char*, const Args& ...) [with Args = {double}; std::string = std::__cxx11::basic_string<char>]'
build/X86/base/stats/storage.hh:277:13:   required from here
build/X86/base/cprintf_formats.hh:245:19: warning: catching polymorphic type 'class std::exception' by value [-Wcatch-value=]
  245 |     } catch (std::exception) {
      |                   ^~~~~~~~~
build/X86/base/cprintf_formats.hh: In instantiation of 'void gem5::cp::_formatString(std::ostream&, const T&, gem5::cp::Format&) [with T = std::__cxx11::basic_string<char>; std::ostream = std::basic_ostream<char>]':
build/X86/base/cprintf_formats.hh:395:18:   required from 'void gem5::cp::formatString(std::ostream&, const T&, gem5::cp::Format&) [with T = std::__cxx11::basic_string<char>; std::ostream = std::basic_ostream<char>]'
build/X86/base/cprintf.hh:115:25:   required from 'void gem5::cp::Print::addArg(const T&) [with T = std::__cxx11::basic_string<char>]'
build/X86/base/cprintf.hh:139:17:   required from 'void gem5::ccprintf(gem5::cp::Print&, const T&, const Args& ...) [with T = std::__cxx11::basic_string<char>; Args = {}]'
build/X86/base/cprintf.hh:150:13:   required from 'void gem5::ccprintf(std::ostream&, const char*, const Args& ...) [with Args = {std::__cxx11::basic_string<char, std::char_traits<char>, std::allocator<char> >}; std::ostream = std::basic_ostream<char>]'
build/X86/base/logging.hh:102:17:   required from 'void gem5::Logger::print(const gem5::Logger::Loc&, const char*, const Args& ...) [with Args = {std::__cxx11::basic_string<char, std::char_traits<char>, std::allocator<char> >}]'
build/X86/base/stats/storage.hh:277:13:   required from here
build/X86/base/cprintf_formats.hh:245:19: warning: catching polymorphic type 'class std::exception' by value [-Wcatch-value=]
build/X86/base/cprintf_formats.hh: In instantiation of 'void gem5::cp::_formatString(std::ostream&, const T&, gem5::cp::Format&) [with T = const char*; std::ostream = std::basic_ostream<char>]':
build/X86/base/cprintf_formats.hh:395:18:   required from 'void gem5::cp::formatString(std::ostream&, const T&, gem5::cp::Format&) [with T = const char*; std::ostream = std::basic_ostream<char>]'
build/X86/base/cprintf.hh:115:25:   required from 'void gem5::cp::Print::addArg(const T&) [with T = const char*]'
build/X86/base/cprintf.hh:139:17:   required from 'void gem5::ccprintf(gem5::cp::Print&, const T&, const Args& ...) [with T = const char*; Args = {std::__cxx11::basic_string<char, std::char_traits<char>, std::allocator<char> >}]'
build/X86/base/cprintf.hh:150:13:   required from 'void gem5::ccprintf(std::ostream&, const char*, const Args& ...) [with Args = {const char*, std::__cxx11::basic_string<char, std::char_traits<char>, std::allocator<char> >}; std::ostream = std::basic_ostream<char>]'
build/X86/base/cprintf.hh:164:13:   required from 'std::string gem5::csprintf(const char*, const Args& ...) [with Args = {const char*, std::__cxx11::basic_string<char, std::char_traits<char>, std::allocator<char> >}; std::string = std::__cxx11::basic_string<char>]'
build/X86/base/statistics.hh:278:13:   required from 'gem5::statistics::DataWrap<Derived, InfoProxyType>::DataWrap(gem5::statistics::Group*, const char*, const gem5::statistics::units::Base*, const char*) [with Derived = gem5::statistics::Scalar; InfoProxyType = gem5::statistics::ScalarInfoProxy]'
build/X86/base/statistics.hh:565:70:   required from 'gem5::statistics::ScalarBase<Derived, Stor>::ScalarBase(gem5::statistics::Group*, const char*, const gem5::statistics::units::Base*, const char*) [with Derived = gem5::statistics::Scalar; Stor = gem5::statistics::StatStor]'
build/X86/base/statistics.hh:1937:68:   required from here
build/X86/base/cprintf_formats.hh:245:19: warning: catching polymorphic type 'class std::exception' by value [-Wcatch-value=]
In file included from build/X86/base/cprintf.hh:38,
                 from build/X86/base/logging.hh:50,
                 from build/X86/sim/simulate.cc:49:
build/X86/base/cprintf_formats.hh: In instantiation of 'void gem5::cp::_formatString(std::ostream&, const T&, gem5::cp::Format&) [with T = long unsigned int; std::ostream = std::basic_ostream<char>]':
build/X86/base/cprintf_formats.hh:395:18:   required from 'void gem5::cp::formatString(std::ostream&, const T&, gem5::cp::Format&) [with T = long unsigned int; std::ostream = std::basic_ostream<char>]'
build/X86/base/cprintf.hh:115:25:   required from 'void gem5::cp::Print::addArg(const T&) [with T = long unsigned int]'
build/X86/base/cprintf.hh:139:17:   required from 'void gem5::ccprintf(gem5::cp::Print&, const T&, const Args& ...) [with T = long unsigned int; Args = {}]'
build/X86/base/cprintf.hh:150:13:   required from 'void gem5::ccprintf(std::ostream&, const char*, const Args& ...) [with Args = {long unsigned int}; std::ostream = std::basic_ostream<char>]'
build/X86/base/logging.hh:102:17:   required from 'void gem5::Logger::print(const gem5::Logger::Loc&, const char*, const Args& ...) [with Args = {long unsigned int}]'
build/X86/sim/simulate.cc:194:5:   required from here
build/X86/base/cprintf_formats.hh:245:19: warning: catching polymorphic type 'class std::exception' by value [-Wcatch-value=]
  245 |     } catch (std::exception) {
      |                   ^~~~~~~~~
build/X86/base/cprintf_formats.hh: In instantiation of 'void gem5::cp::_formatString(std::ostream&, const T&, gem5::cp::Format&) [with T = std::__cxx11::basic_string<char>; std::ostream = std::basic_ostream<char>]':
build/X86/base/cprintf_formats.hh:395:18:   required from 'void gem5::cp::formatString(std::ostream&, const T&, gem5::cp::Format&) [with T = std::__cxx11::basic_string<char>; std::ostream = std::basic_ostream<char>]'
build/X86/base/cprintf.hh:115:25:   required from 'void gem5::cp::Print::addArg(const T&) [with T = std::__cxx11::basic_string<char>]'
build/X86/base/cprintf.hh:139:17:   required from 'void gem5::ccprintf(gem5::cp::Print&, const T&, const Args& ...) [with T = std::__cxx11::basic_string<char>; Args = {}]'
build/X86/base/cprintf.hh:150:13:   required from 'void gem5::ccprintf(std::ostream&, const char*, const Args& ...) [with Args = {std::__cxx11::basic_string<char, std::char_traits<char>, std::allocator<char> >}; std::ostream = std::basic_ostream<char>]'
build/X86/base/logging.hh:102:17:   required from 'void gem5::Logger::print(const gem5::Logger::Loc&, const char*, const Args& ...) [with Args = {std::__cxx11::basic_string<char, std::char_traits<char>, std::allocator<char> >}]'
build/X86/sim/simulate.cc:207:9:   required from here
build/X86/base/cprintf_formats.hh:245:19: warning: catching polymorphic type 'class std::exception' by value [-Wcatch-value=]
 [     CXX] X86/sim/stat_control.cc -> .o
 [     CXX] X86/sim/stat_register.cc -> .o
In file included from build/X86/base/cprintf.hh:38,
                 from build/X86/base/statistics.hh:78,
                 from build/X86/sim/clock_domain.hh:49,
                 from build/X86/sim/clocked_object.hh:50,
                 from build/X86/sim/ticked_object.hh:49,
                 from build/X86/sim/ticked_object.cc:38:
build/X86/base/cprintf_formats.hh: In instantiation of 'void gem5::cp::_formatString(std::ostream&, const T&, gem5::cp::Format&) [with T = double; std::ostream = std::basic_ostream<char>]':
build/X86/base/cprintf_formats.hh:395:18:   required from 'void gem5::cp::formatString(std::ostream&, const T&, gem5::cp::Format&) [with T = double; std::ostream = std::basic_ostream<char>]'
build/X86/base/cprintf.hh:115:25:   required from 'void gem5::cp::Print::addArg(const T&) [with T = double]'
build/X86/base/cprintf.hh:139:17:   required from 'void gem5::ccprintf(gem5::cp::Print&, const T&, const Args& ...) [with T = double; Args = {}]'
build/X86/base/cprintf.hh:150:13:   required from 'void gem5::ccprintf(std::ostream&, const char*, const Args& ...) [with Args = {double}; std::ostream = std::basic_ostream<char>]'
build/X86/base/cprintf.hh:164:13:   required from 'std::string gem5::csprintf(const char*, const Args& ...) [with Args = {double}; std::string = std::__cxx11::basic_string<char>]'
build/X86/base/stats/storage.hh:277:13:   required from here
build/X86/base/cprintf_formats.hh:245:19: warning: catching polymorphic type 'class std::exception' by value [-Wcatch-value=]
  245 |     } catch (std::exception) {
      |                   ^~~~~~~~~
build/X86/base/cprintf_formats.hh: In instantiation of 'void gem5::cp::_formatString(std::ostream&, const T&, gem5::cp::Format&) [with T = std::__cxx11::basic_string<char>; std::ostream = std::basic_ostream<char>]':
build/X86/base/cprintf_formats.hh:395:18:   required from 'void gem5::cp::formatString(std::ostream&, const T&, gem5::cp::Format&) [with T = std::__cxx11::basic_string<char>; std::ostream = std::basic_ostream<char>]'
build/X86/base/cprintf.hh:115:25:   required from 'void gem5::cp::Print::addArg(const T&) [with T = std::__cxx11::basic_string<char>]'
build/X86/base/cprintf.hh:139:17:   required from 'void gem5::ccprintf(gem5::cp::Print&, const T&, const Args& ...) [with T = std::__cxx11::basic_string<char>; Args = {}]'
build/X86/base/cprintf.hh:150:13:   required from 'void gem5::ccprintf(std::ostream&, const char*, const Args& ...) [with Args = {std::__cxx11::basic_string<char, std::char_traits<char>, std::allocator<char> >}; std::ostream = std::basic_ostream<char>]'
build/X86/base/logging.hh:102:17:   required from 'void gem5::Logger::print(const gem5::Logger::Loc&, const char*, const Args& ...) [with Args = {std::__cxx11::basic_string<char, std::char_traits<char>, std::allocator<char> >}]'
build/X86/base/stats/storage.hh:277:13:   required from here
build/X86/base/cprintf_formats.hh:245:19: warning: catching polymorphic type 'class std::exception' by value [-Wcatch-value=]
build/X86/base/cprintf_formats.hh: In instantiation of 'void gem5::cp::_formatString(std::ostream&, const T&, gem5::cp::Format&) [with T = const char*; std::ostream = std::basic_ostream<char>]':
build/X86/base/cprintf_formats.hh:395:18:   required from 'void gem5::cp::formatString(std::ostream&, const T&, gem5::cp::Format&) [with T = const char*; std::ostream = std::basic_ostream<char>]'
build/X86/base/cprintf.hh:115:25:   required from 'void gem5::cp::Print::addArg(const T&) [with T = const char*]'
build/X86/base/cprintf.hh:139:17:   required from 'void gem5::ccprintf(gem5::cp::Print&, const T&, const Args& ...) [with T = const char*; Args = {std::__cxx11::basic_string<char, std::char_traits<char>, std::allocator<char> >}]'
build/X86/base/cprintf.hh:150:13:   required from 'void gem5::ccprintf(std::ostream&, const char*, const Args& ...) [with Args = {const char*, std::__cxx11::basic_string<char, std::char_traits<char>, std::allocator<char> >}; std::ostream = std::basic_ostream<char>]'
build/X86/base/cprintf.hh:164:13:   required from 'std::string gem5::csprintf(const char*, const Args& ...) [with Args = {const char*, std::__cxx11::basic_string<char, std::char_traits<char>, std::allocator<char> >}; std::string = std::__cxx11::basic_string<char>]'
build/X86/base/statistics.hh:278:13:   required from 'gem5::statistics::DataWrap<Derived, InfoProxyType>::DataWrap(gem5::statistics::Group*, const char*, const gem5::statistics::units::Base*, const char*) [with Derived = gem5::statistics::Scalar; InfoProxyType = gem5::statistics::ScalarInfoProxy]'
build/X86/base/statistics.hh:565:70:   required from 'gem5::statistics::ScalarBase<Derived, Stor>::ScalarBase(gem5::statistics::Group*, const char*, const gem5::statistics::units::Base*, const char*) [with Derived = gem5::statistics::Scalar; Stor = gem5::statistics::StatStor]'
build/X86/base/statistics.hh:1937:68:   required from here
build/X86/base/cprintf_formats.hh:245:19: warning: catching polymorphic type 'class std::exception' by value [-Wcatch-value=]
In file included from build/X86/base/cprintf.hh:38,
                 from build/X86/base/trace.hh:40,
                 from build/X86/arch/generic/pcstate.hh:49,
                 from build/X86/arch/generic/decoder.hh:31,
                 from build/X86/arch/x86/decoder.hh:36,
                 from build/X86/arch/x86/generated/decoder-g.cc.inc:8,
                 from build/X86/arch/x86/generated/inst-constrs.cc:5:
build/X86/base/cprintf_formats.hh: In instantiation of 'void gem5::cp::_formatString(std::ostream&, const T&, gem5::cp::Format&) [with T = long unsigned int; std::ostream = std::basic_ostream<char>]':
build/X86/base/cprintf_formats.hh:395:18:   required from 'void gem5::cp::formatString(std::ostream&, const T&, gem5::cp::Format&) [with T = long unsigned int; std::ostream = std::basic_ostream<char>]'
build/X86/base/cprintf.hh:115:25:   required from 'void gem5::cp::Print::addArg(const T&) [with T = long unsigned int]'
build/X86/base/cprintf.hh:139:17:   required from 'void gem5::ccprintf(gem5::cp::Print&, const T&, const Args& ...) [with T = long unsigned int; Args = {long unsigned int}]'
build/X86/base/cprintf.hh:150:13:   required from 'void gem5::ccprintf(std::ostream&, const char*, const Args& ...) [with Args = {long unsigned int, long unsigned int}; std::ostream = std::basic_ostream<char>]'
build/X86/arch/generic/pcstate.hh:292:17:   required from here
build/X86/base/cprintf_formats.hh:245:19: warning: catching polymorphic type 'class std::exception' by value [-Wcatch-value=]
  245 |     } catch (std::exception) {
      |                   ^~~~~~~~~
build/X86/base/cprintf_formats.hh: In instantiation of 'void gem5::cp::_formatString(std::ostream&, const T&, gem5::cp::Format&) [with T = unsigned char; std::ostream = std::basic_ostream<char>]':
build/X86/base/cprintf_formats.hh:395:18:   required from 'void gem5::cp::formatString(std::ostream&, const T&, gem5::cp::Format&) [with T = unsigned char; std::ostream = std::basic_ostream<char>]'
build/X86/base/cprintf.hh:115:25:   required from 'void gem5::cp::Print::addArg(const T&) [with T = unsigned char]'
build/X86/base/cprintf.hh:139:17:   required from 'void gem5::ccprintf(gem5::cp::Print&, const T&, const Args& ...) [with T = unsigned char; Args = {unsigned char, unsigned char, const char*, unsigned char, unsigned char, unsigned char, long unsigned int, long unsigned int, unsigned char}]'
build/X86/base/cprintf.hh:150:13:   required from 'void gem5::ccprintf(std::ostream&, const char*, const Args& ...) [with Args = {unsigned char, unsigned char, unsigned char, const char*, unsigned char, unsigned char, unsigned char, long unsigned int, long unsigned int, unsigned char}; std::ostream = std::basic_ostream<char>]'
build/X86/arch/x86/types.hh:245:13:   required from here
build/X86/base/cprintf_formats.hh:245:19: warning: catching polymorphic type 'class std::exception' by value [-Wcatch-value=]
build/X86/base/cprintf_formats.hh: In instantiation of 'void gem5::cp::_formatString(std::ostream&, const T&, gem5::cp::Format&) [with T = const char*; std::ostream = std::basic_ostream<char>]':
build/X86/base/cprintf_formats.hh:395:18:   required from 'void gem5::cp::formatString(std::ostream&, const T&, gem5::cp::Format&) [with T = const char*; std::ostream = std::basic_ostream<char>]'
build/X86/base/cprintf.hh:115:25:   required from 'void gem5::cp::Print::addArg(const T&) [with T = const char*]'
build/X86/base/cprintf.hh:139:17:   required from 'void gem5::ccprintf(gem5::cp::Print&, const T&, const Args& ...) [with T = const char*; Args = {const char*}]'
build/X86/base/cprintf.hh:150:13:   required from 'void gem5::ccprintf(std::ostream&, const char*, const Args& ...) [with Args = {const char*, const char*}; std::ostream = std::basic_ostream<char>]'
build/X86/arch/x86/insts/microop.hh:128:17:   required from here
build/X86/base/cprintf_formats.hh:245:19: warning: catching polymorphic type 'class std::exception' by value [-Wcatch-value=]
build/X86/base/cprintf_formats.hh: In instantiation of 'void gem5::cp::_formatString(std::ostream&, const T&, gem5::cp::Format&) [with T = short unsigned int; std::ostream = std::basic_ostream<char>]':
build/X86/base/cprintf_formats.hh:395:18:   required from 'void gem5::cp::formatString(std::ostream&, const T&, gem5::cp::Format&) [with T = short unsigned int; std::ostream = std::basic_ostream<char>]'
build/X86/base/cprintf.hh:115:25:   required from 'void gem5::cp::Print::addArg(const T&) [with T = short unsigned int]'
build/X86/base/cprintf.hh:139:17:   required from 'void gem5::ccprintf(gem5::cp::Print&, const T&, const Args& ...) [with T = short unsigned int; Args = {}]'
build/X86/base/cprintf.hh:150:13:   required from 'void gem5::ccprintf(std::ostream&, const char*, const Args& ...) [with Args = {short unsigned int}; std::ostream = std::basic_ostream<char>]'
build/X86/arch/x86/insts/microop_args.hh:323:17:   required from here
build/X86/base/cprintf_formats.hh:245:19: warning: catching polymorphic type 'class std::exception' by value [-Wcatch-value=]
build/X86/base/cprintf_formats.hh: In instantiation of 'void gem5::cp::_formatString(std::ostream&, const T&, gem5::cp::Format&) [with T = std::__cxx11::basic_string<char>; std::ostream = std::basic_ostream<char>]':
build/X86/base/cprintf_formats.hh:395:18:   required from 'void gem5::cp::formatString(std::ostream&, const T&, gem5::cp::Format&) [with T = std::__cxx11::basic_string<char>; std::ostream = std::basic_ostream<char>]'
build/X86/base/cprintf.hh:115:25:   required from 'void gem5::cp::Print::addArg(const T&) [with T = std::__cxx11::basic_string<char>]'
build/X86/base/cprintf.hh:139:17:   required from 'void gem5::ccprintf(gem5::cp::Print&, const T&, const Args& ...) [with T = std::__cxx11::basic_string<char>; Args = {long unsigned int, long unsigned int}]'
build/X86/base/cprintf.hh:150:13:   required from 'void gem5::ccprintf(std::ostream&, const char*, const Args& ...) [with Args = {std::__cxx11::basic_string<char, std::char_traits<char>, std::allocator<char> >, long unsigned int, long unsigned int}; std::ostream = std::basic_ostream<char>]'
build/X86/base/loader/memory_image.hh:169:13:   required from here
build/X86/base/cprintf_formats.hh:245:19: warning: catching polymorphic type 'class std::exception' by value [-Wcatch-value=]
build/X86/base/cprintf_formats.hh: In instantiation of 'void gem5::cp::_formatString(std::ostream&, const T&, gem5::cp::Format&) [with T = unsigned int; std::ostream = std::basic_ostream<char>]':
build/X86/base/cprintf_formats.hh:395:18:   required from 'void gem5::cp::formatString(std::ostream&, const T&, gem5::cp::Format&) [with T = unsigned int; std::ostream = std::basic_ostream<char>]'
build/X86/base/cprintf.hh:115:25:   required from 'void gem5::cp::Print::addArg(const T&) [with T = unsigned int]'
build/X86/base/cprintf.hh:139:17:   required from 'void gem5::ccprintf(gem5::cp::Print&, const T&, const Args& ...) [with T = unsigned int; Args = {}]'
build/X86/base/cprintf.hh:150:13:   required from 'void gem5::ccprintf(std::ostream&, const char*, const Args& ...) [with Args = {unsigned int}; std::ostream = std::basic_ostream<char>]'
build/X86/base/cprintf.hh:164:13:   required from 'std::string gem5::csprintf(const char*, const Args& ...) [with Args = {unsigned int}; std::string = std::__cxx11::basic_string<char>]'
build/X86/arch/x86/regs/misc.hh:909:13:   required from here
build/X86/base/cprintf_formats.hh:245:19: warning: catching polymorphic type 'class std::exception' by value [-Wcatch-value=]
build/X86/base/cprintf_formats.hh: In instantiation of 'void gem5::cp::_formatString(std::ostream&, const T&, gem5::cp::Format&) [with T = int; std::ostream = std::basic_ostream<char>]':
build/X86/base/cprintf_formats.hh:395:18:   required from 'void gem5::cp::formatString(std::ostream&, const T&, gem5::cp::Format&) [with T = int; std::ostream = std::basic_ostream<char>]'
build/X86/base/cprintf.hh:115:25:   required from 'void gem5::cp::Print::addArg(const T&) [with T = int]'
build/X86/base/cprintf.hh:139:17:   required from 'void gem5::ccprintf(gem5::cp::Print&, const T&, const Args& ...) [with T = int; Args = {long unsigned int}]'
build/X86/base/cprintf.hh:150:13:   required from 'void gem5::ccprintf(std::ostream&, const char*, const Args& ...) [with Args = {int, long unsigned int}; std::ostream = std::basic_ostream<char>]'
build/X86/base/trace.hh:82:17:   required from 'void gem5::Trace::Logger::dprintf_flag(gem5::Tick, const string&, const string&, const char*, const Args& ...) [with Args = {int, long unsigned int}; gem5::Tick = long unsigned int; std::string = std::__cxx11::basic_string<char>]'
build/X86/arch/x86/decoder.hh:149:13:   required from here
build/X86/base/cprintf_formats.hh:245:19: warning: catching polymorphic type 'class std::exception' by value [-Wcatch-value=]
build/X86/base/cprintf_formats.hh: In instantiation of 'void gem5::cp::_formatString(std::ostream&, const T&, gem5::cp::Format&) [with T = double; std::ostream = std::basic_ostream<char>]':
build/X86/base/cprintf_formats.hh:395:18:   required from 'void gem5::cp::formatString(std::ostream&, const T&, gem5::cp::Format&) [with T = double; std::ostream = std::basic_ostream<char>]'
build/X86/base/cprintf.hh:115:25:   required from 'void gem5::cp::Print::addArg(const T&) [with T = double]'
build/X86/base/cprintf.hh:139:17:   required from 'void gem5::ccprintf(gem5::cp::Print&, const T&, const Args& ...) [with T = double; Args = {}]'
build/X86/base/cprintf.hh:150:13:   required from 'void gem5::ccprintf(std::ostream&, const char*, const Args& ...) [with Args = {double}; std::ostream = std::basic_ostream<char>]'
build/X86/base/cprintf.hh:164:13:   required from 'std::string gem5::csprintf(const char*, const Args& ...) [with Args = {double}; std::string = std::__cxx11::basic_string<char>]'
build/X86/base/stats/storage.hh:277:13:   required from here
build/X86/base/cprintf_formats.hh:245:19: warning: catching polymorphic type 'class std::exception' by value [-Wcatch-value=]
build/X86/base/cprintf_formats.hh: In instantiation of 'void gem5::cp::_formatString(std::ostream&, const T&, gem5::cp::Format&) [with T = gem5::PCStateBase; std::ostream = std::basic_ostream<char>]':
build/X86/base/cprintf_formats.hh:395:18:   required from 'void gem5::cp::formatString(std::ostream&, const T&, gem5::cp::Format&) [with T = gem5::PCStateBase; std::ostream = std::basic_ostream<char>]'
build/X86/base/cprintf.hh:115:25:   required from 'void gem5::cp::Print::addArg(const T&) [with T = gem5::PCStateBase]'
build/X86/base/cprintf.hh:139:17:   required from 'void gem5::ccprintf(gem5::cp::Print&, const T&, const Args& ...) [with T = gem5::PCStateBase; Args = {short int}]'
build/X86/base/cprintf.hh:150:13:   required from 'void gem5::ccprintf(std::ostream&, const char*, const Args& ...) [with Args = {gem5::PCStateBase, short int}; std::ostream = std::basic_ostream<char>]'
build/X86/base/trace.hh:82:17:   required from 'void gem5::Trace::Logger::dprintf_flag(gem5::Tick, const string&, const string&, const char*, const Args& ...) [with Args = {gem5::PCStateBase, short int}; gem5::Tick = long unsigned int; std::string = std::__cxx11::basic_string<char>]'
build/X86/arch/x86/generated/decoder-ns.hh.inc:14592:13:   required from here
build/X86/base/cprintf_formats.hh:245:19: warning: catching polymorphic type 'class std::exception' by value [-Wcatch-value=]
build/X86/base/cprintf_formats.hh: In instantiation of 'void gem5::cp::_formatString(std::ostream&, const T&, gem5::cp::Format&) [with T = long int; std::ostream = std::basic_ostream<char>]':
build/X86/base/cprintf_formats.hh:395:18:   required from 'void gem5::cp::formatString(std::ostream&, const T&, gem5::cp::Format&) [with T = long int; std::ostream = std::basic_ostream<char>]'
build/X86/base/cprintf.hh:115:25:   required from 'void gem5::cp::Print::addArg(const T&) [with T = long int]'
build/X86/base/cprintf.hh:139:17:   required from 'void gem5::ccprintf(gem5::cp::Print&, const T&, const Args& ...) [with T = long int; Args = {long unsigned int}]'
build/X86/base/cprintf.hh:150:13:   required from 'void gem5::ccprintf(std::ostream&, const char*, const Args& ...) [with Args = {long int, long unsigned int}; std::ostream = std::basic_ostream<char>]'
build/X86/base/cprintf.hh:164:13:   required from 'std::string gem5::csprintf(const char*, const Args& ...) [with Args = {long int, long unsigned int}; std::string = std::__cxx11::basic_string<char>]'
build/X86/base/addr_range.hh:123:13:   required from 'gem5::AddrRange::AddrRange(gem5::AddrRange::Dummy, Iterator, Iterator) [with Iterator = __gnu_cxx::__normal_iterator<gem5::AddrRange*, std::vector<gem5::AddrRange> >]'
build/X86/base/addr_range.hh:271:58:   required from here
build/X86/base/cprintf_formats.hh:245:19: warning: catching polymorphic type 'class std::exception' by value [-Wcatch-value=]
build/X86/base/cprintf_formats.hh: In instantiation of 'void gem5::cp::_formatString(std::ostream&, const T&, gem5::cp::Format&) [with T = char [10]; std::ostream = std::basic_ostream<char>]':
build/X86/base/cprintf_formats.hh:395:18:   required from 'void gem5::cp::formatString(std::ostream&, const T&, gem5::cp::Format&) [with T = char [10]; std::ostream = std::basic_ostream<char>]'
build/X86/base/cprintf.hh:115:25:   required from 'void gem5::cp::Print::addArg(const T&) [with T = char [10]]'
build/X86/base/cprintf.hh:139:17:   required from 'void gem5::ccprintf(gem5::cp::Print&, const T&, const Args& ...) [with T = char [10]; Args = {}]'
build/X86/base/cprintf.hh:141:13:   required from 'void gem5::ccprintf(gem5::cp::Print&, const T&, const Args& ...) [with T = std::__cxx11::basic_string<char>; Args = {char [10]}]'
build/X86/base/cprintf.hh:150:13:   required from 'void gem5::ccprintf(std::ostream&, const char*, const Args& ...) [with Args = {std::__cxx11::basic_string<char, std::char_traits<char>, std::allocator<char> >, char [10]}; std::ostream = std::basic_ostream<char>]'
build/X86/base/logging.hh:102:17:   required from 'void gem5::Logger::print(const gem5::Logger::Loc&, const char*, const Args& ...) [with Args = {std::__cxx11::basic_string<char, std::char_traits<char>, std::allocator<char> >, char [10]}]'
build/X86/mem/port.hh:445:9:   required from here
build/X86/base/cprintf_formats.hh:245:19: warning: catching polymorphic type 'class std::exception' by value [-Wcatch-value=]
build/X86/base/cprintf_formats.hh: In instantiation of 'void gem5::cp::_formatString(std::ostream&, const T&, gem5::cp::Format&) [with T = short int; std::ostream = std::basic_ostream<char>]':
build/X86/base/cprintf_formats.hh:395:18:   required from 'void gem5::cp::formatString(std::ostream&, const T&, gem5::cp::Format&) [with T = short int; std::ostream = std::basic_ostream<char>]'
build/X86/base/cprintf.hh:115:25:   required from 'void gem5::cp::Print::addArg(const T&) [with T = short int]'
build/X86/base/cprintf.hh:139:17:   required from 'void gem5::ccprintf(gem5::cp::Print&, const T&, const Args& ...) [with T = short int; Args = {}]'
build/X86/base/cprintf.hh:141:13:   required from 'void gem5::ccprintf(gem5::cp::Print&, const T&, const Args& ...) [with T = gem5::PCStateBase; Args = {short int}]'
build/X86/base/cprintf.hh:150:13:   required from 'void gem5::ccprintf(std::ostream&, const char*, const Args& ...) [with Args = {gem5::PCStateBase, short int}; std::ostream = std::basic_ostream<char>]'
build/X86/base/trace.hh:82:17:   required from 'void gem5::Trace::Logger::dprintf_flag(gem5::Tick, const string&, const string&, const char*, const Args& ...) [with Args = {gem5::PCStateBase, short int}; gem5::Tick = long unsigned int; std::string = std::__cxx11::basic_string<char>]'
build/X86/arch/x86/generated/decoder-ns.hh.inc:14592:13:   required from here
build/X86/base/cprintf_formats.hh:245:19: warning: catching polymorphic type 'class std::exception' by value [-Wcatch-value=]
build/X86/base/cprintf_formats.hh: In instantiation of 'void gem5::cp::_formatString(std::ostream&, const T&, gem5::cp::Format&) [with T = signed char; std::ostream = std::basic_ostream<char>]':
build/X86/base/cprintf_formats.hh:395:18:   required from 'void gem5::cp::formatString(std::ostream&, const T&, gem5::cp::Format&) [with T = signed char; std::ostream = std::basic_ostream<char>]'
build/X86/base/cprintf.hh:115:25:   required from 'void gem5::cp::Print::addArg(const T&) [with T = signed char]'
build/X86/base/cprintf.hh:139:17:   required from 'void gem5::ccprintf(gem5::cp::Print&, const T&, const Args& ...) [with T = signed char; Args = {}]'
build/X86/base/cprintf.hh:141:13:   required from 'void gem5::ccprintf(gem5::cp::Print&, const T&, const Args& ...) [with T = gem5::PCStateBase; Args = {signed char}]'
build/X86/base/cprintf.hh:150:13:   required from 'void gem5::ccprintf(std::ostream&, const char*, const Args& ...) [with Args = {gem5::PCStateBase, signed char}; std::ostream = std::basic_ostream<char>]'
build/X86/base/trace.hh:82:17:   required from 'void gem5::Trace::Logger::dprintf_flag(gem5::Tick, const string&, const string&, const char*, const Args& ...) [with Args = {gem5::PCStateBase, signed char}; gem5::Tick = long unsigned int; std::string = std::__cxx11::basic_string<char>]'
build/X86/arch/x86/generated/decoder-ns.cc.inc:2758:9:   required from here
build/X86/base/cprintf_formats.hh:245:19: warning: catching polymorphic type 'class std::exception' by value [-Wcatch-value=]
 [     CXX] X86/sim/clock_domain.cc -> .o
In file included from build/X86/base/cprintf.hh:38,
                 from build/X86/base/statistics.hh:78,
                 from build/X86/sim/stat_register.cc:40:
build/X86/base/cprintf_formats.hh: In instantiation of 'void gem5::cp::_formatString(std::ostream&, const T&, gem5::cp::Format&) [with T = double; std::ostream = std::basic_ostream<char>]':
build/X86/base/cprintf_formats.hh:395:18:   required from 'void gem5::cp::formatString(std::ostream&, const T&, gem5::cp::Format&) [with T = double; std::ostream = std::basic_ostream<char>]'
build/X86/base/cprintf.hh:115:25:   required from 'void gem5::cp::Print::addArg(const T&) [with T = double]'
build/X86/base/cprintf.hh:139:17:   required from 'void gem5::ccprintf(gem5::cp::Print&, const T&, const Args& ...) [with T = double; Args = {}]'
build/X86/base/cprintf.hh:150:13:   required from 'void gem5::ccprintf(std::ostream&, const char*, const Args& ...) [with Args = {double}; std::ostream = std::basic_ostream<char>]'
build/X86/base/cprintf.hh:164:13:   required from 'std::string gem5::csprintf(const char*, const Args& ...) [with Args = {double}; std::string = std::__cxx11::basic_string<char>]'
build/X86/base/stats/storage.hh:277:13:   required from here
build/X86/base/cprintf_formats.hh:245:19: warning: catching polymorphic type 'class std::exception' by value [-Wcatch-value=]
  245 |     } catch (std::exception) {
      |                   ^~~~~~~~~
build/X86/base/cprintf_formats.hh: In instantiation of 'void gem5::cp::_formatString(std::ostream&, const T&, gem5::cp::Format&) [with T = std::__cxx11::basic_string<char>; std::ostream = std::basic_ostream<char>]':
build/X86/base/cprintf_formats.hh:395:18:   required from 'void gem5::cp::formatString(std::ostream&, const T&, gem5::cp::Format&) [with T = std::__cxx11::basic_string<char>; std::ostream = std::basic_ostream<char>]'
build/X86/base/cprintf.hh:115:25:   required from 'void gem5::cp::Print::addArg(const T&) [with T = std::__cxx11::basic_string<char>]'
build/X86/base/cprintf.hh:139:17:   required from 'void gem5::ccprintf(gem5::cp::Print&, const T&, const Args& ...) [with T = std::__cxx11::basic_string<char>; Args = {}]'
build/X86/base/cprintf.hh:150:13:   required from 'void gem5::ccprintf(std::ostream&, const char*, const Args& ...) [with Args = {std::__cxx11::basic_string<char, std::char_traits<char>, std::allocator<char> >}; std::ostream = std::basic_ostream<char>]'
build/X86/base/logging.hh:102:17:   required from 'void gem5::Logger::print(const gem5::Logger::Loc&, const char*, const Args& ...) [with Args = {std::__cxx11::basic_string<char, std::char_traits<char>, std::allocator<char> >}]'
build/X86/base/stats/storage.hh:277:13:   required from here
build/X86/base/cprintf_formats.hh:245:19: warning: catching polymorphic type 'class std::exception' by value [-Wcatch-value=]
build/X86/base/cprintf_formats.hh: In instantiation of 'void gem5::cp::_formatString(std::ostream&, const T&, gem5::cp::Format&) [with T = const char*; std::ostream = std::basic_ostream<char>]':
build/X86/base/cprintf_formats.hh:395:18:   required from 'void gem5::cp::formatString(std::ostream&, const T&, gem5::cp::Format&) [with T = const char*; std::ostream = std::basic_ostream<char>]'
build/X86/base/cprintf.hh:115:25:   required from 'void gem5::cp::Print::addArg(const T&) [with T = const char*]'
build/X86/base/cprintf.hh:139:17:   required from 'void gem5::ccprintf(gem5::cp::Print&, const T&, const Args& ...) [with T = const char*; Args = {std::__cxx11::basic_string<char, std::char_traits<char>, std::allocator<char> >}]'
build/X86/base/cprintf.hh:150:13:   required from 'void gem5::ccprintf(std::ostream&, const char*, const Args& ...) [with Args = {const char*, std::__cxx11::basic_string<char, std::char_traits<char>, std::allocator<char> >}; std::ostream = std::basic_ostream<char>]'
build/X86/base/cprintf.hh:164:13:   required from 'std::string gem5::csprintf(const char*, const Args& ...) [with Args = {const char*, std::__cxx11::basic_string<char, std::char_traits<char>, std::allocator<char> >}; std::string = std::__cxx11::basic_string<char>]'
build/X86/base/statistics.hh:278:13:   required from 'gem5::statistics::DataWrap<Derived, InfoProxyType>::DataWrap(gem5::statistics::Group*, const char*, const gem5::statistics::units::Base*, const char*) [with Derived = gem5::statistics::Scalar; InfoProxyType = gem5::statistics::ScalarInfoProxy]'
build/X86/base/statistics.hh:565:70:   required from 'gem5::statistics::ScalarBase<Derived, Stor>::ScalarBase(gem5::statistics::Group*, const char*, const gem5::statistics::units::Base*, const char*) [with Derived = gem5::statistics::Scalar; Stor = gem5::statistics::StatStor]'
build/X86/base/statistics.hh:1937:68:   required from here
build/X86/base/cprintf_formats.hh:245:19: warning: catching polymorphic type 'class std::exception' by value [-Wcatch-value=]
 [     CXX] X86/sim/voltage_domain.cc -> .o
In file included from build/X86/base/cprintf.hh:38,
                 from build/X86/base/statistics.hh:78,
                 from build/X86/sim/stat_control.cc:53:
build/X86/base/cprintf_formats.hh: In instantiation of 'void gem5::cp::_formatString(std::ostream&, const T&, gem5::cp::Format&) [with T = double; std::ostream = std::basic_ostream<char>]':
build/X86/base/cprintf_formats.hh:395:18:   required from 'void gem5::cp::formatString(std::ostream&, const T&, gem5::cp::Format&) [with T = double; std::ostream = std::basic_ostream<char>]'
build/X86/base/cprintf.hh:115:25:   required from 'void gem5::cp::Print::addArg(const T&) [with T = double]'
build/X86/base/cprintf.hh:139:17:   required from 'void gem5::ccprintf(gem5::cp::Print&, const T&, const Args& ...) [with T = double; Args = {}]'
build/X86/base/cprintf.hh:150:13:   required from 'void gem5::ccprintf(std::ostream&, const char*, const Args& ...) [with Args = {double}; std::ostream = std::basic_ostream<char>]'
build/X86/base/cprintf.hh:164:13:   required from 'std::string gem5::csprintf(const char*, const Args& ...) [with Args = {double}; std::string = std::__cxx11::basic_string<char>]'
build/X86/base/stats/storage.hh:277:13:   required from here
build/X86/base/cprintf_formats.hh:245:19: warning: catching polymorphic type 'class std::exception' by value [-Wcatch-value=]
  245 |     } catch (std::exception) {
      |                   ^~~~~~~~~
build/X86/base/cprintf_formats.hh: In instantiation of 'void gem5::cp::_formatString(std::ostream&, const T&, gem5::cp::Format&) [with T = std::__cxx11::basic_string<char>; std::ostream = std::basic_ostream<char>]':
build/X86/base/cprintf_formats.hh:395:18:   required from 'void gem5::cp::formatString(std::ostream&, const T&, gem5::cp::Format&) [with T = std::__cxx11::basic_string<char>; std::ostream = std::basic_ostream<char>]'
build/X86/base/cprintf.hh:115:25:   required from 'void gem5::cp::Print::addArg(const T&) [with T = std::__cxx11::basic_string<char>]'
build/X86/base/cprintf.hh:139:17:   required from 'void gem5::ccprintf(gem5::cp::Print&, const T&, const Args& ...) [with T = std::__cxx11::basic_string<char>; Args = {}]'
build/X86/base/cprintf.hh:150:13:   required from 'void gem5::ccprintf(std::ostream&, const char*, const Args& ...) [with Args = {std::__cxx11::basic_string<char, std::char_traits<char>, std::allocator<char> >}; std::ostream = std::basic_ostream<char>]'
build/X86/base/logging.hh:102:17:   required from 'void gem5::Logger::print(const gem5::Logger::Loc&, const char*, const Args& ...) [with Args = {std::__cxx11::basic_string<char, std::char_traits<char>, std::allocator<char> >}]'
build/X86/base/stats/storage.hh:277:13:   required from here
build/X86/base/cprintf_formats.hh:245:19: warning: catching polymorphic type 'class std::exception' by value [-Wcatch-value=]
build/X86/base/cprintf_formats.hh: In instantiation of 'void gem5::cp::_formatString(std::ostream&, const T&, gem5::cp::Format&) [with T = const char*; std::ostream = std::basic_ostream<char>]':
build/X86/base/cprintf_formats.hh:395:18:   required from 'void gem5::cp::formatString(std::ostream&, const T&, gem5::cp::Format&) [with T = const char*; std::ostream = std::basic_ostream<char>]'
build/X86/base/cprintf.hh:115:25:   required from 'void gem5::cp::Print::addArg(const T&) [with T = const char*]'
build/X86/base/cprintf.hh:139:17:   required from 'void gem5::ccprintf(gem5::cp::Print&, const T&, const Args& ...) [with T = const char*; Args = {std::__cxx11::basic_string<char, std::char_traits<char>, std::allocator<char> >}]'
build/X86/base/cprintf.hh:150:13:   required from 'void gem5::ccprintf(std::ostream&, const char*, const Args& ...) [with Args = {const char*, std::__cxx11::basic_string<char, std::char_traits<char>, std::allocator<char> >}; std::ostream = std::basic_ostream<char>]'
build/X86/base/cprintf.hh:164:13:   required from 'std::string gem5::csprintf(const char*, const Args& ...) [with Args = {const char*, std::__cxx11::basic_string<char, std::char_traits<char>, std::allocator<char> >}; std::string = std::__cxx11::basic_string<char>]'
build/X86/base/statistics.hh:278:13:   required from 'gem5::statistics::DataWrap<Derived, InfoProxyType>::DataWrap(gem5::statistics::Group*, const char*, const gem5::statistics::units::Base*, const char*) [with Derived = gem5::statistics::Scalar; InfoProxyType = gem5::statistics::ScalarInfoProxy]'
build/X86/base/statistics.hh:565:70:   required from 'gem5::statistics::ScalarBase<Derived, Stor>::ScalarBase(gem5::statistics::Group*, const char*, const gem5::statistics::units::Base*, const char*) [with Derived = gem5::statistics::Scalar; Stor = gem5::statistics::StatStor]'
build/X86/base/statistics.hh:1937:68:   required from here
build/X86/base/cprintf_formats.hh:245:19: warning: catching polymorphic type 'class std::exception' by value [-Wcatch-value=]
 [     CXX] X86/sim/system.cc -> .o
In file included from build/X86/base/cprintf.hh:38,
                 from build/X86/base/statistics.hh:78,
                 from build/X86/sim/clock_domain.hh:49,
                 from build/X86/sim/clock_domain.cc:39:
build/X86/base/cprintf_formats.hh: In instantiation of 'void gem5::cp::_formatString(std::ostream&, const T&, gem5::cp::Format&) [with T = double; std::ostream = std::basic_ostream<char>]':
build/X86/base/cprintf_formats.hh:395:18:   required from 'void gem5::cp::formatString(std::ostream&, const T&, gem5::cp::Format&) [with T = double; std::ostream = std::basic_ostream<char>]'
build/X86/base/cprintf.hh:115:25:   required from 'void gem5::cp::Print::addArg(const T&) [with T = double]'
build/X86/base/cprintf.hh:139:17:   required from 'void gem5::ccprintf(gem5::cp::Print&, const T&, const Args& ...) [with T = double; Args = {}]'
build/X86/base/cprintf.hh:150:13:   required from 'void gem5::ccprintf(std::ostream&, const char*, const Args& ...) [with Args = {double}; std::ostream = std::basic_ostream<char>]'
build/X86/base/cprintf.hh:164:13:   required from 'std::string gem5::csprintf(const char*, const Args& ...) [with Args = {double}; std::string = std::__cxx11::basic_string<char>]'
build/X86/base/stats/storage.hh:277:13:   required from here
build/X86/base/cprintf_formats.hh:245:19: warning: catching polymorphic type 'class std::exception' by value [-Wcatch-value=]
  245 |     } catch (std::exception) {
      |                   ^~~~~~~~~
build/X86/base/cprintf_formats.hh: In instantiation of 'void gem5::cp::_formatString(std::ostream&, const T&, gem5::cp::Format&) [with T = std::__cxx11::basic_string<char>; std::ostream = std::basic_ostream<char>]':
build/X86/base/cprintf_formats.hh:395:18:   required from 'void gem5::cp::formatString(std::ostream&, const T&, gem5::cp::Format&) [with T = std::__cxx11::basic_string<char>; std::ostream = std::basic_ostream<char>]'
build/X86/base/cprintf.hh:115:25:   required from 'void gem5::cp::Print::addArg(const T&) [with T = std::__cxx11::basic_string<char>]'
build/X86/base/cprintf.hh:139:17:   required from 'void gem5::ccprintf(gem5::cp::Print&, const T&, const Args& ...) [with T = std::__cxx11::basic_string<char>; Args = {}]'
build/X86/base/cprintf.hh:150:13:   required from 'void gem5::ccprintf(std::ostream&, const char*, const Args& ...) [with Args = {std::__cxx11::basic_string<char, std::char_traits<char>, std::allocator<char> >}; std::ostream = std::basic_ostream<char>]'
build/X86/base/logging.hh:102:17:   required from 'void gem5::Logger::print(const gem5::Logger::Loc&, const char*, const Args& ...) [with Args = {std::__cxx11::basic_string<char, std::char_traits<char>, std::allocator<char> >}]'
build/X86/base/stats/storage.hh:277:13:   required from here
build/X86/base/cprintf_formats.hh:245:19: warning: catching polymorphic type 'class std::exception' by value [-Wcatch-value=]
 [     CXX] X86/sim/dvfs_handler.cc -> .o
build/X86/base/cprintf_formats.hh: In instantiation of 'void gem5::cp::_formatString(std::ostream&, const T&, gem5::cp::Format&) [with T = unsigned int; std::ostream = std::basic_ostream<char>]':
build/X86/base/cprintf_formats.hh:395:18:   required from 'void gem5::cp::formatString(std::ostream&, const T&, gem5::cp::Format&) [with T = unsigned int; std::ostream = std::basic_ostream<char>]'
build/X86/base/cprintf.hh:115:25:   required from 'void gem5::cp::Print::addArg(const T&) [with T = unsigned int]'
build/X86/base/cprintf.hh:139:17:   required from 'void gem5::ccprintf(gem5::cp::Print&, const T&, const Args& ...) [with T = unsigned int; Args = {std::__cxx11::basic_string<char, std::char_traits<char>, std::allocator<char> >}]'
build/X86/base/cprintf.hh:150:13:   required from 'void gem5::ccprintf(std::ostream&, const char*, const Args& ...) [with Args = {unsigned int, std::__cxx11::basic_string<char, std::char_traits<char>, std::allocator<char> >}; std::ostream = std::basic_ostream<char>]'
build/X86/base/cprintf.hh:164:13:   required from 'std::string gem5::csprintf(const char*, const Args& ...) [with Args = {unsigned int, std::__cxx11::basic_string<char, std::char_traits<char>, std::allocator<char> >}; std::string = std::__cxx11::basic_string<char>]'
build/X86/sim/clock_domain.cc:88:5:   required from here
build/X86/base/cprintf_formats.hh:245:19: warning: catching polymorphic type 'class std::exception' by value [-Wcatch-value=]
build/X86/base/cprintf_formats.hh: In instantiation of 'void gem5::cp::_formatString(std::ostream&, const T&, gem5::cp::Format&) [with T = long unsigned int; std::ostream = std::basic_ostream<char>]':
build/X86/base/cprintf_formats.hh:395:18:   required from 'void gem5::cp::formatString(std::ostream&, const T&, gem5::cp::Format&) [with T = long unsigned int; std::ostream = std::basic_ostream<char>]'
build/X86/base/cprintf.hh:115:25:   required from 'void gem5::cp::Print::addArg(const T&) [with T = long unsigned int]'
build/X86/base/cprintf.hh:139:17:   required from 'void gem5::ccprintf(gem5::cp::Print&, const T&, const Args& ...) [with T = long unsigned int; Args = {std::__cxx11::basic_string<char, std::char_traits<char>, std::allocator<char> >}]'
build/X86/base/cprintf.hh:150:13:   required from 'void gem5::ccprintf(std::ostream&, const char*, const Args& ...) [with Args = {long unsigned int, std::__cxx11::basic_string<char, std::char_traits<char>, std::allocator<char> >}; std::ostream = std::basic_ostream<char>]'
build/X86/base/trace.hh:82:17:   required from 'void gem5::Trace::Logger::dprintf_flag(gem5::Tick, const string&, const string&, const char*, const Args& ...) [with Args = {long unsigned int, std::__cxx11::basic_string<char, std::char_traits<char>, std::allocator<char> >}; gem5::Tick = long unsigned int; std::string = std::__cxx11::basic_string<char>]'
build/X86/sim/clock_domain.cc:128:5:   required from here
build/X86/base/cprintf_formats.hh:245:19: warning: catching polymorphic type 'class std::exception' by value [-Wcatch-value=]
build/X86/base/cprintf_formats.hh: In instantiation of 'void gem5::cp::_formatString(std::ostream&, const T&, gem5::cp::Format&) [with T = const char*; std::ostream = std::basic_ostream<char>]':
build/X86/base/cprintf_formats.hh:395:18:   required from 'void gem5::cp::formatString(std::ostream&, const T&, gem5::cp::Format&) [with T = const char*; std::ostream = std::basic_ostream<char>]'
build/X86/base/cprintf.hh:115:25:   required from 'void gem5::cp::Print::addArg(const T&) [with T = const char*]'
build/X86/base/cprintf.hh:139:17:   required from 'void gem5::ccprintf(gem5::cp::Print&, const T&, const Args& ...) [with T = const char*; Args = {std::__cxx11::basic_string<char, std::char_traits<char>, std::allocator<char> >}]'
build/X86/base/cprintf.hh:150:13:   required from 'void gem5::ccprintf(std::ostream&, const char*, const Args& ...) [with Args = {const char*, std::__cxx11::basic_string<char, std::char_traits<char>, std::allocator<char> >}; std::ostream = std::basic_ostream<char>]'
build/X86/base/cprintf.hh:164:13:   required from 'std::string gem5::csprintf(const char*, const Args& ...) [with Args = {const char*, std::__cxx11::basic_string<char, std::char_traits<char>, std::allocator<char> >}; std::string = std::__cxx11::basic_string<char>]'
build/X86/base/statistics.hh:278:13:   required from 'gem5::statistics::DataWrap<Derived, InfoProxyType>::DataWrap(gem5::statistics::Group*, const char*, const gem5::statistics::units::Base*, const char*) [with Derived = gem5::statistics::Scalar; InfoProxyType = gem5::statistics::ScalarInfoProxy]'
build/X86/base/statistics.hh:565:70:   required from 'gem5::statistics::ScalarBase<Derived, Stor>::ScalarBase(gem5::statistics::Group*, const char*, const gem5::statistics::units::Base*, const char*) [with Derived = gem5::statistics::Scalar; Stor = gem5::statistics::StatStor]'
build/X86/base/statistics.hh:1937:68:   required from here
build/X86/base/cprintf_formats.hh:245:19: warning: catching polymorphic type 'class std::exception' by value [-Wcatch-value=]
In file included from build/X86/base/cprintf.hh:38,
                 from build/X86/base/statistics.hh:78,
                 from build/X86/sim/voltage_domain.hh:43,
                 from build/X86/sim/voltage_domain.cc:38:
build/X86/base/cprintf_formats.hh: In instantiation of 'void gem5::cp::_formatString(std::ostream&, const T&, gem5::cp::Format&) [with T = double; std::ostream = std::basic_ostream<char>]':
build/X86/base/cprintf_formats.hh:395:18:   required from 'void gem5::cp::formatString(std::ostream&, const T&, gem5::cp::Format&) [with T = double; std::ostream = std::basic_ostream<char>]'
build/X86/base/cprintf.hh:115:25:   required from 'void gem5::cp::Print::addArg(const T&) [with T = double]'
build/X86/base/cprintf.hh:139:17:   required from 'void gem5::ccprintf(gem5::cp::Print&, const T&, const Args& ...) [with T = double; Args = {}]'
build/X86/base/cprintf.hh:150:13:   required from 'void gem5::ccprintf(std::ostream&, const char*, const Args& ...) [with Args = {double}; std::ostream = std::basic_ostream<char>]'
build/X86/base/cprintf.hh:164:13:   required from 'std::string gem5::csprintf(const char*, const Args& ...) [with Args = {double}; std::string = std::__cxx11::basic_string<char>]'
build/X86/base/stats/storage.hh:277:13:   required from here
build/X86/base/cprintf_formats.hh:245:19: warning: catching polymorphic type 'class std::exception' by value [-Wcatch-value=]
  245 |     } catch (std::exception) {
      |                   ^~~~~~~~~
build/X86/base/cprintf_formats.hh: In instantiation of 'void gem5::cp::_formatString(std::ostream&, const T&, gem5::cp::Format&) [with T = std::__cxx11::basic_string<char>; std::ostream = std::basic_ostream<char>]':
build/X86/base/cprintf_formats.hh:395:18:   required from 'void gem5::cp::formatString(std::ostream&, const T&, gem5::cp::Format&) [with T = std::__cxx11::basic_string<char>; std::ostream = std::basic_ostream<char>]'
build/X86/base/cprintf.hh:115:25:   required from 'void gem5::cp::Print::addArg(const T&) [with T = std::__cxx11::basic_string<char>]'
build/X86/base/cprintf.hh:139:17:   required from 'void gem5::ccprintf(gem5::cp::Print&, const T&, const Args& ...) [with T = std::__cxx11::basic_string<char>; Args = {}]'
build/X86/base/cprintf.hh:150:13:   required from 'void gem5::ccprintf(std::ostream&, const char*, const Args& ...) [with Args = {std::__cxx11::basic_string<char, std::char_traits<char>, std::allocator<char> >}; std::ostream = std::basic_ostream<char>]'
build/X86/base/logging.hh:102:17:   required from 'void gem5::Logger::print(const gem5::Logger::Loc&, const char*, const Args& ...) [with Args = {std::__cxx11::basic_string<char, std::char_traits<char>, std::allocator<char> >}]'
build/X86/base/stats/storage.hh:277:13:   required from here
build/X86/base/cprintf_formats.hh:245:19: warning: catching polymorphic type 'class std::exception' by value [-Wcatch-value=]
build/X86/base/cprintf_formats.hh: In instantiation of 'void gem5::cp::_formatString(std::ostream&, const T&, gem5::cp::Format&) [with T = unsigned int; std::ostream = std::basic_ostream<char>]':
build/X86/base/cprintf_formats.hh:395:18:   required from 'void gem5::cp::formatString(std::ostream&, const T&, gem5::cp::Format&) [with T = unsigned int; std::ostream = std::basic_ostream<char>]'
build/X86/base/cprintf.hh:115:25:   required from 'void gem5::cp::Print::addArg(const T&) [with T = unsigned int]'
build/X86/base/cprintf.hh:139:17:   required from 'void gem5::ccprintf(gem5::cp::Print&, const T&, const Args& ...) [with T = unsigned int; Args = {unsigned int}]'
build/X86/base/cprintf.hh:150:13:   required from 'void gem5::ccprintf(std::ostream&, const char*, const Args& ...) [with Args = {unsigned int, unsigned int}; std::ostream = std::basic_ostream<char>]'
build/X86/base/trace.hh:82:17:   required from 'void gem5::Trace::Logger::dprintf_flag(gem5::Tick, const string&, const string&, const char*, const Args& ...) [with Args = {unsigned int, unsigned int}; gem5::Tick = long unsigned int; std::string = std::__cxx11::basic_string<char>]'
build/X86/sim/voltage_domain.cc:105:13:   required from here
build/X86/base/cprintf_formats.hh:245:19: warning: catching polymorphic type 'class std::exception' by value [-Wcatch-value=]
build/X86/base/cprintf_formats.hh: In instantiation of 'void gem5::cp::_formatString(std::ostream&, const T&, gem5::cp::Format&) [with T = const char*; std::ostream = std::basic_ostream<char>]':
build/X86/base/cprintf_formats.hh:395:18:   required from 'void gem5::cp::formatString(std::ostream&, const T&, gem5::cp::Format&) [with T = const char*; std::ostream = std::basic_ostream<char>]'
build/X86/base/cprintf.hh:115:25:   required from 'void gem5::cp::Print::addArg(const T&) [with T = const char*]'
build/X86/base/cprintf.hh:139:17:   required from 'void gem5::ccprintf(gem5::cp::Print&, const T&, const Args& ...) [with T = const char*; Args = {std::__cxx11::basic_string<char, std::char_traits<char>, std::allocator<char> >}]'
build/X86/base/cprintf.hh:150:13:   required from 'void gem5::ccprintf(std::ostream&, const char*, const Args& ...) [with Args = {const char*, std::__cxx11::basic_string<char, std::char_traits<char>, std::allocator<char> >}; std::ostream = std::basic_ostream<char>]'
build/X86/base/cprintf.hh:164:13:   required from 'std::string gem5::csprintf(const char*, const Args& ...) [with Args = {const char*, std::__cxx11::basic_string<char, std::char_traits<char>, std::allocator<char> >}; std::string = std::__cxx11::basic_string<char>]'
build/X86/base/statistics.hh:278:13:   required from 'gem5::statistics::DataWrap<Derived, InfoProxyType>::DataWrap(gem5::statistics::Group*, const char*, const gem5::statistics::units::Base*, const char*) [with Derived = gem5::statistics::Scalar; InfoProxyType = gem5::statistics::ScalarInfoProxy]'
build/X86/base/statistics.hh:565:70:   required from 'gem5::statistics::ScalarBase<Derived, Stor>::ScalarBase(gem5::statistics::Group*, const char*, const gem5::statistics::units::Base*, const char*) [with Derived = gem5::statistics::Scalar; Stor = gem5::statistics::StatStor]'
build/X86/base/statistics.hh:1937:68:   required from here
build/X86/base/cprintf_formats.hh:245:19: warning: catching polymorphic type 'class std::exception' by value [-Wcatch-value=]
In file included from build/X86/base/cprintf.hh:38,
                 from build/X86/base/logging.hh:50,
                 from build/X86/sim/dvfs_handler.hh:53,
                 from build/X86/sim/dvfs_handler.cc:38:
build/X86/base/cprintf_formats.hh: In instantiation of 'void gem5::cp::_formatString(std::ostream&, const T&, gem5::cp::Format&) [with T = double; std::ostream = std::basic_ostream<char>]':
build/X86/base/cprintf_formats.hh:395:18:   required from 'void gem5::cp::formatString(std::ostream&, const T&, gem5::cp::Format&) [with T = double; std::ostream = std::basic_ostream<char>]'
build/X86/base/cprintf.hh:115:25:   required from 'void gem5::cp::Print::addArg(const T&) [with T = double]'
build/X86/base/cprintf.hh:139:17:   required from 'void gem5::ccprintf(gem5::cp::Print&, const T&, const Args& ...) [with T = double; Args = {}]'
build/X86/base/cprintf.hh:150:13:   required from 'void gem5::ccprintf(std::ostream&, const char*, const Args& ...) [with Args = {double}; std::ostream = std::basic_ostream<char>]'
build/X86/base/cprintf.hh:164:13:   required from 'std::string gem5::csprintf(const char*, const Args& ...) [with Args = {double}; std::string = std::__cxx11::basic_string<char>]'
build/X86/base/stats/storage.hh:277:13:   required from here
build/X86/base/cprintf_formats.hh:245:19: warning: catching polymorphic type 'class std::exception' by value [-Wcatch-value=]
  245 |     } catch (std::exception) {
      |                   ^~~~~~~~~
build/X86/base/cprintf_formats.hh: In instantiation of 'void gem5::cp::_formatString(std::ostream&, const T&, gem5::cp::Format&) [with T = std::__cxx11::basic_string<char>; std::ostream = std::basic_ostream<char>]':
build/X86/base/cprintf_formats.hh:395:18:   required from 'void gem5::cp::formatString(std::ostream&, const T&, gem5::cp::Format&) [with T = std::__cxx11::basic_string<char>; std::ostream = std::basic_ostream<char>]'
build/X86/base/cprintf.hh:115:25:   required from 'void gem5::cp::Print::addArg(const T&) [with T = std::__cxx11::basic_string<char>]'
build/X86/base/cprintf.hh:139:17:   required from 'void gem5::ccprintf(gem5::cp::Print&, const T&, const Args& ...) [with T = std::__cxx11::basic_string<char>; Args = {}]'
build/X86/base/cprintf.hh:150:13:   required from 'void gem5::ccprintf(std::ostream&, const char*, const Args& ...) [with Args = {std::__cxx11::basic_string<char, std::char_traits<char>, std::allocator<char> >}; std::ostream = std::basic_ostream<char>]'
build/X86/base/logging.hh:102:17:   required from 'void gem5::Logger::print(const gem5::Logger::Loc&, const char*, const Args& ...) [with Args = {std::__cxx11::basic_string<char, std::char_traits<char>, std::allocator<char> >}]'
build/X86/base/stats/storage.hh:277:13:   required from here
build/X86/base/cprintf_formats.hh:245:19: warning: catching polymorphic type 'class std::exception' by value [-Wcatch-value=]
build/X86/base/cprintf_formats.hh: In instantiation of 'void gem5::cp::_formatString(std::ostream&, const T&, gem5::cp::Format&) [with T = int; std::ostream = std::basic_ostream<char>]':
build/X86/base/cprintf_formats.hh:395:18:   required from 'void gem5::cp::formatString(std::ostream&, const T&, gem5::cp::Format&) [with T = int; std::ostream = std::basic_ostream<char>]'
build/X86/base/cprintf.hh:115:25:   required from 'void gem5::cp::Print::addArg(const T&) [with T = int]'
build/X86/base/cprintf.hh:139:17:   required from 'void gem5::ccprintf(gem5::cp::Print&, const T&, const Args& ...) [with T = int; Args = {}]'
build/X86/base/cprintf.hh:150:13:   required from 'void gem5::ccprintf(std::ostream&, const char*, const Args& ...) [with Args = {int}; std::ostream = std::basic_ostream<char>]'
build/X86/base/cprintf.hh:164:13:   required from 'std::string gem5::csprintf(const char*, const Args& ...) [with Args = {int}; std::string = std::__cxx11::basic_string<char>]'
build/X86/sim/dvfs_handler.hh:205:9:   required from here
build/X86/base/cprintf_formats.hh:245:19: warning: catching polymorphic type 'class std::exception' by value [-Wcatch-value=]
build/X86/base/cprintf_formats.hh: In instantiation of 'void gem5::cp::_formatString(std::ostream&, const T&, gem5::cp::Format&) [with T = long unsigned int; std::ostream = std::basic_ostream<char>]':
build/X86/base/cprintf_formats.hh:395:18:   required from 'void gem5::cp::formatString(std::ostream&, const T&, gem5::cp::Format&) [with T = long unsigned int; std::ostream = std::basic_ostream<char>]'
build/X86/base/cprintf.hh:115:25:   required from 'void gem5::cp::Print::addArg(const T&) [with T = long unsigned int]'
build/X86/base/cprintf.hh:139:17:   required from 'void gem5::ccprintf(gem5::cp::Print&, const T&, const Args& ...) [with T = long unsigned int; Args = {}]'
build/X86/base/cprintf.hh:150:13:   required from 'void gem5::ccprintf(std::ostream&, const char*, const Args& ...) [with Args = {long unsigned int}; std::ostream = std::basic_ostream<char>]'
build/X86/base/cprintf.hh:164:13:   required from 'std::string gem5::csprintf(const char*, const Args& ...) [with Args = {long unsigned int}; std::string = std::__cxx11::basic_string<char>]'
build/X86/sim/dvfs_handler.cc:96:5:   required from here
build/X86/base/cprintf_formats.hh:245:19: warning: catching polymorphic type 'class std::exception' by value [-Wcatch-value=]
build/X86/base/cprintf_formats.hh: In instantiation of 'void gem5::cp::_formatString(std::ostream&, const T&, gem5::cp::Format&) [with T = unsigned int; std::ostream = std::basic_ostream<char>]':
build/X86/base/cprintf_formats.hh:395:18:   required from 'void gem5::cp::formatString(std::ostream&, const T&, gem5::cp::Format&) [with T = unsigned int; std::ostream = std::basic_ostream<char>]'
build/X86/base/cprintf.hh:115:25:   required from 'void gem5::cp::Print::addArg(const T&) [with T = unsigned int]'
build/X86/base/cprintf.hh:139:17:   required from 'void gem5::ccprintf(gem5::cp::Print&, const T&, const Args& ...) [with T = unsigned int; Args = {int}]'
build/X86/base/cprintf.hh:150:13:   required from 'void gem5::ccprintf(std::ostream&, const char*, const Args& ...) [with Args = {unsigned int, int}; std::ostream = std::basic_ostream<char>]'
build/X86/base/logging.hh:102:17:   required from 'void gem5::Logger::print(const gem5::Logger::Loc&, const char*, const Args& ...) [with Args = {unsigned int, int}]'
build/X86/sim/dvfs_handler.cc:126:9:   required from here
build/X86/base/cprintf_formats.hh:245:19: warning: catching polymorphic type 'class std::exception' by value [-Wcatch-value=]
build/X86/base/cprintf_formats.hh: In instantiation of 'void gem5::cp::_formatString(std::ostream&, const T&, gem5::cp::Format&) [with T = bool; std::ostream = std::basic_ostream<char>]':
build/X86/base/cprintf_formats.hh:395:18:   required from 'void gem5::cp::formatString(std::ostream&, const T&, gem5::cp::Format&) [with T = bool; std::ostream = std::basic_ostream<char>]'
build/X86/base/cprintf.hh:115:25:   required from 'void gem5::cp::Print::addArg(const T&) [with T = bool]'
build/X86/base/cprintf.hh:139:17:   required from 'void gem5::ccprintf(gem5::cp::Print&, const T&, const Args& ...) [with T = bool; Args = {}]'
build/X86/base/cprintf.hh:150:13:   required from 'void gem5::ccprintf(std::ostream&, const char*, const Args& ...) [with Args = {bool}; std::ostream = std::basic_ostream<char>]'
build/X86/base/logging.hh:102:17:   required from 'void gem5::Logger::print(const gem5::Logger::Loc&, const char*, const Args& ...) [with Args = {bool}]'
build/X86/sim/dvfs_handler.cc:231:9:   required from here
build/X86/base/cprintf_formats.hh:245:19: warning: catching polymorphic type 'class std::exception' by value [-Wcatch-value=]
build/X86/base/cprintf_formats.hh: In instantiation of 'void gem5::cp::_formatString(std::ostream&, const T&, gem5::cp::Format&) [with T = const char*; std::ostream = std::basic_ostream<char>]':
build/X86/base/cprintf_formats.hh:395:18:   required from 'void gem5::cp::formatString(std::ostream&, const T&, gem5::cp::Format&) [with T = const char*; std::ostream = std::basic_ostream<char>]'
build/X86/base/cprintf.hh:115:25:   required from 'void gem5::cp::Print::addArg(const T&) [with T = const char*]'
build/X86/base/cprintf.hh:139:17:   required from 'void gem5::ccprintf(gem5::cp::Print&, const T&, const Args& ...) [with T = const char*; Args = {std::__cxx11::basic_string<char, std::char_traits<char>, std::allocator<char> >}]'
build/X86/base/cprintf.hh:150:13:   required from 'void gem5::ccprintf(std::ostream&, const char*, const Args& ...) [with Args = {const char*, std::__cxx11::basic_string<char, std::char_traits<char>, std::allocator<char> >}; std::ostream = std::basic_ostream<char>]'
build/X86/base/cprintf.hh:164:13:   required from 'std::string gem5::csprintf(const char*, const Args& ...) [with Args = {const char*, std::__cxx11::basic_string<char, std::char_traits<char>, std::allocator<char> >}; std::string = std::__cxx11::basic_string<char>]'
build/X86/base/statistics.hh:278:13:   required from 'gem5::statistics::DataWrap<Derived, InfoProxyType>::DataWrap(gem5::statistics::Group*, const char*, const gem5::statistics::units::Base*, const char*) [with Derived = gem5::statistics::Scalar; InfoProxyType = gem5::statistics::ScalarInfoProxy]'
build/X86/base/statistics.hh:565:70:   required from 'gem5::statistics::ScalarBase<Derived, Stor>::ScalarBase(gem5::statistics::Group*, const char*, const gem5::statistics::units::Base*, const char*) [with Derived = gem5::statistics::Scalar; Stor = gem5::statistics::StatStor]'
build/X86/base/statistics.hh:1937:68:   required from here
build/X86/base/cprintf_formats.hh:245:19: warning: catching polymorphic type 'class std::exception' by value [-Wcatch-value=]
build/X86/base/cprintf_formats.hh: In instantiation of 'void gem5::cp::_formatString(std::ostream&, const T&, gem5::cp::Format&) [with T = long int; std::ostream = std::basic_ostream<char>]':
build/X86/base/cprintf_formats.hh:395:18:   required from 'void gem5::cp::formatString(std::ostream&, const T&, gem5::cp::Format&) [with T = long int; std::ostream = std::basic_ostream<char>]'
build/X86/base/cprintf.hh:115:25:   required from 'void gem5::cp::Print::addArg(const T&) [with T = long int]'
build/X86/base/cprintf.hh:141:13:   recursively required from 'void gem5::ccprintf(gem5::cp::Print&, const T&, const Args& ...) [with T = std::__cxx11::basic_string<char>; Args = {long unsigned int, long int}]'
build/X86/base/cprintf.hh:141:13:   required from 'void gem5::ccprintf(gem5::cp::Print&, const T&, const Args& ...) [with T = std::__cxx11::basic_string<char>; Args = {std::__cxx11::basic_string<char, std::char_traits<char>, std::allocator<char> >, long unsigned int, long int}]'
build/X86/base/cprintf.hh:150:13:   required from 'void gem5::ccprintf(std::ostream&, const char*, const Args& ...) [with Args = {std::__cxx11::basic_string<char, std::char_traits<char>, std::allocator<char> >, std::__cxx11::basic_string<char, std::char_traits<char>, std::allocator<char> >, long unsigned int, long int}; std::ostream = std::basic_ostream<char>]'
build/X86/base/cprintf.hh:164:13:   required from 'std::string gem5::csprintf(const char*, const Args& ...) [with Args = {std::__cxx11::basic_string<char, std::char_traits<char>, std::allocator<char> >, std::__cxx11::basic_string<char, std::char_traits<char>, std::allocator<char> >, long unsigned int, long int}; std::string = std::__cxx11::basic_string<char>]'
build/X86/sim/serialize.hh:452:5:   required from 'void gem5::arrayParamIn(gem5::CheckpointIn&, const string&, InsertIterator, ssize_t) [with T = int; InsertIterator = std::back_insert_iterator<std::vector<int> >; std::string = std::__cxx11::basic_string<char>; ssize_t = long int]'
build/X86/sim/serialize.hh:486:41:   required from 'decltype ((declval<T>().push_back(declval<typename T::value_type>()), void())) gem5::arrayParamIn(gem5::CheckpointIn&, const string&, T&) [with T = std::vector<int>; decltype ((declval<T>().push_back(declval<typename T::value_type>()), void())) = void; typename T::value_type = int; std::string = std::__cxx11::basic_string<char>]'
build/X86/sim/dvfs_handler.cc:239:5:   required from here
build/X86/base/cprintf_formats.hh:245:19: warning: catching polymorphic type 'class std::exception' by value [-Wcatch-value=]
In file included from build/X86/base/cprintf.hh:38,
                 from build/X86/base/logging.hh:50,
                 from build/X86/base/loader/memory_image.hh:41,
                 from build/X86/sim/system.hh:51,
                 from build/X86/sim/system.cc:42:
build/X86/base/cprintf_formats.hh: In instantiation of 'void gem5::cp::_formatString(std::ostream&, const T&, gem5::cp::Format&) [with T = std::__cxx11::basic_string<char>; std::ostream = std::basic_ostream<char>]':
build/X86/base/cprintf_formats.hh:395:18:   required from 'void gem5::cp::formatString(std::ostream&, const T&, gem5::cp::Format&) [with T = std::__cxx11::basic_string<char>; std::ostream = std::basic_ostream<char>]'
build/X86/base/cprintf.hh:115:25:   required from 'void gem5::cp::Print::addArg(const T&) [with T = std::__cxx11::basic_string<char>]'
build/X86/base/cprintf.hh:139:17:   required from 'void gem5::ccprintf(gem5::cp::Print&, const T&, const Args& ...) [with T = std::__cxx11::basic_string<char>; Args = {long unsigned int, long unsigned int}]'
build/X86/base/cprintf.hh:150:13:   required from 'void gem5::ccprintf(std::ostream&, const char*, const Args& ...) [with Args = {std::__cxx11::basic_string<char, std::char_traits<char>, std::allocator<char> >, long unsigned int, long unsigned int}; std::ostream = std::basic_ostream<char>]'
build/X86/base/loader/memory_image.hh:169:13:   required from here
build/X86/base/cprintf_formats.hh:245:19: warning: catching polymorphic type 'class std::exception' by value [-Wcatch-value=]
  245 |     } catch (std::exception) {
      |                   ^~~~~~~~~
build/X86/base/cprintf_formats.hh: In instantiation of 'void gem5::cp::_formatString(std::ostream&, const T&, gem5::cp::Format&) [with T = long unsigned int; std::ostream = std::basic_ostream<char>]':
build/X86/base/cprintf_formats.hh:395:18:   required from 'void gem5::cp::formatString(std::ostream&, const T&, gem5::cp::Format&) [with T = long unsigned int; std::ostream = std::basic_ostream<char>]'
build/X86/base/cprintf.hh:115:25:   required from 'void gem5::cp::Print::addArg(const T&) [with T = long unsigned int]'
build/X86/base/cprintf.hh:139:17:   required from 'void gem5::ccprintf(gem5::cp::Print&, const T&, const Args& ...) [with T = long unsigned int; Args = {long unsigned int}]'
build/X86/base/cprintf.hh:150:13:   required from 'void gem5::ccprintf(std::ostream&, const char*, const Args& ...) [with Args = {long unsigned int, long unsigned int}; std::ostream = std::basic_ostream<char>]'
build/X86/arch/generic/pcstate.hh:292:17:   required from here
build/X86/base/cprintf_formats.hh:245:19: warning: catching polymorphic type 'class std::exception' by value [-Wcatch-value=]
build/X86/base/cprintf_formats.hh: In instantiation of 'void gem5::cp::_formatString(std::ostream&, const T&, gem5::cp::Format&) [with T = unsigned int; std::ostream = std::basic_ostream<char>]':
build/X86/base/cprintf_formats.hh:395:18:   required from 'void gem5::cp::formatString(std::ostream&, const T&, gem5::cp::Format&) [with T = unsigned int; std::ostream = std::basic_ostream<char>]'
build/X86/base/cprintf.hh:115:25:   required from 'void gem5::cp::Print::addArg(const T&) [with T = unsigned int]'
build/X86/base/cprintf.hh:139:17:   required from 'void gem5::ccprintf(gem5::cp::Print&, const T&, const Args& ...) [with T = unsigned int; Args = {}]'
build/X86/base/cprintf.hh:150:13:   required from 'void gem5::ccprintf(std::ostream&, const char*, const Args& ...) [with Args = {unsigned int}; std::ostream = std::basic_ostream<char>]'
build/X86/sim/system.cc:426:17:   required from here
build/X86/base/cprintf_formats.hh:245:19: warning: catching polymorphic type 'class std::exception' by value [-Wcatch-value=]
build/X86/base/cprintf_formats.hh: In instantiation of 'void gem5::cp::_formatString(std::ostream&, const T&, gem5::cp::Format&) [with T = double; std::ostream = std::basic_ostream<char>]':
build/X86/base/cprintf_formats.hh:395:18:   required from 'void gem5::cp::formatString(std::ostream&, const T&, gem5::cp::Format&) [with T = double; std::ostream = std::basic_ostream<char>]'
build/X86/base/cprintf.hh:115:25:   required from 'void gem5::cp::Print::addArg(const T&) [with T = double]'
build/X86/base/cprintf.hh:139:17:   required from 'void gem5::ccprintf(gem5::cp::Print&, const T&, const Args& ...) [with T = double; Args = {}]'
build/X86/base/cprintf.hh:150:13:   required from 'void gem5::ccprintf(std::ostream&, const char*, const Args& ...) [with Args = {double}; std::ostream = std::basic_ostream<char>]'
build/X86/base/cprintf.hh:164:13:   required from 'std::string gem5::csprintf(const char*, const Args& ...) [with Args = {double}; std::string = std::__cxx11::basic_string<char>]'
build/X86/base/stats/storage.hh:277:13:   required from here
build/X86/base/cprintf_formats.hh:245:19: warning: catching polymorphic type 'class std::exception' by value [-Wcatch-value=]
build/X86/base/cprintf_formats.hh: In instantiation of 'void gem5::cp::_formatString(std::ostream&, const T&, gem5::cp::Format&) [with T = unsigned char; std::ostream = std::basic_ostream<char>]':
build/X86/base/cprintf_formats.hh:395:18:   required from 'void gem5::cp::formatString(std::ostream&, const T&, gem5::cp::Format&) [with T = unsigned char; std::ostream = std::basic_ostream<char>]'
build/X86/base/cprintf.hh:115:25:   required from 'void gem5::cp::Print::addArg(const T&) [with T = unsigned char]'
build/X86/base/cprintf.hh:139:17:   required from 'void gem5::ccprintf(gem5::cp::Print&, const T&, const Args& ...) [with T = unsigned char; Args = {long unsigned int}]'
build/X86/base/cprintf.hh:150:13:   required from 'void gem5::ccprintf(std::ostream&, const char*, const Args& ...) [with Args = {unsigned char, long unsigned int}; std::ostream = std::basic_ostream<char>]'
build/X86/base/cprintf.hh:164:13:   required from 'std::string gem5::csprintf(const char*, const Args& ...) [with Args = {unsigned char, long unsigned int}; std::string = std::__cxx11::basic_string<char>]'
build/X86/base/addr_range.hh:189:9:   required from here
build/X86/base/cprintf_formats.hh:245:19: warning: catching polymorphic type 'class std::exception' by value [-Wcatch-value=]
build/X86/base/cprintf_formats.hh: In instantiation of 'void gem5::cp::_formatString(std::ostream&, const T&, gem5::cp::Format&) [with T = int; std::ostream = std::basic_ostream<char>]':
build/X86/base/cprintf_formats.hh:395:18:   required from 'void gem5::cp::formatString(std::ostream&, const T&, gem5::cp::Format&) [with T = int; std::ostream = std::basic_ostream<char>]'
build/X86/base/cprintf.hh:115:25:   required from 'void gem5::cp::Print::addArg(const T&) [with T = int]'
build/X86/base/cprintf.hh:139:17:   required from 'void gem5::ccprintf(gem5::cp::Print&, const T&, const Args& ...) [with T = int; Args = {}]'
build/X86/base/cprintf.hh:150:13:   required from 'void gem5::ccprintf(std::ostream&, const char*, const Args& ...) [with Args = {int}; std::ostream = std::basic_ostream<char>]'
build/X86/base/cprintf.hh:164:13:   required from 'std::string gem5::csprintf(const char*, const Args& ...) [with Args = {int}; std::string = std::__cxx11::basic_string<char>]'
build/X86/base/addr_range.hh:370:36:   required from here
build/X86/base/cprintf_formats.hh:245:19: warning: catching polymorphic type 'class std::exception' by value [-Wcatch-value=]
build/X86/base/cprintf_formats.hh: In instantiation of 'void gem5::cp::_formatString(std::ostream&, const T&, gem5::cp::Format&) [with T = short unsigned int; std::ostream = std::basic_ostream<char>]':
build/X86/base/cprintf_formats.hh:395:18:   required from 'void gem5::cp::formatString(std::ostream&, const T&, gem5::cp::Format&) [with T = short unsigned int; std::ostream = std::basic_ostream<char>]'
build/X86/base/cprintf.hh:115:25:   required from 'void gem5::cp::Print::addArg(const T&) [with T = short unsigned int]'
build/X86/base/cprintf.hh:139:17:   required from 'void gem5::ccprintf(gem5::cp::Print&, const T&, const Args& ...) [with T = short unsigned int; Args = {int, long unsigned int}]'
build/X86/base/cprintf.hh:150:13:   required from 'void gem5::ccprintf(std::ostream&, const char*, const Args& ...) [with Args = {short unsigned int, int, long unsigned int}; std::ostream = std::basic_ostream<char>]'
build/X86/base/trace.hh:82:17:   required from 'void gem5::Trace::Logger::dprintf_flag(gem5::Tick, const string&, const string&, const char*, const Args& ...) [with Args = {short unsigned int, int, long unsigned int}; gem5::Tick = long unsigned int; std::string = std::__cxx11::basic_string<char>]'
build/X86/cpu/simple_thread.hh:272:9:   required from here
build/X86/base/cprintf_formats.hh:245:19: warning: catching polymorphic type 'class std::exception' by value [-Wcatch-value=]
build/X86/base/cprintf_formats.hh: In instantiation of 'void gem5::cp::_formatString(std::ostream&, const T&, gem5::cp::Format&) [with T = long int; std::ostream = std::basic_ostream<char>]':
build/X86/base/cprintf_formats.hh:395:18:   required from 'void gem5::cp::formatString(std::ostream&, const T&, gem5::cp::Format&) [with T = long int; std::ostream = std::basic_ostream<char>]'
build/X86/base/cprintf.hh:115:25:   required from 'void gem5::cp::Print::addArg(const T&) [with T = long int]'
build/X86/base/cprintf.hh:139:17:   required from 'void gem5::ccprintf(gem5::cp::Print&, const T&, const Args& ...) [with T = long int; Args = {long unsigned int}]'
build/X86/base/cprintf.hh:150:13:   required from 'void gem5::ccprintf(std::ostream&, const char*, const Args& ...) [with Args = {long int, long unsigned int}; std::ostream = std::basic_ostream<char>]'
build/X86/base/cprintf.hh:164:13:   required from 'std::string gem5::csprintf(const char*, const Args& ...) [with Args = {long int, long unsigned int}; std::string = std::__cxx11::basic_string<char>]'
build/X86/base/addr_range.hh:123:13:   required from 'gem5::AddrRange::AddrRange(gem5::AddrRange::Dummy, Iterator, Iterator) [with Iterator = __gnu_cxx::__normal_iterator<gem5::AddrRange*, std::vector<gem5::AddrRange> >]'
build/X86/base/addr_range.hh:271:58:   required from here
build/X86/base/cprintf_formats.hh:245:19: warning: catching polymorphic type 'class std::exception' by value [-Wcatch-value=]
build/X86/base/cprintf_formats.hh: In instantiation of 'void gem5::cp::_formatString(std::ostream&, const T&, gem5::cp::Format&) [with T = char [10]; std::ostream = std::basic_ostream<char>]':
build/X86/base/cprintf_formats.hh:395:18:   required from 'void gem5::cp::formatString(std::ostream&, const T&, gem5::cp::Format&) [with T = char [10]; std::ostream = std::basic_ostream<char>]'
build/X86/base/cprintf.hh:115:25:   required from 'void gem5::cp::Print::addArg(const T&) [with T = char [10]]'
build/X86/base/cprintf.hh:139:17:   required from 'void gem5::ccprintf(gem5::cp::Print&, const T&, const Args& ...) [with T = char [10]; Args = {}]'
build/X86/base/cprintf.hh:141:13:   required from 'void gem5::ccprintf(gem5::cp::Print&, const T&, const Args& ...) [with T = std::__cxx11::basic_string<char>; Args = {char [10]}]'
build/X86/base/cprintf.hh:150:13:   required from 'void gem5::ccprintf(std::ostream&, const char*, const Args& ...) [with Args = {std::__cxx11::basic_string<char, std::char_traits<char>, std::allocator<char> >, char [10]}; std::ostream = std::basic_ostream<char>]'
build/X86/base/logging.hh:102:17:   required from 'void gem5::Logger::print(const gem5::Logger::Loc&, const char*, const Args& ...) [with Args = {std::__cxx11::basic_string<char, std::char_traits<char>, std::allocator<char> >, char [10]}]'
build/X86/mem/port.hh:445:9:   required from here
build/X86/base/cprintf_formats.hh:245:19: warning: catching polymorphic type 'class std::exception' by value [-Wcatch-value=]
build/X86/base/cprintf_formats.hh: In instantiation of 'void gem5::cp::_formatString(std::ostream&, const T&, gem5::cp::Format&) [with T = const char*; std::ostream = std::basic_ostream<char>]':
build/X86/base/cprintf_formats.hh:395:18:   required from 'void gem5::cp::formatString(std::ostream&, const T&, gem5::cp::Format&) [with T = const char*; std::ostream = std::basic_ostream<char>]'
build/X86/base/cprintf.hh:115:25:   required from 'void gem5::cp::Print::addArg(const T&) [with T = const char*]'
build/X86/base/cprintf.hh:139:17:   required from 'void gem5::ccprintf(gem5::cp::Print&, const T&, const Args& ...) [with T = const char*; Args = {std::__cxx11::basic_string<char, std::char_traits<char>, std::allocator<char> >}]'
build/X86/base/cprintf.hh:150:13:   required from 'void gem5::ccprintf(std::ostream&, const char*, const Args& ...) [with Args = {const char*, std::__cxx11::basic_string<char, std::char_traits<char>, std::allocator<char> >}; std::ostream = std::basic_ostream<char>]'
build/X86/base/cprintf.hh:164:13:   required from 'std::string gem5::csprintf(const char*, const Args& ...) [with Args = {const char*, std::__cxx11::basic_string<char, std::char_traits<char>, std::allocator<char> >}; std::string = std::__cxx11::basic_string<char>]'
build/X86/base/statistics.hh:278:13:   required from 'gem5::statistics::DataWrap<Derived, InfoProxyType>::DataWrap(gem5::statistics::Group*, const char*, const gem5::statistics::units::Base*, const char*) [with Derived = gem5::statistics::Scalar; InfoProxyType = gem5::statistics::ScalarInfoProxy]'
build/X86/base/statistics.hh:565:70:   required from 'gem5::statistics::ScalarBase<Derived, Stor>::ScalarBase(gem5::statistics::Group*, const char*, const gem5::statistics::units::Base*, const char*) [with Derived = gem5::statistics::Scalar; Stor = gem5::statistics::StatStor]'
build/X86/base/statistics.hh:1937:68:   required from here
build/X86/base/cprintf_formats.hh:245:19: warning: catching polymorphic type 'class std::exception' by value [-Wcatch-value=]
build/X86/base/cprintf_formats.hh: In instantiation of 'void gem5::cp::_formatString(std::ostream&, const T&, gem5::cp::Format&) [with T = gem5::VecRegContainer<8>; std::ostream = std::basic_ostream<char>]':
build/X86/base/cprintf_formats.hh:395:18:   required from 'void gem5::cp::formatString(std::ostream&, const T&, gem5::cp::Format&) [with T = gem5::VecRegContainer<8>; std::ostream = std::basic_ostream<char>]'
build/X86/base/cprintf.hh:115:25:   required from 'void gem5::cp::Print::addArg(const T&) [with T = gem5::VecRegContainer<8>]'
build/X86/base/cprintf.hh:141:13:   recursively required from 'void gem5::ccprintf(gem5::cp::Print&, const T&, const Args& ...) [with T = int; Args = {gem5::VecRegContainer<8>}]'
build/X86/base/cprintf.hh:141:13:   required from 'void gem5::ccprintf(gem5::cp::Print&, const T&, const Args& ...) [with T = short unsigned int; Args = {int, gem5::VecRegContainer<8>}]'
build/X86/base/cprintf.hh:150:13:   required from 'void gem5::ccprintf(std::ostream&, const char*, const Args& ...) [with Args = {short unsigned int, int, gem5::VecRegContainer<8>}; std::ostream = std::basic_ostream<char>]'
build/X86/base/trace.hh:82:17:   required from 'void gem5::Trace::Logger::dprintf_flag(gem5::Tick, const string&, const string&, const char*, const Args& ...) [with Args = {short unsigned int, int, gem5::VecRegContainer<8>}; gem5::Tick = long unsigned int; std::string = std::__cxx11::basic_string<char>]'
build/X86/cpu/simple_thread.hh:294:9:   required from here
build/X86/base/cprintf_formats.hh:245:19: warning: catching polymorphic type 'class std::exception' by value [-Wcatch-value=]
build/X86/base/cprintf_formats.hh: In instantiation of 'void gem5::cp::_formatString(std::ostream&, const T&, gem5::cp::Format&) [with T = gem5::VecPredRegContainer<8, false>; std::ostream = std::basic_ostream<char>]':
build/X86/base/cprintf_formats.hh:395:18:   required from 'void gem5::cp::formatString(std::ostream&, const T&, gem5::cp::Format&) [with T = gem5::VecPredRegContainer<8, false>; std::ostream = std::basic_ostream<char>]'
build/X86/base/cprintf.hh:115:25:   required from 'void gem5::cp::Print::addArg(const T&) [with T = gem5::VecPredRegContainer<8, false>]'
build/X86/base/cprintf.hh:141:13:   recursively required from 'void gem5::ccprintf(gem5::cp::Print&, const T&, const Args& ...) [with T = int; Args = {gem5::VecPredRegContainer<8, false>}]'
build/X86/base/cprintf.hh:141:13:   required from 'void gem5::ccprintf(gem5::cp::Print&, const T&, const Args& ...) [with T = short unsigned int; Args = {int, gem5::VecPredRegContainer<8, false>}]'
build/X86/base/cprintf.hh:150:13:   required from 'void gem5::ccprintf(std::ostream&, const char*, const Args& ...) [with Args = {short unsigned int, int, gem5::VecPredRegContainer<8, false>}; std::ostream = std::basic_ostream<char>]'
build/X86/base/trace.hh:82:17:   required from 'void gem5::Trace::Logger::dprintf_flag(gem5::Tick, const string&, const string&, const char*, const Args& ...) [with Args = {short unsigned int, int, gem5::VecPredRegContainer<8, false>}; gem5::Tick = long unsigned int; std::string = std::__cxx11::basic_string<char>]'
build/X86/cpu/simple_thread.hh:328:9:   required from here
build/X86/base/cprintf_formats.hh:245:19: warning: catching polymorphic type 'class std::exception' by value [-Wcatch-value=]
build/X86/base/cprintf_formats.hh: In instantiation of 'void gem5::cp::_formatString(std::ostream&, const T&, gem5::cp::Format&) [with T = char [2]; std::ostream = std::basic_ostream<char>]':
build/X86/base/cprintf_formats.hh:395:18:   required from 'void gem5::cp::formatString(std::ostream&, const T&, gem5::cp::Format&) [with T = char [2]; std::ostream = std::basic_ostream<char>]'
build/X86/base/cprintf.hh:115:25:   required from 'void gem5::cp::Print::addArg(const T&) [with T = char [2]]'
build/X86/base/cprintf.hh:139:17:   required from 'void gem5::ccprintf(gem5::cp::Print&, const T&, const Args& ...) [with T = char [2]; Args = {int}]'
build/X86/base/cprintf.hh:150:13:   required from 'void gem5::ccprintf(std::ostream&, const char*, const Args& ...) [with Args = {char [2], int}; std::ostream = std::basic_ostream<char>]'
build/X86/arch/generic/vec_pred_reg.hh:335:21:   required from 'std::ostream& gem5::operator<<(std::ostream&, const MyClass&)'
build/X86/base/cprintf_formats.hh:158:9:   [ skipping 2 instantiation contexts, use -ftemplate-backtrace-limit=0 to disable ]
build/X86/base/cprintf.hh:107:26:   required from 'void gem5::cp::Print::addArg(const T&) [with T = gem5::VecPredRegContainer<8, false>]'
build/X86/base/cprintf.hh:141:13:   recursively required from 'void gem5::ccprintf(gem5::cp::Print&, const T&, const Args& ...) [with T = int; Args = {gem5::VecPredRegContainer<8, false>}]'
build/X86/base/cprintf.hh:141:13:   required from 'void gem5::ccprintf(gem5::cp::Print&, const T&, const Args& ...) [with T = short unsigned int; Args = {int, gem5::VecPredRegContainer<8, false>}]'
build/X86/base/cprintf.hh:150:13:   required from 'void gem5::ccprintf(std::ostream&, const char*, const Args& ...) [with Args = {short unsigned int, int, gem5::VecPredRegContainer<8, false>}; std::ostream = std::basic_ostream<char>]'
build/X86/base/trace.hh:82:17:   required from 'void gem5::Trace::Logger::dprintf_flag(gem5::Tick, const string&, const string&, const char*, const Args& ...) [with Args = {short unsigned int, int, gem5::VecPredRegContainer<8, false>}; gem5::Tick = long unsigned int; std::string = std::__cxx11::basic_string<char>]'
build/X86/cpu/simple_thread.hh:328:9:   required from here
build/X86/base/cprintf_formats.hh:245:19: warning: catching polymorphic type 'class std::exception' by value [-Wcatch-value=]
 [     CXX] X86/sim/clocked_object.cc -> .o
 [     CXX] X86/sim/mathexpr.cc -> .o
In file included from build/X86/base/cprintf.hh:38,
                 from build/X86/base/logging.hh:50,
                 from build/X86/sim/mathexpr.cc:45:
build/X86/base/cprintf_formats.hh: In instantiation of 'void gem5::cp::_formatString(std::ostream&, const T&, gem5::cp::Format&) [with T = std::__cxx11::basic_string<char>; std::ostream = std::basic_ostream<char>]':
build/X86/base/cprintf_formats.hh:395:18:   required from 'void gem5::cp::formatString(std::ostream&, const T&, gem5::cp::Format&) [with T = std::__cxx11::basic_string<char>; std::ostream = std::basic_ostream<char>]'
build/X86/base/cprintf.hh:115:25:   required from 'void gem5::cp::Print::addArg(const T&) [with T = std::__cxx11::basic_string<char>]'
build/X86/base/cprintf.hh:139:17:   required from 'void gem5::ccprintf(gem5::cp::Print&, const T&, const Args& ...) [with T = std::__cxx11::basic_string<char>; Args = {}]'
build/X86/base/cprintf.hh:150:13:   required from 'void gem5::ccprintf(std::ostream&, const char*, const Args& ...) [with Args = {std::__cxx11::basic_string<char, std::char_traits<char>, std::allocator<char> >}; std::ostream = std::basic_ostream<char>]'
build/X86/base/logging.hh:102:17:   required from 'void gem5::Logger::print(const gem5::Logger::Loc&, const char*, const Args& ...) [with Args = {std::__cxx11::basic_string<char, std::char_traits<char>, std::allocator<char> >}]'
build/X86/sim/mathexpr.cc:67:5:   required from here
build/X86/base/cprintf_formats.hh:245:19: warning: catching polymorphic type 'class std::exception' by value [-Wcatch-value=]
  245 |     } catch (std::exception) {
      |                   ^~~~~~~~~
 [     CXX] X86/sim/power_state.cc -> .o
In file included from build/X86/base/cprintf.hh:38,
                 from build/X86/base/statistics.hh:78,
                 from build/X86/sim/clock_domain.hh:49,
                 from build/X86/sim/clocked_object.hh:50,
                 from build/X86/sim/clocked_object.cc:38:
build/X86/base/cprintf_formats.hh: In instantiation of 'void gem5::cp::_formatString(std::ostream&, const T&, gem5::cp::Format&) [with T = double; std::ostream = std::basic_ostream<char>]':
build/X86/base/cprintf_formats.hh:395:18:   required from 'void gem5::cp::formatString(std::ostream&, const T&, gem5::cp::Format&) [with T = double; std::ostream = std::basic_ostream<char>]'
build/X86/base/cprintf.hh:115:25:   required from 'void gem5::cp::Print::addArg(const T&) [with T = double]'
build/X86/base/cprintf.hh:139:17:   required from 'void gem5::ccprintf(gem5::cp::Print&, const T&, const Args& ...) [with T = double; Args = {}]'
build/X86/base/cprintf.hh:150:13:   required from 'void gem5::ccprintf(std::ostream&, const char*, const Args& ...) [with Args = {double}; std::ostream = std::basic_ostream<char>]'
build/X86/base/cprintf.hh:164:13:   required from 'std::string gem5::csprintf(const char*, const Args& ...) [with Args = {double}; std::string = std::__cxx11::basic_string<char>]'
build/X86/base/stats/storage.hh:277:13:   required from here
build/X86/base/cprintf_formats.hh:245:19: warning: catching polymorphic type 'class std::exception' by value [-Wcatch-value=]
  245 |     } catch (std::exception) {
      |                   ^~~~~~~~~
build/X86/base/cprintf_formats.hh: In instantiation of 'void gem5::cp::_formatString(std::ostream&, const T&, gem5::cp::Format&) [with T = std::__cxx11::basic_string<char>; std::ostream = std::basic_ostream<char>]':
build/X86/base/cprintf_formats.hh:395:18:   required from 'void gem5::cp::formatString(std::ostream&, const T&, gem5::cp::Format&) [with T = std::__cxx11::basic_string<char>; std::ostream = std::basic_ostream<char>]'
build/X86/base/cprintf.hh:115:25:   required from 'void gem5::cp::Print::addArg(const T&) [with T = std::__cxx11::basic_string<char>]'
build/X86/base/cprintf.hh:139:17:   required from 'void gem5::ccprintf(gem5::cp::Print&, const T&, const Args& ...) [with T = std::__cxx11::basic_string<char>; Args = {}]'
build/X86/base/cprintf.hh:150:13:   required from 'void gem5::ccprintf(std::ostream&, const char*, const Args& ...) [with Args = {std::__cxx11::basic_string<char, std::char_traits<char>, std::allocator<char> >}; std::ostream = std::basic_ostream<char>]'
build/X86/base/logging.hh:102:17:   required from 'void gem5::Logger::print(const gem5::Logger::Loc&, const char*, const Args& ...) [with Args = {std::__cxx11::basic_string<char, std::char_traits<char>, std::allocator<char> >}]'
build/X86/base/stats/storage.hh:277:13:   required from here
build/X86/base/cprintf_formats.hh:245:19: warning: catching polymorphic type 'class std::exception' by value [-Wcatch-value=]
build/X86/base/cprintf_formats.hh: In instantiation of 'void gem5::cp::_formatString(std::ostream&, const T&, gem5::cp::Format&) [with T = const char*; std::ostream = std::basic_ostream<char>]':
build/X86/base/cprintf_formats.hh:395:18:   required from 'void gem5::cp::formatString(std::ostream&, const T&, gem5::cp::Format&) [with T = const char*; std::ostream = std::basic_ostream<char>]'
build/X86/base/cprintf.hh:115:25:   required from 'void gem5::cp::Print::addArg(const T&) [with T = const char*]'
build/X86/base/cprintf.hh:139:17:   required from 'void gem5::ccprintf(gem5::cp::Print&, const T&, const Args& ...) [with T = const char*; Args = {std::__cxx11::basic_string<char, std::char_traits<char>, std::allocator<char> >}]'
build/X86/base/cprintf.hh:150:13:   required from 'void gem5::ccprintf(std::ostream&, const char*, const Args& ...) [with Args = {const char*, std::__cxx11::basic_string<char, std::char_traits<char>, std::allocator<char> >}; std::ostream = std::basic_ostream<char>]'
build/X86/base/cprintf.hh:164:13:   required from 'std::string gem5::csprintf(const char*, const Args& ...) [with Args = {const char*, std::__cxx11::basic_string<char, std::char_traits<char>, std::allocator<char> >}; std::string = std::__cxx11::basic_string<char>]'
build/X86/base/statistics.hh:278:13:   required from 'gem5::statistics::DataWrap<Derived, InfoProxyType>::DataWrap(gem5::statistics::Group*, const char*, const gem5::statistics::units::Base*, const char*) [with Derived = gem5::statistics::Scalar; InfoProxyType = gem5::statistics::ScalarInfoProxy]'
build/X86/base/statistics.hh:565:70:   required from 'gem5::statistics::ScalarBase<Derived, Stor>::ScalarBase(gem5::statistics::Group*, const char*, const gem5::statistics::units::Base*, const char*) [with Derived = gem5::statistics::Scalar; Stor = gem5::statistics::StatStor]'
build/X86/base/statistics.hh:1937:68:   required from here
build/X86/base/cprintf_formats.hh:245:19: warning: catching polymorphic type 'class std::exception' by value [-Wcatch-value=]
 [     CXX] X86/sim/power_domain.cc -> .o
 [     CXX] X86/sim/stats.cc -> .o
 [     CXX] X86/sim/workload.cc -> .o
In file included from build/X86/base/cprintf.hh:38,
                 from build/X86/base/statistics.hh:78,
                 from build/X86/sim/power_state.hh:50,
                 from build/X86/sim/power_state.cc:38:
build/X86/base/cprintf_formats.hh: In instantiation of 'void gem5::cp::_formatString(std::ostream&, const T&, gem5::cp::Format&) [with T = double; std::ostream = std::basic_ostream<char>]':
build/X86/base/cprintf_formats.hh:395:18:   required from 'void gem5::cp::formatString(std::ostream&, const T&, gem5::cp::Format&) [with T = double; std::ostream = std::basic_ostream<char>]'
build/X86/base/cprintf.hh:115:25:   required from 'void gem5::cp::Print::addArg(const T&) [with T = double]'
build/X86/base/cprintf.hh:139:17:   required from 'void gem5::ccprintf(gem5::cp::Print&, const T&, const Args& ...) [with T = double; Args = {}]'
build/X86/base/cprintf.hh:150:13:   required from 'void gem5::ccprintf(std::ostream&, const char*, const Args& ...) [with Args = {double}; std::ostream = std::basic_ostream<char>]'
build/X86/base/cprintf.hh:164:13:   required from 'std::string gem5::csprintf(const char*, const Args& ...) [with Args = {double}; std::string = std::__cxx11::basic_string<char>]'
build/X86/base/stats/storage.hh:277:13:   required from here
build/X86/base/cprintf_formats.hh:245:19: warning: catching polymorphic type 'class std::exception' by value [-Wcatch-value=]
  245 |     } catch (std::exception) {
      |                   ^~~~~~~~~
build/X86/base/cprintf_formats.hh: In instantiation of 'void gem5::cp::_formatString(std::ostream&, const T&, gem5::cp::Format&) [with T = std::__cxx11::basic_string<char>; std::ostream = std::basic_ostream<char>]':
build/X86/base/cprintf_formats.hh:395:18:   required from 'void gem5::cp::formatString(std::ostream&, const T&, gem5::cp::Format&) [with T = std::__cxx11::basic_string<char>; std::ostream = std::basic_ostream<char>]'
build/X86/base/cprintf.hh:115:25:   required from 'void gem5::cp::Print::addArg(const T&) [with T = std::__cxx11::basic_string<char>]'
build/X86/base/cprintf.hh:139:17:   required from 'void gem5::ccprintf(gem5::cp::Print&, const T&, const Args& ...) [with T = std::__cxx11::basic_string<char>; Args = {}]'
build/X86/base/cprintf.hh:150:13:   required from 'void gem5::ccprintf(std::ostream&, const char*, const Args& ...) [with Args = {std::__cxx11::basic_string<char, std::char_traits<char>, std::allocator<char> >}; std::ostream = std::basic_ostream<char>]'
build/X86/base/logging.hh:102:17:   required from 'void gem5::Logger::print(const gem5::Logger::Loc&, const char*, const Args& ...) [with Args = {std::__cxx11::basic_string<char, std::char_traits<char>, std::allocator<char> >}]'
build/X86/base/stats/storage.hh:277:13:   required from here
build/X86/base/cprintf_formats.hh:245:19: warning: catching polymorphic type 'class std::exception' by value [-Wcatch-value=]
build/X86/base/cprintf_formats.hh: In instantiation of 'void gem5::cp::_formatString(std::ostream&, const T&, gem5::cp::Format&) [with T = const char*; std::ostream = std::basic_ostream<char>]':
build/X86/base/cprintf_formats.hh:395:18:   required from 'void gem5::cp::formatString(std::ostream&, const T&, gem5::cp::Format&) [with T = const char*; std::ostream = std::basic_ostream<char>]'
build/X86/base/cprintf.hh:115:25:   required from 'void gem5::cp::Print::addArg(const T&) [with T = const char*]'
build/X86/base/cprintf.hh:139:17:   required from 'void gem5::ccprintf(gem5::cp::Print&, const T&, const Args& ...) [with T = const char*; Args = {std::__cxx11::basic_string<char, std::char_traits<char>, std::allocator<char> >}]'
build/X86/base/cprintf.hh:150:13:   required from 'void gem5::ccprintf(std::ostream&, const char*, const Args& ...) [with Args = {const char*, std::__cxx11::basic_string<char, std::char_traits<char>, std::allocator<char> >}; std::ostream = std::basic_ostream<char>]'
build/X86/base/cprintf.hh:164:13:   required from 'std::string gem5::csprintf(const char*, const Args& ...) [with Args = {const char*, std::__cxx11::basic_string<char, std::char_traits<char>, std::allocator<char> >}; std::string = std::__cxx11::basic_string<char>]'
build/X86/sim/power_state.cc:100:5:   required from here
build/X86/base/cprintf_formats.hh:245:19: warning: catching polymorphic type 'class std::exception' by value [-Wcatch-value=]
In file included from build/X86/base/cprintf.hh:38,
                 from build/X86/base/statistics.hh:78,
                 from build/X86/sim/power_domain.hh:45,
                 from build/X86/sim/power_domain.cc:38:
build/X86/base/cprintf_formats.hh: In instantiation of 'void gem5::cp::_formatString(std::ostream&, const T&, gem5::cp::Format&) [with T = double; std::ostream = std::basic_ostream<char>]':
build/X86/base/cprintf_formats.hh:395:18:   required from 'void gem5::cp::formatString(std::ostream&, const T&, gem5::cp::Format&) [with T = double; std::ostream = std::basic_ostream<char>]'
build/X86/base/cprintf.hh:115:25:   required from 'void gem5::cp::Print::addArg(const T&) [with T = double]'
build/X86/base/cprintf.hh:139:17:   required from 'void gem5::ccprintf(gem5::cp::Print&, const T&, const Args& ...) [with T = double; Args = {}]'
build/X86/base/cprintf.hh:150:13:   required from 'void gem5::ccprintf(std::ostream&, const char*, const Args& ...) [with Args = {double}; std::ostream = std::basic_ostream<char>]'
build/X86/base/cprintf.hh:164:13:   required from 'std::string gem5::csprintf(const char*, const Args& ...) [with Args = {double}; std::string = std::__cxx11::basic_string<char>]'
build/X86/base/stats/storage.hh:277:13:   required from here
build/X86/base/cprintf_formats.hh:245:19: warning: catching polymorphic type 'class std::exception' by value [-Wcatch-value=]
  245 |     } catch (std::exception) {
      |                   ^~~~~~~~~
build/X86/base/cprintf_formats.hh: In instantiation of 'void gem5::cp::_formatString(std::ostream&, const T&, gem5::cp::Format&) [with T = std::__cxx11::basic_string<char>; std::ostream = std::basic_ostream<char>]':
build/X86/base/cprintf_formats.hh:395:18:   required from 'void gem5::cp::formatString(std::ostream&, const T&, gem5::cp::Format&) [with T = std::__cxx11::basic_string<char>; std::ostream = std::basic_ostream<char>]'
build/X86/base/cprintf.hh:115:25:   required from 'void gem5::cp::Print::addArg(const T&) [with T = std::__cxx11::basic_string<char>]'
build/X86/base/cprintf.hh:139:17:   required from 'void gem5::ccprintf(gem5::cp::Print&, const T&, const Args& ...) [with T = std::__cxx11::basic_string<char>; Args = {}]'
build/X86/base/cprintf.hh:150:13:   required from 'void gem5::ccprintf(std::ostream&, const char*, const Args& ...) [with Args = {std::__cxx11::basic_string<char, std::char_traits<char>, std::allocator<char> >}; std::ostream = std::basic_ostream<char>]'
build/X86/base/logging.hh:102:17:   required from 'void gem5::Logger::print(const gem5::Logger::Loc&, const char*, const Args& ...) [with Args = {std::__cxx11::basic_string<char, std::char_traits<char>, std::allocator<char> >}]'
build/X86/base/stats/storage.hh:277:13:   required from here
build/X86/base/cprintf_formats.hh:245:19: warning: catching polymorphic type 'class std::exception' by value [-Wcatch-value=]
build/X86/base/cprintf_formats.hh: In instantiation of 'void gem5::cp::_formatString(std::ostream&, const T&, gem5::cp::Format&) [with T = gem5::enums::PwrState; std::ostream = std::basic_ostream<char>]':
build/X86/base/cprintf_formats.hh:395:18:   required from 'void gem5::cp::formatString(std::ostream&, const T&, gem5::cp::Format&) [with T = gem5::enums::PwrState; std::ostream = std::basic_ostream<char>]'
build/X86/base/cprintf.hh:115:25:   required from 'void gem5::cp::Print::addArg(const T&) [with T = gem5::enums::PwrState]'
build/X86/base/cprintf.hh:139:17:   required from 'void gem5::ccprintf(gem5::cp::Print&, const T&, const Args& ...) [with T = gem5::enums::PwrState; Args = {const char*}]'
build/X86/base/cprintf.hh:150:13:   required from 'void gem5::ccprintf(std::ostream&, const char*, const Args& ...) [with Args = {gem5::enums::PwrState, const char*}; std::ostream = std::basic_ostream<char>]'
build/X86/base/trace.hh:82:17:   required from 'void gem5::Trace::Logger::dprintf_flag(gem5::Tick, const string&, const string&, const char*, const Args& ...) [with Args = {gem5::enums::PwrState, const char*}; gem5::Tick = long unsigned int; std::string = std::__cxx11::basic_string<char>]'
build/X86/sim/power_domain.cc:143:13:   required from here
build/X86/base/cprintf_formats.hh:245:19: warning: catching polymorphic type 'class std::exception' by value [-Wcatch-value=]
build/X86/base/cprintf_formats.hh: In instantiation of 'void gem5::cp::_formatString(std::ostream&, const T&, gem5::cp::Format&) [with T = const char*; std::ostream = std::basic_ostream<char>]':
build/X86/base/cprintf_formats.hh:395:18:   required from 'void gem5::cp::formatString(std::ostream&, const T&, gem5::cp::Format&) [with T = const char*; std::ostream = std::basic_ostream<char>]'
build/X86/base/cprintf.hh:115:25:   required from 'void gem5::cp::Print::addArg(const T&) [with T = const char*]'
build/X86/base/cprintf.hh:139:17:   required from 'void gem5::ccprintf(gem5::cp::Print&, const T&, const Args& ...) [with T = const char*; Args = {}]'
build/X86/base/cprintf.hh:141:13:   required from 'void gem5::ccprintf(gem5::cp::Print&, const T&, const Args& ...) [with T = gem5::enums::PwrState; Args = {const char*}]'
build/X86/base/cprintf.hh:150:13:   required from 'void gem5::ccprintf(std::ostream&, const char*, const Args& ...) [with Args = {gem5::enums::PwrState, const char*}; std::ostream = std::basic_ostream<char>]'
build/X86/base/trace.hh:82:17:   required from 'void gem5::Trace::Logger::dprintf_flag(gem5::Tick, const string&, const string&, const char*, const Args& ...) [with Args = {gem5::enums::PwrState, const char*}; gem5::Tick = long unsigned int; std::string = std::__cxx11::basic_string<char>]'
build/X86/sim/power_domain.cc:143:13:   required from here
build/X86/base/cprintf_formats.hh:245:19: warning: catching polymorphic type 'class std::exception' by value [-Wcatch-value=]
build/X86/base/cprintf_formats.hh: In instantiation of 'void gem5::cp::_formatString(std::ostream&, const T&, gem5::cp::Format&) [with T = long unsigned int; std::ostream = std::basic_ostream<char>]':
build/X86/base/cprintf_formats.hh:395:18:   required from 'void gem5::cp::formatString(std::ostream&, const T&, gem5::cp::Format&) [with T = long unsigned int; std::ostream = std::basic_ostream<char>]'
build/X86/base/cprintf.hh:115:25:   required from 'void gem5::cp::Print::addArg(const T&) [with T = long unsigned int]'
build/X86/base/cprintf.hh:141:13:   recursively required from 'void gem5::ccprintf(gem5::cp::Print&, const T&, const Args& ...) [with T = gem5::enums::PwrState; Args = {long unsigned int}]'
build/X86/base/cprintf.hh:141:13:   required from 'void gem5::ccprintf(gem5::cp::Print&, const T&, const Args& ...) [with T = gem5::enums::PwrState; Args = {gem5::enums::PwrState, long unsigned int}]'
build/X86/base/cprintf.hh:150:13:   required from 'void gem5::ccprintf(std::ostream&, const char*, const Args& ...) [with Args = {gem5::enums::PwrState, gem5::enums::PwrState, long unsigned int}; std::ostream = std::basic_ostream<char>]'
build/X86/base/trace.hh:82:17:   required from 'void gem5::Trace::Logger::dprintf_flag(gem5::Tick, const string&, const string&, const char*, const Args& ...) [with Args = {gem5::enums::PwrState, gem5::enums::PwrState, long unsigned int}; gem5::Tick = long unsigned int; std::string = std::__cxx11::basic_string<char>]'
build/X86/sim/power_domain.cc:239:9:   required from here
build/X86/base/cprintf_formats.hh:245:19: warning: catching polymorphic type 'class std::exception' by value [-Wcatch-value=]
In file included from build/X86/base/cprintf.hh:38,
                 from build/X86/base/statistics.hh:78,
                 from build/X86/sim/stats.hh:32,
                 from build/X86/sim/stats.cc:38:
build/X86/base/cprintf_formats.hh: In instantiation of 'void gem5::cp::_formatString(std::ostream&, const T&, gem5::cp::Format&) [with T = double; std::ostream = std::basic_ostream<char>]':
build/X86/base/cprintf_formats.hh:395:18:   required from 'void gem5::cp::formatString(std::ostream&, const T&, gem5::cp::Format&) [with T = double; std::ostream = std::basic_ostream<char>]'
build/X86/base/cprintf.hh:115:25:   required from 'void gem5::cp::Print::addArg(const T&) [with T = double]'
build/X86/base/cprintf.hh:139:17:   required from 'void gem5::ccprintf(gem5::cp::Print&, const T&, const Args& ...) [with T = double; Args = {}]'
build/X86/base/cprintf.hh:150:13:   required from 'void gem5::ccprintf(std::ostream&, const char*, const Args& ...) [with Args = {double}; std::ostream = std::basic_ostream<char>]'
build/X86/base/cprintf.hh:164:13:   required from 'std::string gem5::csprintf(const char*, const Args& ...) [with Args = {double}; std::string = std::__cxx11::basic_string<char>]'
build/X86/base/stats/storage.hh:277:13:   required from here
build/X86/base/cprintf_formats.hh:245:19: warning: catching polymorphic type 'class std::exception' by value [-Wcatch-value=]
  245 |     } catch (std::exception) {
      |                   ^~~~~~~~~
build/X86/base/cprintf_formats.hh: In instantiation of 'void gem5::cp::_formatString(std::ostream&, const T&, gem5::cp::Format&) [with T = std::__cxx11::basic_string<char>; std::ostream = std::basic_ostream<char>]':
build/X86/base/cprintf_formats.hh:395:18:   required from 'void gem5::cp::formatString(std::ostream&, const T&, gem5::cp::Format&) [with T = std::__cxx11::basic_string<char>; std::ostream = std::basic_ostream<char>]'
build/X86/base/cprintf.hh:115:25:   required from 'void gem5::cp::Print::addArg(const T&) [with T = std::__cxx11::basic_string<char>]'
build/X86/base/cprintf.hh:139:17:   required from 'void gem5::ccprintf(gem5::cp::Print&, const T&, const Args& ...) [with T = std::__cxx11::basic_string<char>; Args = {}]'
build/X86/base/cprintf.hh:150:13:   required from 'void gem5::ccprintf(std::ostream&, const char*, const Args& ...) [with Args = {std::__cxx11::basic_string<char, std::char_traits<char>, std::allocator<char> >}; std::ostream = std::basic_ostream<char>]'
build/X86/base/logging.hh:102:17:   required from 'void gem5::Logger::print(const gem5::Logger::Loc&, const char*, const Args& ...) [with Args = {std::__cxx11::basic_string<char, std::char_traits<char>, std::allocator<char> >}]'
build/X86/base/stats/storage.hh:277:13:   required from here
build/X86/base/cprintf_formats.hh:245:19: warning: catching polymorphic type 'class std::exception' by value [-Wcatch-value=]
build/X86/base/cprintf_formats.hh: In instantiation of 'void gem5::cp::_formatString(std::ostream&, const T&, gem5::cp::Format&) [with T = const char*; std::ostream = std::basic_ostream<char>]':
build/X86/base/cprintf_formats.hh:395:18:   required from 'void gem5::cp::formatString(std::ostream&, const T&, gem5::cp::Format&) [with T = const char*; std::ostream = std::basic_ostream<char>]'
build/X86/base/cprintf.hh:115:25:   required from 'void gem5::cp::Print::addArg(const T&) [with T = const char*]'
build/X86/base/cprintf.hh:139:17:   required from 'void gem5::ccprintf(gem5::cp::Print&, const T&, const Args& ...) [with T = const char*; Args = {std::__cxx11::basic_string<char, std::char_traits<char>, std::allocator<char> >}]'
build/X86/base/cprintf.hh:150:13:   required from 'void gem5::ccprintf(std::ostream&, const char*, const Args& ...) [with Args = {const char*, std::__cxx11::basic_string<char, std::char_traits<char>, std::allocator<char> >}; std::ostream = std::basic_ostream<char>]'
build/X86/base/cprintf.hh:164:13:   required from 'std::string gem5::csprintf(const char*, const Args& ...) [with Args = {const char*, std::__cxx11::basic_string<char, std::char_traits<char>, std::allocator<char> >}; std::string = std::__cxx11::basic_string<char>]'
build/X86/base/statistics.hh:278:13:   required from 'gem5::statistics::DataWrap<Derived, InfoProxyType>::DataWrap(gem5::statistics::Group*, const char*, const gem5::statistics::units::Base*, const char*) [with Derived = gem5::statistics::Scalar; InfoProxyType = gem5::statistics::ScalarInfoProxy]'
build/X86/base/statistics.hh:565:70:   required from 'gem5::statistics::ScalarBase<Derived, Stor>::ScalarBase(gem5::statistics::Group*, const char*, const gem5::statistics::units::Base*, const char*) [with Derived = gem5::statistics::Scalar; Stor = gem5::statistics::StatStor]'
build/X86/base/statistics.hh:1937:68:   required from here
build/X86/base/cprintf_formats.hh:245:19: warning: catching polymorphic type 'class std::exception' by value [-Wcatch-value=]
 [     CXX] X86/sim/mem_pool.cc -> .o
In file included from build/X86/base/cprintf.hh:38,
                 from build/X86/base/logging.hh:50,
                 from build/X86/base/loader/memory_image.hh:41,
                 from build/X86/base/loader/image_file.hh:37,
                 from build/X86/base/loader/object_file.hh:35,
                 from build/X86/sim/workload.hh:34,
                 from build/X86/sim/workload.cc:28:
build/X86/base/cprintf_formats.hh: In instantiation of 'void gem5::cp::_formatString(std::ostream&, const T&, gem5::cp::Format&) [with T = std::__cxx11::basic_string<char>; std::ostream = std::basic_ostream<char>]':
build/X86/base/cprintf_formats.hh:395:18:   required from 'void gem5::cp::formatString(std::ostream&, const T&, gem5::cp::Format&) [with T = std::__cxx11::basic_string<char>; std::ostream = std::basic_ostream<char>]'
build/X86/base/cprintf.hh:115:25:   required from 'void gem5::cp::Print::addArg(const T&) [with T = std::__cxx11::basic_string<char>]'
build/X86/base/cprintf.hh:139:17:   required from 'void gem5::ccprintf(gem5::cp::Print&, const T&, const Args& ...) [with T = std::__cxx11::basic_string<char>; Args = {long unsigned int, long unsigned int}]'
build/X86/base/cprintf.hh:150:13:   required from 'void gem5::ccprintf(std::ostream&, const char*, const Args& ...) [with Args = {std::__cxx11::basic_string<char, std::char_traits<char>, std::allocator<char> >, long unsigned int, long unsigned int}; std::ostream = std::basic_ostream<char>]'
build/X86/base/loader/memory_image.hh:169:13:   required from here
build/X86/base/cprintf_formats.hh:245:19: warning: catching polymorphic type 'class std::exception' by value [-Wcatch-value=]
  245 |     } catch (std::exception) {
      |                   ^~~~~~~~~
build/X86/base/cprintf_formats.hh: In instantiation of 'void gem5::cp::_formatString(std::ostream&, const T&, gem5::cp::Format&) [with T = long unsigned int; std::ostream = std::basic_ostream<char>]':
build/X86/base/cprintf_formats.hh:395:18:   required from 'void gem5::cp::formatString(std::ostream&, const T&, gem5::cp::Format&) [with T = long unsigned int; std::ostream = std::basic_ostream<char>]'
build/X86/base/cprintf.hh:115:25:   required from 'void gem5::cp::Print::addArg(const T&) [with T = long unsigned int]'
build/X86/base/cprintf.hh:139:17:   required from 'void gem5::ccprintf(gem5::cp::Print&, const T&, const Args& ...) [with T = long unsigned int; Args = {long unsigned int}]'
build/X86/base/cprintf.hh:150:13:   required from 'void gem5::ccprintf(std::ostream&, const char*, const Args& ...) [with Args = {long unsigned int, long unsigned int}; std::ostream = std::basic_ostream<char>]'
build/X86/arch/generic/pcstate.hh:292:17:   required from here
build/X86/base/cprintf_formats.hh:245:19: warning: catching polymorphic type 'class std::exception' by value [-Wcatch-value=]
build/X86/base/cprintf_formats.hh: In instantiation of 'void gem5::cp::_formatString(std::ostream&, const T&, gem5::cp::Format&) [with T = double; std::ostream = std::basic_ostream<char>]':
build/X86/base/cprintf_formats.hh:395:18:   required from 'void gem5::cp::formatString(std::ostream&, const T&, gem5::cp::Format&) [with T = double; std::ostream = std::basic_ostream<char>]'
build/X86/base/cprintf.hh:115:25:   required from 'void gem5::cp::Print::addArg(const T&) [with T = double]'
build/X86/base/cprintf.hh:139:17:   required from 'void gem5::ccprintf(gem5::cp::Print&, const T&, const Args& ...) [with T = double; Args = {}]'
build/X86/base/cprintf.hh:150:13:   required from 'void gem5::ccprintf(std::ostream&, const char*, const Args& ...) [with Args = {double}; std::ostream = std::basic_ostream<char>]'
build/X86/base/cprintf.hh:164:13:   required from 'std::string gem5::csprintf(const char*, const Args& ...) [with Args = {double}; std::string = std::__cxx11::basic_string<char>]'
build/X86/base/stats/storage.hh:277:13:   required from here
build/X86/base/cprintf_formats.hh:245:19: warning: catching polymorphic type 'class std::exception' by value [-Wcatch-value=]
In file included from build/X86/base/cprintf.hh:38,
                 from build/X86/base/addr_range.hh:50,
                 from build/X86/sim/mem_pool.hh:37,
                 from build/X86/sim/mem_pool.cc:32:
build/X86/base/cprintf_formats.hh: In instantiation of 'void gem5::cp::_formatString(std::ostream&, const T&, gem5::cp::Format&) [with T = unsigned char; std::ostream = std::basic_ostream<char>]':
build/X86/base/cprintf_formats.hh:395:18:   required from 'void gem5::cp::formatString(std::ostream&, const T&, gem5::cp::Format&) [with T = unsigned char; std::ostream = std::basic_ostream<char>]'
build/X86/base/cprintf.hh:115:25:   required from 'void gem5::cp::Print::addArg(const T&) [with T = unsigned char]'
build/X86/base/cprintf.hh:139:17:   required from 'void gem5::ccprintf(gem5::cp::Print&, const T&, const Args& ...) [with T = unsigned char; Args = {long unsigned int}]'
build/X86/base/cprintf.hh:150:13:   required from 'void gem5::ccprintf(std::ostream&, const char*, const Args& ...) [with Args = {unsigned char, long unsigned int}; std::ostream = std::basic_ostream<char>]'
build/X86/base/cprintf.hh:164:13:   required from 'std::string gem5::csprintf(const char*, const Args& ...) [with Args = {unsigned char, long unsigned int}; std::string = std::__cxx11::basic_string<char>]'
build/X86/base/addr_range.hh:189:9:   required from here
build/X86/base/cprintf_formats.hh:245:19: warning: catching polymorphic type 'class std::exception' by value [-Wcatch-value=]
  245 |     } catch (std::exception) {
      |                   ^~~~~~~~~
build/X86/base/cprintf_formats.hh: In instantiation of 'void gem5::cp::_formatString(std::ostream&, const T&, gem5::cp::Format&) [with T = std::__cxx11::basic_string<char>; std::ostream = std::basic_ostream<char>]':
build/X86/base/cprintf_formats.hh:395:18:   required from 'void gem5::cp::formatString(std::ostream&, const T&, gem5::cp::Format&) [with T = std::__cxx11::basic_string<char>; std::ostream = std::basic_ostream<char>]'
build/X86/base/cprintf.hh:115:25:   required from 'void gem5::cp::Print::addArg(const T&) [with T = std::__cxx11::basic_string<char>]'
build/X86/base/cprintf.hh:139:17:   required from 'void gem5::ccprintf(gem5::cp::Print&, const T&, const Args& ...) [with T = std::__cxx11::basic_string<char>; Args = {}]'
build/X86/base/cprintf.hh:150:13:   required from 'void gem5::ccprintf(std::ostream&, const char*, const Args& ...) [with Args = {std::__cxx11::basic_string<char, std::char_traits<char>, std::allocator<char> >}; std::ostream = std::basic_ostream<char>]'
build/X86/base/logging.hh:102:17:   required from 'void gem5::Logger::print(const gem5::Logger::Loc&, const char*, const Args& ...) [with Args = {std::__cxx11::basic_string<char, std::char_traits<char>, std::allocator<char> >}]'
build/X86/base/addr_range.hh:189:9:   required from here
build/X86/base/cprintf_formats.hh:245:19: warning: catching polymorphic type 'class std::exception' by value [-Wcatch-value=]
build/X86/base/cprintf_formats.hh: In instantiation of 'void gem5::cp::_formatString(std::ostream&, const T&, gem5::cp::Format&) [with T = int; std::ostream = std::basic_ostream<char>]':
build/X86/base/cprintf_formats.hh:395:18:   required from 'void gem5::cp::formatString(std::ostream&, const T&, gem5::cp::Format&) [with T = int; std::ostream = std::basic_ostream<char>]'
build/X86/base/cprintf.hh:115:25:   required from 'void gem5::cp::Print::addArg(const T&) [with T = int]'
build/X86/base/cprintf.hh:139:17:   required from 'void gem5::ccprintf(gem5::cp::Print&, const T&, const Args& ...) [with T = int; Args = {}]'
build/X86/base/cprintf.hh:150:13:   required from 'void gem5::ccprintf(std::ostream&, const char*, const Args& ...) [with Args = {int}; std::ostream = std::basic_ostream<char>]'
build/X86/base/cprintf.hh:164:13:   required from 'std::string gem5::csprintf(const char*, const Args& ...) [with Args = {int}; std::string = std::__cxx11::basic_string<char>]'
build/X86/base/addr_range.hh:370:36:   required from here
build/X86/base/cprintf_formats.hh:245:19: warning: catching polymorphic type 'class std::exception' by value [-Wcatch-value=]
build/X86/base/cprintf_formats.hh: In instantiation of 'void gem5::cp::_formatString(std::ostream&, const T&, gem5::cp::Format&) [with T = long unsigned int; std::ostream = std::basic_ostream<char>]':
build/X86/base/cprintf_formats.hh:395:18:   required from 'void gem5::cp::formatString(std::ostream&, const T&, gem5::cp::Format&) [with T = long unsigned int; std::ostream = std::basic_ostream<char>]'
build/X86/base/cprintf.hh:115:25:   required from 'void gem5::cp::Print::addArg(const T&) [with T = long unsigned int]'
build/X86/base/cprintf.hh:139:17:   required from 'void gem5::ccprintf(gem5::cp::Print&, const T&, const Args& ...) [with T = long unsigned int; Args = {long unsigned int, std::__cxx11::basic_string<char, std::char_traits<char>, std::allocator<char> >}]'
build/X86/base/cprintf.hh:150:13:   required from 'void gem5::ccprintf(std::ostream&, const char*, const Args& ...) [with Args = {long unsigned int, long unsigned int, std::__cxx11::basic_string<char, std::char_traits<char>, std::allocator<char> >}; std::ostream = std::basic_ostream<char>]'
build/X86/base/cprintf.hh:164:13:   required from 'std::string gem5::csprintf(const char*, const Args& ...) [with Args = {long unsigned int, long unsigned int, std::__cxx11::basic_string<char, std::char_traits<char>, std::allocator<char> >}; std::string = std::__cxx11::basic_string<char>]'
build/X86/base/addr_range.hh:374:28:   required from here
build/X86/base/cprintf_formats.hh:245:19: warning: catching polymorphic type 'class std::exception' by value [-Wcatch-value=]
build/X86/base/cprintf_formats.hh: In instantiation of 'void gem5::cp::_formatString(std::ostream&, const T&, gem5::cp::Format&) [with T = const char*; std::ostream = std::basic_ostream<char>]':
build/X86/base/cprintf_formats.hh:395:18:   required from 'void gem5::cp::formatString(std::ostream&, const T&, gem5::cp::Format&) [with T = const char*; std::ostream = std::basic_ostream<char>]'
build/X86/base/cprintf.hh:115:25:   required from 'void gem5::cp::Print::addArg(const T&) [with T = const char*]'
build/X86/base/cprintf.hh:139:17:   required from 'void gem5::ccprintf(gem5::cp::Print&, const T&, const Args& ...) [with T = const char*; Args = {}]'
build/X86/base/cprintf.hh:150:13:   required from 'void gem5::ccprintf(std::ostream&, const char*, const Args& ...) [with Args = {const char*}; std::ostream = std::basic_ostream<char>]'
build/X86/base/logging.hh:102:17:   required from 'void gem5::Logger::print(const gem5::Logger::Loc&, const char*, const Args& ...) [with Args = {const char*}]'
build/X86/sim/mem_pool.cc:45:5:   required from here
build/X86/base/cprintf_formats.hh:245:19: warning: catching polymorphic type 'class std::exception' by value [-Wcatch-value=]
build/X86/base/cprintf_formats.hh: In instantiation of 'void gem5::cp::_formatString(std::ostream&, const T&, gem5::cp::Format&) [with T = long int; std::ostream = std::basic_ostream<char>]':
build/X86/base/cprintf_formats.hh:395:18:   required from 'void gem5::cp::formatString(std::ostream&, const T&, gem5::cp::Format&) [with T = long int; std::ostream = std::basic_ostream<char>]'
build/X86/base/cprintf.hh:115:25:   required from 'void gem5::cp::Print::addArg(const T&) [with T = long int]'
build/X86/base/cprintf.hh:139:17:   required from 'void gem5::ccprintf(gem5::cp::Print&, const T&, const Args& ...) [with T = long int; Args = {long unsigned int}]'
build/X86/base/cprintf.hh:150:13:   required from 'void gem5::ccprintf(std::ostream&, const char*, const Args& ...) [with Args = {long int, long unsigned int}; std::ostream = std::basic_ostream<char>]'
build/X86/base/cprintf.hh:164:13:   required from 'std::string gem5::csprintf(const char*, const Args& ...) [with Args = {long int, long unsigned int}; std::string = std::__cxx11::basic_string<char>]'
build/X86/base/addr_range.hh:123:13:   required from 'gem5::AddrRange::AddrRange(gem5::AddrRange::Dummy, Iterator, Iterator) [with Iterator = __gnu_cxx::__normal_iterator<gem5::AddrRange*, std::vector<gem5::AddrRange> >]'
build/X86/base/addr_range.hh:271:58:   required from here
build/X86/base/cprintf_formats.hh:245:19: warning: catching polymorphic type 'class std::exception' by value [-Wcatch-value=]
build/X86/base/cprintf_formats.hh: In instantiation of 'void gem5::cp::_formatString(std::ostream&, const T&, gem5::cp::Format&) [with T = unsigned int; std::ostream = std::basic_ostream<char>]':
build/X86/base/cprintf_formats.hh:395:18:   required from 'void gem5::cp::formatString(std::ostream&, const T&, gem5::cp::Format&) [with T = unsigned int; std::ostream = std::basic_ostream<char>]'
build/X86/base/cprintf.hh:115:25:   required from 'void gem5::cp::Print::addArg(const T&) [with T = unsigned int]'
build/X86/base/cprintf.hh:139:17:   required from 'void gem5::ccprintf(gem5::cp::Print&, const T&, const Args& ...) [with T = unsigned int; Args = {}]'
build/X86/base/cprintf.hh:150:13:   required from 'void gem5::ccprintf(std::ostream&, const char*, const Args& ...) [with Args = {unsigned int}; std::ostream = std::basic_ostream<char>]'
build/X86/base/cprintf.hh:164:13:   required from 'std::string gem5::csprintf(const char*, const Args& ...) [with Args = {unsigned int}; std::string = std::__cxx11::basic_string<char>]'
build/X86/arch/x86/regs/misc.hh:909:13:   required from here
build/X86/base/cprintf_formats.hh:245:19: warning: catching polymorphic type 'class std::exception' by value [-Wcatch-value=]
build/X86/base/cprintf_formats.hh: In instantiation of 'void gem5::cp::_formatString(std::ostream&, const T&, gem5::cp::Format&) [with T = unsigned char; std::ostream = std::basic_ostream<char>]':
build/X86/base/cprintf_formats.hh:395:18:   required from 'void gem5::cp::formatString(std::ostream&, const T&, gem5::cp::Format&) [with T = unsigned char; std::ostream = std::basic_ostream<char>]'
build/X86/base/cprintf.hh:115:25:   required from 'void gem5::cp::Print::addArg(const T&) [with T = unsigned char]'
build/X86/base/cprintf.hh:139:17:   required from 'void gem5::ccprintf(gem5::cp::Print&, const T&, const Args& ...) [with T = unsigned char; Args = {long unsigned int}]'
build/X86/base/cprintf.hh:150:13:   required from 'void gem5::ccprintf(std::ostream&, const char*, const Args& ...) [with Args = {unsigned char, long unsigned int}; std::ostream = std::basic_ostream<char>]'
build/X86/base/cprintf.hh:164:13:   required from 'std::string gem5::csprintf(const char*, const Args& ...) [with Args = {unsigned char, long unsigned int}; std::string = std::__cxx11::basic_string<char>]'
build/X86/base/addr_range.hh:189:9:   required from here
build/X86/base/cprintf_formats.hh:245:19: warning: catching polymorphic type 'class std::exception' by value [-Wcatch-value=]
build/X86/base/cprintf_formats.hh: In instantiation of 'void gem5::cp::_formatString(std::ostream&, const T&, gem5::cp::Format&) [with T = int; std::ostream = std::basic_ostream<char>]':
build/X86/base/cprintf_formats.hh:395:18:   required from 'void gem5::cp::formatString(std::ostream&, const T&, gem5::cp::Format&) [with T = int; std::ostream = std::basic_ostream<char>]'
build/X86/base/cprintf.hh:115:25:   required from 'void gem5::cp::Print::addArg(const T&) [with T = int]'
build/X86/base/cprintf.hh:139:17:   required from 'void gem5::ccprintf(gem5::cp::Print&, const T&, const Args& ...) [with T = int; Args = {}]'
build/X86/base/cprintf.hh:150:13:   required from 'void gem5::ccprintf(std::ostream&, const char*, const Args& ...) [with Args = {int}; std::ostream = std::basic_ostream<char>]'
build/X86/base/cprintf.hh:164:13:   required from 'std::string gem5::csprintf(const char*, const Args& ...) [with Args = {int}; std::string = std::__cxx11::basic_string<char>]'
build/X86/base/addr_range.hh:370:36:   required from here
build/X86/base/cprintf_formats.hh:245:19: warning: catching polymorphic type 'class std::exception' by value [-Wcatch-value=]
build/X86/base/cprintf_formats.hh: In instantiation of 'void gem5::cp::_formatString(std::ostream&, const T&, gem5::cp::Format&) [with T = long int; std::ostream = std::basic_ostream<char>]':
build/X86/base/cprintf_formats.hh:395:18:   required from 'void gem5::cp::formatString(std::ostream&, const T&, gem5::cp::Format&) [with T = long int; std::ostream = std::basic_ostream<char>]'
build/X86/base/cprintf.hh:115:25:   required from 'void gem5::cp::Print::addArg(const T&) [with T = long int]'
build/X86/base/cprintf.hh:139:17:   required from 'void gem5::ccprintf(gem5::cp::Print&, const T&, const Args& ...) [with T = long int; Args = {long unsigned int}]'
build/X86/base/cprintf.hh:150:13:   required from 'void gem5::ccprintf(std::ostream&, const char*, const Args& ...) [with Args = {long int, long unsigned int}; std::ostream = std::basic_ostream<char>]'
build/X86/base/cprintf.hh:164:13:   required from 'std::string gem5::csprintf(const char*, const Args& ...) [with Args = {long int, long unsigned int}; std::string = std::__cxx11::basic_string<char>]'
build/X86/base/addr_range.hh:123:13:   required from 'gem5::AddrRange::AddrRange(gem5::AddrRange::Dummy, Iterator, Iterator) [with Iterator = __gnu_cxx::__normal_iterator<gem5::AddrRange*, std::vector<gem5::AddrRange> >]'
build/X86/base/addr_range.hh:271:58:   required from here
build/X86/base/cprintf_formats.hh:245:19: warning: catching polymorphic type 'class std::exception' by value [-Wcatch-value=]
build/X86/base/cprintf_formats.hh: In instantiation of 'void gem5::cp::_formatString(std::ostream&, const T&, gem5::cp::Format&) [with T = const char*; std::ostream = std::basic_ostream<char>]':
build/X86/base/cprintf_formats.hh:395:18:   required from 'void gem5::cp::formatString(std::ostream&, const T&, gem5::cp::Format&) [with T = const char*; std::ostream = std::basic_ostream<char>]'
build/X86/base/cprintf.hh:115:25:   required from 'void gem5::cp::Print::addArg(const T&) [with T = const char*]'
build/X86/base/cprintf.hh:139:17:   required from 'void gem5::ccprintf(gem5::cp::Print&, const T&, const Args& ...) [with T = const char*; Args = {std::__cxx11::basic_string<char, std::char_traits<char>, std::allocator<char> >}]'
build/X86/base/cprintf.hh:150:13:   required from 'void gem5::ccprintf(std::ostream&, const char*, const Args& ...) [with Args = {const char*, std::__cxx11::basic_string<char, std::char_traits<char>, std::allocator<char> >}; std::ostream = std::basic_ostream<char>]'
build/X86/base/cprintf.hh:164:13:   required from 'std::string gem5::csprintf(const char*, const Args& ...) [with Args = {const char*, std::__cxx11::basic_string<char, std::char_traits<char>, std::allocator<char> >}; std::string = std::__cxx11::basic_string<char>]'
build/X86/base/statistics.hh:278:13:   required from 'gem5::statistics::DataWrap<Derived, InfoProxyType>::DataWrap(gem5::statistics::Group*, const char*, const gem5::statistics::units::Base*, const char*) [with Derived = gem5::statistics::Scalar; InfoProxyType = gem5::statistics::ScalarInfoProxy]'
build/X86/base/statistics.hh:565:70:   required from 'gem5::statistics::ScalarBase<Derived, Stor>::ScalarBase(gem5::statistics::Group*, const char*, const gem5::statistics::units::Base*, const char*) [with Derived = gem5::statistics::Scalar; Stor = gem5::statistics::StatStor]'
build/X86/base/statistics.hh:1937:68:   required from here
build/X86/base/cprintf_formats.hh:245:19: warning: catching polymorphic type 'class std::exception' by value [-Wcatch-value=]
